<?xml version="1.0" encoding="ISO-8859-1" ?>
<link_info>
   <banner>TI ARM Linker PC v20.2.7.LTS</banner>
   <copyright>Copyright (c) 1996-2018 Texas Instruments Incorporated</copyright>
   <link_time>0x64c61c07</link_time>
   <link_errors>0x0</link_errors>
   <output_file>AAA_car.out</output_file>
   <entry_point>
      <name>_c_int00_noargs</name>
      <address>0x1e2d</address>
   </entry_point>
   <input_file_list>
      <input_file id="fl-2">
         <path>.\</path>
         <kind>object</kind>
         <file>main.obj</file>
         <name>main.obj</name>
      </input_file>
      <input_file id="fl-3">
         <path>.\</path>
         <kind>object</kind>
         <file>system_msp432e401y.obj</file>
         <name>system_msp432e401y.obj</name>
      </input_file>
      <input_file id="fl-4">
         <path>.\Hardware\</path>
         <kind>object</kind>
         <file>ADC.obj</file>
         <name>ADC.obj</name>
      </input_file>
      <input_file id="fl-5">
         <path>.\Hardware\</path>
         <kind>object</kind>
         <file>DCMotor.obj</file>
         <name>DCMotor.obj</name>
      </input_file>
      <input_file id="fl-6">
         <path>.\Hardware\</path>
         <kind>object</kind>
         <file>Encoder.obj</file>
         <name>Encoder.obj</name>
      </input_file>
      <input_file id="fl-7">
         <path>.\Hardware\</path>
         <kind>object</kind>
         <file>Key.obj</file>
         <name>Key.obj</name>
      </input_file>
      <input_file id="fl-8">
         <path>.\Hardware\</path>
         <kind>object</kind>
         <file>OLED.obj</file>
         <name>OLED.obj</name>
      </input_file>
      <input_file id="fl-9">
         <path>.\Hardware\</path>
         <kind>object</kind>
         <file>Sevor.obj</file>
         <name>Sevor.obj</name>
      </input_file>
      <input_file id="fl-a">
         <path>.\Hardware\</path>
         <kind>object</kind>
         <file>_UART.obj</file>
         <name>_UART.obj</name>
      </input_file>
      <input_file id="fl-b">
         <path>.\System\</path>
         <kind>object</kind>
         <file>Motor_Con.obj</file>
         <name>Motor_Con.obj</name>
      </input_file>
      <input_file id="fl-c">
         <path>.\System\</path>
         <kind>object</kind>
         <file>Timer.obj</file>
         <name>Timer.obj</name>
      </input_file>
      <input_file id="fl-d">
         <path>.\ccs\</path>
         <kind>object</kind>
         <file>startup_msp432e401y_ccs.obj</file>
         <name>startup_msp432e401y_ccs.obj</name>
      </input_file>
      <input_file id="fl-17">
         <kind>object</kind>
         <file>&lt;internal&gt;</file>
         <name>&lt;internal&gt;</name>
      </input_file>
      <input_file id="fl-18">
         <path>D:\TI\simplelink_msp432e4_sdk_3_40_01_02\source\ti\devices\msp432e4\driverlib\lib\ccs\m4f\</path>
         <kind>archive</kind>
         <file>msp432e4_driverlib.a</file>
         <name>adc.o</name>
      </input_file>
      <input_file id="fl-19">
         <path>D:\TI\simplelink_msp432e4_sdk_3_40_01_02\source\ti\devices\msp432e4\driverlib\lib\ccs\m4f\</path>
         <kind>archive</kind>
         <file>msp432e4_driverlib.a</file>
         <name>gpio.o</name>
      </input_file>
      <input_file id="fl-1a">
         <path>D:\TI\simplelink_msp432e4_sdk_3_40_01_02\source\ti\devices\msp432e4\driverlib\lib\ccs\m4f\</path>
         <kind>archive</kind>
         <file>msp432e4_driverlib.a</file>
         <name>interrupt.o</name>
      </input_file>
      <input_file id="fl-1b">
         <path>D:\TI\simplelink_msp432e4_sdk_3_40_01_02\source\ti\devices\msp432e4\driverlib\lib\ccs\m4f\</path>
         <kind>archive</kind>
         <file>msp432e4_driverlib.a</file>
         <name>sysctl.o</name>
      </input_file>
      <input_file id="fl-1c">
         <path>D:\TI\simplelink_msp432e4_sdk_3_40_01_02\source\ti\devices\msp432e4\driverlib\lib\ccs\m4f\</path>
         <kind>archive</kind>
         <file>msp432e4_driverlib.a</file>
         <name>timer.o</name>
      </input_file>
      <input_file id="fl-1d">
         <path>D:\TI\simplelink_msp432e4_sdk_3_40_01_02\source\ti\devices\msp432e4\driverlib\lib\ccs\m4f\</path>
         <kind>archive</kind>
         <file>msp432e4_driverlib.a</file>
         <name>uart.o</name>
      </input_file>
      <input_file id="fl-1e">
         <path>D:\TI\simplelink_msp432e4_sdk_3_40_01_02\source\ti\devices\msp432e4\driverlib\lib\ccs\m4f\</path>
         <kind>archive</kind>
         <file>msp432e4_driverlib.a</file>
         <name>cpu.o</name>
      </input_file>
      <input_file id="fl-d4">
         <path>D:\ti_IDE\ccs\tools\compiler\ti-cgt-arm_20.2.7.LTS\lib\</path>
         <kind>archive</kind>
         <file>rtsv7M4_T_le_v4SPD16_eabi.lib</file>
         <name>fd_add_t2.asm.obj</name>
      </input_file>
      <input_file id="fl-d5">
         <path>D:\ti_IDE\ccs\tools\compiler\ti-cgt-arm_20.2.7.LTS\lib\</path>
         <kind>archive</kind>
         <file>rtsv7M4_T_le_v4SPD16_eabi.lib</file>
         <name>fd_cmp_t2.asm.obj</name>
      </input_file>
      <input_file id="fl-d6">
         <path>D:\ti_IDE\ccs\tools\compiler\ti-cgt-arm_20.2.7.LTS\lib\</path>
         <kind>archive</kind>
         <file>rtsv7M4_T_le_v4SPD16_eabi.lib</file>
         <name>fd_div_t2.asm.obj</name>
      </input_file>
      <input_file id="fl-d7">
         <path>D:\ti_IDE\ccs\tools\compiler\ti-cgt-arm_20.2.7.LTS\lib\</path>
         <kind>archive</kind>
         <file>rtsv7M4_T_le_v4SPD16_eabi.lib</file>
         <name>fd_mul_t2.asm.obj</name>
      </input_file>
      <input_file id="fl-d8">
         <path>D:\ti_IDE\ccs\tools\compiler\ti-cgt-arm_20.2.7.LTS\lib\</path>
         <kind>archive</kind>
         <file>rtsv7M4_T_le_v4SPD16_eabi.lib</file>
         <name>fd_tos_t2.asm.obj</name>
      </input_file>
      <input_file id="fl-d9">
         <path>D:\ti_IDE\ccs\tools\compiler\ti-cgt-arm_20.2.7.LTS\lib\</path>
         <kind>archive</kind>
         <file>rtsv7M4_T_le_v4SPD16_eabi.lib</file>
         <name>fd_tou_t2.asm.obj</name>
      </input_file>
      <input_file id="fl-da">
         <path>D:\ti_IDE\ccs\tools\compiler\ti-cgt-arm_20.2.7.LTS\lib\</path>
         <kind>archive</kind>
         <file>rtsv7M4_T_le_v4SPD16_eabi.lib</file>
         <name>fs_tod_t2.asm.obj</name>
      </input_file>
      <input_file id="fl-db">
         <path>D:\ti_IDE\ccs\tools\compiler\ti-cgt-arm_20.2.7.LTS\lib\</path>
         <kind>archive</kind>
         <file>rtsv7M4_T_le_v4SPD16_eabi.lib</file>
         <name>u_tofd_t2.asm.obj</name>
      </input_file>
      <input_file id="fl-dc">
         <path>D:\ti_IDE\ccs\tools\compiler\ti-cgt-arm_20.2.7.LTS\lib\</path>
         <kind>archive</kind>
         <file>rtsv7M4_T_le_v4SPD16_eabi.lib</file>
         <name>copy_zero_init.c.obj</name>
      </input_file>
      <input_file id="fl-dd">
         <path>D:\ti_IDE\ccs\tools\compiler\ti-cgt-arm_20.2.7.LTS\lib\</path>
         <kind>archive</kind>
         <file>rtsv7M4_T_le_v4SPD16_eabi.lib</file>
         <name>copy_decompress_none.c.obj</name>
      </input_file>
      <input_file id="fl-de">
         <path>D:\ti_IDE\ccs\tools\compiler\ti-cgt-arm_20.2.7.LTS\lib\</path>
         <kind>archive</kind>
         <file>rtsv7M4_T_le_v4SPD16_eabi.lib</file>
         <name>copy_decompress_lzss.c.obj</name>
      </input_file>
      <input_file id="fl-df">
         <path>D:\ti_IDE\ccs\tools\compiler\ti-cgt-arm_20.2.7.LTS\lib\</path>
         <kind>archive</kind>
         <file>rtsv7M4_T_le_v4SPD16_eabi.lib</file>
         <name>boot_cortex_m.c.obj</name>
      </input_file>
      <input_file id="fl-e0">
         <path>D:\ti_IDE\ccs\tools\compiler\ti-cgt-arm_20.2.7.LTS\lib\</path>
         <kind>archive</kind>
         <file>rtsv7M4_T_le_v4SPD16_eabi.lib</file>
         <name>memcpy_t2.asm.obj</name>
      </input_file>
      <input_file id="fl-e1">
         <path>D:\ti_IDE\ccs\tools\compiler\ti-cgt-arm_20.2.7.LTS\lib\</path>
         <kind>archive</kind>
         <file>rtsv7M4_T_le_v4SPD16_eabi.lib</file>
         <name>memset_t2.asm.obj</name>
      </input_file>
      <input_file id="fl-e2">
         <path>D:\ti_IDE\ccs\tools\compiler\ti-cgt-arm_20.2.7.LTS\lib\</path>
         <kind>archive</kind>
         <file>rtsv7M4_T_le_v4SPD16_eabi.lib</file>
         <name>autoinit.c.obj</name>
      </input_file>
      <input_file id="fl-e3">
         <path>D:\ti_IDE\ccs\tools\compiler\ti-cgt-arm_20.2.7.LTS\lib\</path>
         <kind>archive</kind>
         <file>rtsv7M4_T_le_v4SPD16_eabi.lib</file>
         <name>pre_init.c.obj</name>
      </input_file>
      <input_file id="fl-e4">
         <path>D:\ti_IDE\ccs\tools\compiler\ti-cgt-arm_20.2.7.LTS\lib\</path>
         <kind>archive</kind>
         <file>rtsv7M4_T_le_v4SPD16_eabi.lib</file>
         <name>cpy_tbl.c.obj</name>
      </input_file>
      <input_file id="fl-e5">
         <path>D:\ti_IDE\ccs\tools\compiler\ti-cgt-arm_20.2.7.LTS\lib\</path>
         <kind>archive</kind>
         <file>rtsv7M4_T_le_v4SPD16_eabi.lib</file>
         <name>exit.c.obj</name>
      </input_file>
      <input_file id="fl-e6">
         <path>D:\ti_IDE\ccs\tools\compiler\ti-cgt-arm_20.2.7.LTS\lib\</path>
         <kind>archive</kind>
         <file>rtsv7M4_T_le_v4SPD16_eabi.lib</file>
         <name>_lock.c.obj</name>
      </input_file>
      <input_file id="fl-e7">
         <path>D:\ti_IDE\ccs\tools\compiler\ti-cgt-arm_20.2.7.LTS\lib\</path>
         <kind>archive</kind>
         <file>rtsv7M4_T_le_v4SPD16_eabi.lib</file>
         <name>args_main.c.obj</name>
      </input_file>
   </input_file_list>
   <object_component_list>
      <object_component id="oc-12">
         <name>.intvecs:retain</name>
         <load_address>0x0</load_address>
         <run_address>0x0</run_address>
         <size>0x208</size>
         <input_file_ref idref="fl-d"/>
      </object_component>
      <object_component id="oc-166">
         <name>.text:SysCtlClockFreqSet</name>
         <load_address>0x208</load_address>
         <run_address>0x208</run_address>
         <size>0x2e0</size>
         <input_file_ref idref="fl-1b"/>
      </object_component>
      <object_component id="oc-19c">
         <name>.text:ADC_Configuration</name>
         <load_address>0x4e8</load_address>
         <run_address>0x4e8</run_address>
         <size>0x220</size>
         <input_file_ref idref="fl-4"/>
      </object_component>
      <object_component id="oc-261">
         <name>.text</name>
         <load_address>0x708</load_address>
         <run_address>0x708</run_address>
         <size>0x1b6</size>
         <input_file_ref idref="fl-d4"/>
      </object_component>
      <object_component id="oc-2d">
         <name>.text:Default_Handler</name>
         <load_address>0x8be</load_address>
         <run_address>0x8be</run_address>
         <size>0x2</size>
         <input_file_ref idref="fl-d"/>
      </object_component>
      <object_component id="oc-16c">
         <name>.text:OLED_Init</name>
         <load_address>0x8c0</load_address>
         <run_address>0x8c0</run_address>
         <size>0x13c</size>
         <input_file_ref idref="fl-8"/>
      </object_component>
      <object_component id="oc-25c">
         <name>.text</name>
         <load_address>0x9fc</load_address>
         <run_address>0x9fc</run_address>
         <size>0x136</size>
         <input_file_ref idref="fl-d6"/>
      </object_component>
      <object_component id="oc-1a2">
         <name>.text:Encode_Init</name>
         <load_address>0xb34</load_address>
         <run_address>0xb34</run_address>
         <size>0x104</size>
         <input_file_ref idref="fl-6"/>
      </object_component>
      <object_component id="oc-257">
         <name>.text</name>
         <load_address>0xc38</load_address>
         <run_address>0xc38</run_address>
         <size>0xfc</size>
         <input_file_ref idref="fl-d7"/>
      </object_component>
      <object_component id="oc-172">
         <name>.text:PWM0_1_Init</name>
         <load_address>0xd34</load_address>
         <run_address>0xd34</run_address>
         <size>0xf4</size>
         <input_file_ref idref="fl-9"/>
      </object_component>
      <object_component id="oc-248">
         <name>.text:ADCSequenceStepConfigure</name>
         <load_address>0xe28</load_address>
         <run_address>0xe28</run_address>
         <size>0xee</size>
         <input_file_ref idref="fl-18"/>
      </object_component>
      <object_component id="oc-196">
         <name>.text:TIM01_Init</name>
         <load_address>0xf18</load_address>
         <run_address>0xf18</run_address>
         <size>0xec</size>
         <input_file_ref idref="fl-c"/>
      </object_component>
      <object_component id="oc-17e">
         <name>.text:PWM2_3_Init</name>
         <load_address>0x1004</load_address>
         <run_address>0x1004</run_address>
         <size>0xe4</size>
         <input_file_ref idref="fl-5"/>
      </object_component>
      <object_component id="oc-45">
         <name>.text:UART2_IRQHandler</name>
         <load_address>0x10e8</load_address>
         <run_address>0x10e8</run_address>
         <size>0xe0</size>
         <input_file_ref idref="fl-a"/>
      </object_component>
      <object_component id="oc-1ae">
         <name>.text:OLED_ShowChar</name>
         <load_address>0x11c8</load_address>
         <run_address>0x11c8</run_address>
         <size>0xd0</size>
         <input_file_ref idref="fl-8"/>
      </object_component>
      <object_component id="oc-4b">
         <name>.text:UART6_IRQHandler</name>
         <load_address>0x1298</load_address>
         <run_address>0x1298</run_address>
         <size>0xc0</size>
         <input_file_ref idref="fl-2"/>
      </object_component>
      <object_component id="oc-2f9">
         <name>.text:Write_IIC_Byte</name>
         <load_address>0x1358</load_address>
         <run_address>0x1358</run_address>
         <size>0xb0</size>
         <input_file_ref idref="fl-8"/>
      </object_component>
      <object_component id="oc-5f">
         <name>.text</name>
         <load_address>0x1408</load_address>
         <run_address>0x1408</run_address>
         <size>0x9c</size>
         <input_file_ref idref="fl-e0"/>
      </object_component>
      <object_component id="oc-39">
         <name>.text:TIMER0A_IRQHandler</name>
         <load_address>0x14a4</load_address>
         <run_address>0x14a4</run_address>
         <size>0x90</size>
         <input_file_ref idref="fl-2"/>
      </object_component>
      <object_component id="oc-206">
         <name>.text:_SysCtlFrequencyGet</name>
         <load_address>0x1534</load_address>
         <run_address>0x1534</run_address>
         <size>0x90</size>
         <input_file_ref idref="fl-1b"/>
      </object_component>
      <object_component id="oc-1a8">
         <name>.text:Set_PWM_Value_Angle</name>
         <load_address>0x15c4</load_address>
         <run_address>0x15c4</run_address>
         <size>0x8c</size>
         <input_file_ref idref="fl-9"/>
      </object_component>
      <object_component id="oc-13d">
         <name>.text:__aeabi_cdrcmple</name>
         <load_address>0x1650</load_address>
         <run_address>0x1650</run_address>
         <size>0x86</size>
         <input_file_ref idref="fl-d5"/>
      </object_component>
      <object_component id="oc-f1">
         <name>.text</name>
         <load_address>0x16d6</load_address>
         <run_address>0x16d6</run_address>
         <size>0x7a</size>
         <input_file_ref idref="fl-e1"/>
      </object_component>
      <object_component id="oc-fd">
         <name>.text:main</name>
         <load_address>0x1750</load_address>
         <run_address>0x1750</run_address>
         <size>0x74</size>
         <input_file_ref idref="fl-2"/>
      </object_component>
      <object_component id="oc-178">
         <name>.text:Key_Init</name>
         <load_address>0x17c4</load_address>
         <run_address>0x17c4</run_address>
         <size>0x70</size>
         <input_file_ref idref="fl-7"/>
      </object_component>
      <object_component id="oc-266">
         <name>.text</name>
         <load_address>0x1834</load_address>
         <run_address>0x1834</run_address>
         <size>0x6e</size>
         <input_file_ref idref="fl-d8"/>
      </object_component>
      <object_component id="oc-22e">
         <name>.text:OLED_Clear</name>
         <load_address>0x18a2</load_address>
         <run_address>0x18a2</run_address>
         <size>0x6a</size>
         <input_file_ref idref="fl-8"/>
      </object_component>
      <object_component id="oc-184">
         <name>.text:Out_GPIO_Init</name>
         <load_address>0x190c</load_address>
         <run_address>0x190c</run_address>
         <size>0x68</size>
         <input_file_ref idref="fl-5"/>
      </object_component>
      <object_component id="oc-15">
         <name>.text:decompress:lzss:__TI_decompress_lzss</name>
         <load_address>0x1974</load_address>
         <run_address>0x1974</run_address>
         <size>0x68</size>
         <input_file_ref idref="fl-de"/>
      </object_component>
      <object_component id="oc-33">
         <name>.text:ADC0SS2_IRQHandler</name>
         <load_address>0x19dc</load_address>
         <run_address>0x19dc</run_address>
         <size>0x64</size>
         <input_file_ref idref="fl-4"/>
      </object_component>
      <object_component id="oc-ab">
         <name>.text:Control_Mode1</name>
         <load_address>0x1a40</load_address>
         <run_address>0x1a40</run_address>
         <size>0x64</size>
         <input_file_ref idref="fl-b"/>
      </object_component>
      <object_component id="oc-24e">
         <name>.text:TimerControlTrigger</name>
         <load_address>0x1aa4</load_address>
         <run_address>0x1aa4</run_address>
         <size>0x60</size>
         <input_file_ref idref="fl-1c"/>
      </object_component>
      <object_component id="oc-2f3">
         <name>.text:IIC_Start</name>
         <load_address>0x1b04</load_address>
         <run_address>0x1b04</run_address>
         <size>0x4c</size>
         <input_file_ref idref="fl-8"/>
      </object_component>
      <object_component id="oc-b7">
         <name>.text:Set_PWM_Value</name>
         <load_address>0x1b50</load_address>
         <run_address>0x1b50</run_address>
         <size>0x4c</size>
         <input_file_ref idref="fl-5"/>
      </object_component>
      <object_component id="oc-3f">
         <name>.text:TIMER1A_IRQHandler</name>
         <load_address>0x1b9c</load_address>
         <run_address>0x1b9c</run_address>
         <size>0x4c</size>
         <input_file_ref idref="fl-2"/>
      </object_component>
      <object_component id="oc-b1">
         <name>.text:xianfu</name>
         <load_address>0x1be8</load_address>
         <run_address>0x1be8</run_address>
         <size>0x4c</size>
         <input_file_ref idref="fl-2"/>
      </object_component>
      <object_component id="oc-21c">
         <name>.text:SysCtlPeripheralReady</name>
         <load_address>0x1c34</load_address>
         <run_address>0x1c34</run_address>
         <size>0x44</size>
         <input_file_ref idref="fl-1b"/>
      </object_component>
      <object_component id="oc-200">
         <name>.text:_SysCtlMemTimingGet</name>
         <load_address>0x1c78</load_address>
         <run_address>0x1c78</run_address>
         <size>0x44</size>
         <input_file_ref idref="fl-1b"/>
      </object_component>
      <object_component id="oc-1c2">
         <name>.text:__TI_auto_init_nobinit_nopinit:__TI_auto_init_nobinit_nopinit</name>
         <load_address>0x1cbc</load_address>
         <run_address>0x1cbc</run_address>
         <size>0x44</size>
         <input_file_ref idref="fl-e2"/>
      </object_component>
      <object_component id="oc-234">
         <name>.text:OLED_Set_Pos</name>
         <load_address>0x1d00</load_address>
         <run_address>0x1d00</run_address>
         <size>0x40</size>
         <input_file_ref idref="fl-8"/>
      </object_component>
      <object_component id="oc-216">
         <name>.text:SysCtlPeripheralEnable</name>
         <load_address>0x1d40</load_address>
         <run_address>0x1d40</run_address>
         <size>0x40</size>
         <input_file_ref idref="fl-1b"/>
      </object_component>
      <object_component id="oc-305">
         <name>.text:IIC_Stop</name>
         <load_address>0x1d80</load_address>
         <run_address>0x1d80</run_address>
         <size>0x3c</size>
         <input_file_ref idref="fl-8"/>
      </object_component>
      <object_component id="oc-c7">
         <name>.text:Get_Speed</name>
         <load_address>0x1dbc</load_address>
         <run_address>0x1dbc</run_address>
         <size>0x38</size>
         <input_file_ref idref="fl-6"/>
      </object_component>
      <object_component id="oc-138">
         <name>.text</name>
         <load_address>0x1df4</load_address>
         <run_address>0x1df4</run_address>
         <size>0x38</size>
         <input_file_ref idref="fl-da"/>
      </object_component>
      <object_component id="oc-7d">
         <name>.text:_c_int00_noargs:_c_int00_noargs</name>
         <load_address>0x1e2c</load_address>
         <run_address>0x1e2c</run_address>
         <size>0x34</size>
         <input_file_ref idref="fl-df"/>
      </object_component>
      <object_component id="oc-2ab">
         <name>.text:Write_IIC_Command</name>
         <load_address>0x1e60</load_address>
         <run_address>0x1e60</run_address>
         <size>0x30</size>
         <input_file_ref idref="fl-8"/>
      </object_component>
      <object_component id="oc-2a5">
         <name>.text:Write_IIC_Data</name>
         <load_address>0x1e90</load_address>
         <run_address>0x1e90</run_address>
         <size>0x30</size>
         <input_file_ref idref="fl-8"/>
      </object_component>
      <object_component id="oc-2ff">
         <name>.text:IIC_Wait_Ack</name>
         <load_address>0x1ec0</load_address>
         <run_address>0x1ec0</run_address>
         <size>0x2c</size>
         <input_file_ref idref="fl-8"/>
      </object_component>
      <object_component id="oc-241">
         <name>.text:TimerPrescaleSet</name>
         <load_address>0x1eec</load_address>
         <run_address>0x1eec</run_address>
         <size>0x2a</size>
         <input_file_ref idref="fl-1c"/>
      </object_component>
      <object_component id="oc-228">
         <name>.text:OLED_WR_Byte</name>
         <load_address>0x1f16</load_address>
         <run_address>0x1f16</run_address>
         <size>0x24</size>
         <input_file_ref idref="fl-8"/>
      </object_component>
      <object_component id="oc-222">
         <name>.text:GPIOPinWrite</name>
         <load_address>0x1f3a</load_address>
         <run_address>0x1f3a</run_address>
         <size>0x20</size>
         <input_file_ref idref="fl-19"/>
      </object_component>
      <object_component id="oc-91">
         <name>.text:SystemInit</name>
         <load_address>0x1f5c</load_address>
         <run_address>0x1f5c</run_address>
         <size>0x20</size>
         <input_file_ref idref="fl-3"/>
      </object_component>
      <object_component id="oc-14f">
         <name>.text:TimerValueGet</name>
         <load_address>0x1f7c</load_address>
         <run_address>0x1f7c</run_address>
         <size>0x1c</size>
         <input_file_ref idref="fl-1c"/>
      </object_component>
      <object_component id="oc-18a">
         <name>.text:corotation_1</name>
         <load_address>0x1f98</load_address>
         <run_address>0x1f98</run_address>
         <size>0x1c</size>
         <input_file_ref idref="fl-5"/>
      </object_component>
      <object_component id="oc-190">
         <name>.text:corotation_2</name>
         <load_address>0x1fb4</load_address>
         <run_address>0x1fb4</run_address>
         <size>0x1c</size>
         <input_file_ref idref="fl-5"/>
      </object_component>
      <object_component id="oc-99">
         <name>.text:ADCIntClearEx</name>
         <load_address>0x1fd0</load_address>
         <run_address>0x1fd0</run_address>
         <size>0x12</size>
         <input_file_ref idref="fl-18"/>
      </object_component>
      <object_component id="oc-1b">
         <name>.text:decompress:none:__TI_decompress_none</name>
         <load_address>0x1fe2</load_address>
         <run_address>0x1fe2</run_address>
         <size>0xe</size>
         <input_file_ref idref="fl-dd"/>
      </object_component>
      <object_component id="oc-27">
         <name>.text:Reset_Handler</name>
         <load_address>0x1ff0</load_address>
         <run_address>0x1ff0</run_address>
         <size>0xc</size>
         <input_file_ref idref="fl-d"/>
      </object_component>
      <object_component id="oc-71">
         <name>.text:decompress:ZI:__TI_zero_init</name>
         <load_address>0x1ffc</load_address>
         <run_address>0x1ffc</run_address>
         <size>0xc</size>
         <input_file_ref idref="fl-dc"/>
      </object_component>
      <object_component id="oc-d0">
         <name>.text:SysCtlDelay</name>
         <load_address>0x2008</load_address>
         <run_address>0x2008</run_address>
         <size>0x6</size>
         <input_file_ref idref="fl-1b"/>
      </object_component>
      <object_component id="oc-f7">
         <name>.text:_system_pre_init</name>
         <load_address>0x200e</load_address>
         <run_address>0x200e</run_address>
         <size>0x4</size>
         <input_file_ref idref="fl-e3"/>
      </object_component>
      <object_component id="oc-1b6">
         <name>.text:abort:abort</name>
         <load_address>0x2012</load_address>
         <run_address>0x2012</run_address>
         <size>0x4</size>
         <input_file_ref idref="fl-e5"/>
      </object_component>
      <object_component id="oc-26c">
         <name>.const:.string:F8X16</name>
         <load_address>0x2018</load_address>
         <run_address>0x2018</run_address>
         <size>0x5f0</size>
         <input_file_ref idref="fl-8"/>
      </object_component>
      <object_component id="oc-212">
         <name>.const:g_pppui32XTALtoVCO</name>
         <load_address>0x2608</load_address>
         <run_address>0x2608</run_address>
         <size>0x1b0</size>
         <input_file_ref idref="fl-1b"/>
      </object_component>
      <object_component id="oc-291">
         <name>.const:g_sXTALtoMEMTIM</name>
         <load_address>0x27b8</load_address>
         <run_address>0x27b8</run_address>
         <size>0x30</size>
         <input_file_ref idref="fl-1b"/>
      </object_component>
      <object_component id="oc-20c">
         <name>.const:g_pui32Xtals</name>
         <load_address>0x27e8</load_address>
         <run_address>0x27e8</run_address>
         <size>0x28</size>
         <input_file_ref idref="fl-1b"/>
      </object_component>
      <object_component id="oc-20f">
         <name>.const:g_pui32VCOFrequencies</name>
         <load_address>0x2810</load_address>
         <run_address>0x2810</run_address>
         <size>0x8</size>
         <input_file_ref idref="fl-1b"/>
      </object_component>
      <object_component id="oc-34d">
         <name>.cinit..data.load</name>
         <load_address>0x2818</load_address>
         <run_address>0x2818</run_address>
         <size>0x11</size>
      </object_component>
      <object_component id="oc-34b">
         <name>__TI_handler_table</name>
         <load_address>0x282c</load_address>
         <run_address>0x282c</run_address>
         <size>0xc</size>
      </object_component>
      <object_component id="oc-34e">
         <name>.cinit..bss.load</name>
         <load_address>0x2838</load_address>
         <run_address>0x2838</run_address>
         <size>0x8</size>
      </object_component>
      <object_component id="oc-34c">
         <name>__TI_cinit_table</name>
         <load_address>0x2840</load_address>
         <run_address>0x2840</run_address>
         <size>0x10</size>
      </object_component>
      <object_component id="oc-bd">
         <name>.data</name>
         <load_address>0x20000634</load_address>
         <run_address>0x20000634</run_address>
         <size>0x3</size>
         <input_file_ref idref="fl-2"/>
      </object_component>
      <object_component id="oc-c3">
         <name>.data:Gra_PID</name>
         <load_address>0x20000618</load_address>
         <run_address>0x20000618</run_address>
         <size>0x18</size>
         <input_file_ref idref="fl-2"/>
      </object_component>
      <object_component id="oc-10f">
         <name>.data</name>
         <load_address>0x20000630</load_address>
         <run_address>0x20000630</run_address>
         <size>0x4</size>
         <input_file_ref idref="fl-3"/>
      </object_component>
      <object_component id="oc-a2">
         <name>.data</name>
         <load_address>0x20000639</load_address>
         <run_address>0x20000639</run_address>
         <size>0x1</size>
         <input_file_ref idref="fl-4"/>
      </object_component>
      <object_component id="oc-d1">
         <name>.data</name>
         <load_address>0x20000637</load_address>
         <run_address>0x20000637</run_address>
         <size>0x2</size>
         <input_file_ref idref="fl-a"/>
      </object_component>
      <object_component id="oc-1b4">
         <name>.common:systemClock</name>
         <uninitialized>true</uninitialized>
         <run_address>0x2000040c</run_address>
         <size>0x4</size>
      </object_component>
      <object_component id="oc-d2">
         <name>.common:g_ui32SysClock</name>
         <uninitialized>true</uninitialized>
         <run_address>0x20000408</run_address>
         <size>0x4</size>
      </object_component>
      <object_component id="oc-c0">
         <name>.common:err</name>
         <uninitialized>true</uninitialized>
         <run_address>0x20000410</run_address>
         <size>0x2</size>
      </object_component>
      <object_component id="oc-cd">
         <name>.common:speed1</name>
         <uninitialized>true</uninitialized>
         <run_address>0x20000412</run_address>
         <size>0x2</size>
      </object_component>
      <object_component id="oc-ce">
         <name>.common:speed2</name>
         <uninitialized>true</uninitialized>
         <run_address>0x20000414</run_address>
         <size>0x2</size>
      </object_component>
      <object_component id="oc-254">
         <name>.common:pui8ControlTable</name>
         <uninitialized>true</uninitialized>
         <run_address>0x20000000</run_address>
         <size>0x400</size>
      </object_component>
      <object_component id="oc-9f">
         <name>.common:srcBuffer</name>
         <uninitialized>true</uninitialized>
         <run_address>0x20000400</run_address>
         <size>0x8</size>
      </object_component>
      <object_component id="oc-24">
         <name>.stack</name>
         <uninitialized>true</uninitialized>
         <run_address>0x20000418</run_address>
         <size>0x4</size>
         <input_file_ref idref="fl-df"/>
      </object_component>
      <object_component id="oc-350">
         <name>.stack</name>
         <uninitialized>true</uninitialized>
         <run_address>0x20000418</run_address>
         <size>0x0</size>
      </object_component>
      <object_component id="oc-c1">
         <name>.debug_info</name>
         <load_address>0x0</load_address>
         <run_address>0x0</run_address>
         <size>0xb14</size>
         <input_file_ref idref="fl-2"/>
      </object_component>
      <object_component id="oc-be">
         <name>.debug_info</name>
         <load_address>0xb14</load_address>
         <run_address>0xb14</run_address>
         <size>0xbd</size>
         <input_file_ref idref="fl-2"/>
      </object_component>
      <object_component id="oc-c4">
         <name>.debug_info</name>
         <load_address>0xbd1</load_address>
         <run_address>0xbd1</run_address>
         <size>0xbd</size>
         <input_file_ref idref="fl-2"/>
      </object_component>
      <object_component id="oc-fe">
         <name>.debug_info</name>
         <load_address>0xc8e</load_address>
         <run_address>0xc8e</run_address>
         <size>0x1de</size>
         <input_file_ref idref="fl-2"/>
      </object_component>
      <object_component id="oc-3a">
         <name>.debug_info</name>
         <load_address>0xe6c</load_address>
         <run_address>0xe6c</run_address>
         <size>0x168</size>
         <input_file_ref idref="fl-2"/>
      </object_component>
      <object_component id="oc-b2">
         <name>.debug_info</name>
         <load_address>0xfd4</load_address>
         <run_address>0xfd4</run_address>
         <size>0x12a</size>
         <input_file_ref idref="fl-2"/>
      </object_component>
      <object_component id="oc-40">
         <name>.debug_info</name>
         <load_address>0x10fe</load_address>
         <run_address>0x10fe</run_address>
         <size>0x132</size>
         <input_file_ref idref="fl-2"/>
      </object_component>
      <object_component id="oc-4c">
         <name>.debug_info</name>
         <load_address>0x1230</load_address>
         <run_address>0x1230</run_address>
         <size>0x195</size>
         <input_file_ref idref="fl-2"/>
      </object_component>
      <object_component id="oc-148">
         <name>.debug_info</name>
         <load_address>0x13c5</load_address>
         <run_address>0x13c5</run_address>
         <size>0x9a</size>
         <input_file_ref idref="fl-2"/>
      </object_component>
      <object_component id="oc-d7">
         <name>.debug_info</name>
         <load_address>0x145f</load_address>
         <run_address>0x145f</run_address>
         <size>0x26b</size>
         <input_file_ref idref="fl-2"/>
      </object_component>
      <object_component id="oc-11b">
         <name>.debug_info</name>
         <load_address>0x16ca</load_address>
         <run_address>0x16ca</run_address>
         <size>0x1028</size>
         <input_file_ref idref="fl-2"/>
      </object_component>
      <object_component id="oc-12a">
         <name>.debug_info</name>
         <load_address>0x26f2</load_address>
         <run_address>0x26f2</run_address>
         <size>0x186</size>
         <input_file_ref idref="fl-2"/>
      </object_component>
      <object_component id="oc-120">
         <name>.debug_info</name>
         <load_address>0x2878</load_address>
         <run_address>0x2878</run_address>
         <size>0x8b</size>
         <input_file_ref idref="fl-2"/>
      </object_component>
      <object_component id="oc-131">
         <name>.debug_info</name>
         <load_address>0x2903</load_address>
         <run_address>0x2903</run_address>
         <size>0x2a4</size>
         <input_file_ref idref="fl-2"/>
      </object_component>
      <object_component id="oc-a6">
         <name>.debug_info</name>
         <load_address>0x2ba7</load_address>
         <run_address>0x2ba7</run_address>
         <size>0xbb</size>
         <input_file_ref idref="fl-2"/>
      </object_component>
      <object_component id="oc-125">
         <name>.debug_info</name>
         <load_address>0x2c62</load_address>
         <run_address>0x2c62</run_address>
         <size>0x35</size>
         <input_file_ref idref="fl-2"/>
      </object_component>
      <object_component id="oc-110">
         <name>.debug_info</name>
         <load_address>0x2c97</load_address>
         <run_address>0x2c97</run_address>
         <size>0xdb</size>
         <input_file_ref idref="fl-3"/>
      </object_component>
      <object_component id="oc-94">
         <name>.debug_info</name>
         <load_address>0x2d72</load_address>
         <run_address>0x2d72</run_address>
         <size>0x117</size>
         <input_file_ref idref="fl-3"/>
      </object_component>
      <object_component id="oc-5a">
         <name>.debug_info</name>
         <load_address>0x2e89</load_address>
         <run_address>0x2e89</run_address>
         <size>0x84</size>
         <input_file_ref idref="fl-3"/>
      </object_component>
      <object_component id="oc-a0">
         <name>.debug_info</name>
         <load_address>0x2f0d</load_address>
         <run_address>0x2f0d</run_address>
         <size>0x930</size>
         <input_file_ref idref="fl-4"/>
      </object_component>
      <object_component id="oc-a3">
         <name>.debug_info</name>
         <load_address>0x383d</load_address>
         <run_address>0x383d</run_address>
         <size>0xd3</size>
         <input_file_ref idref="fl-4"/>
      </object_component>
      <object_component id="oc-19d">
         <name>.debug_info</name>
         <load_address>0x3910</load_address>
         <run_address>0x3910</run_address>
         <size>0x296</size>
         <input_file_ref idref="fl-4"/>
      </object_component>
      <object_component id="oc-34">
         <name>.debug_info</name>
         <load_address>0x3ba6</load_address>
         <run_address>0x3ba6</run_address>
         <size>0x160</size>
         <input_file_ref idref="fl-4"/>
      </object_component>
      <object_component id="oc-181">
         <name>.debug_info</name>
         <load_address>0x3d06</load_address>
         <run_address>0x3d06</run_address>
         <size>0x16e</size>
         <input_file_ref idref="fl-5"/>
      </object_component>
      <object_component id="oc-185">
         <name>.debug_info</name>
         <load_address>0x3e74</load_address>
         <run_address>0x3e74</run_address>
         <size>0x141</size>
         <input_file_ref idref="fl-5"/>
      </object_component>
      <object_component id="oc-b8">
         <name>.debug_info</name>
         <load_address>0x3fb5</load_address>
         <run_address>0x3fb5</run_address>
         <size>0x1e6</size>
         <input_file_ref idref="fl-5"/>
      </object_component>
      <object_component id="oc-18c">
         <name>.debug_info</name>
         <load_address>0x419b</load_address>
         <run_address>0x419b</run_address>
         <size>0x13b</size>
         <input_file_ref idref="fl-5"/>
      </object_component>
      <object_component id="oc-191">
         <name>.debug_info</name>
         <load_address>0x42d6</load_address>
         <run_address>0x42d6</run_address>
         <size>0x13b</size>
         <input_file_ref idref="fl-5"/>
      </object_component>
      <object_component id="oc-1a4">
         <name>.debug_info</name>
         <load_address>0x4411</load_address>
         <run_address>0x4411</run_address>
         <size>0x1a6</size>
         <input_file_ref idref="fl-6"/>
      </object_component>
      <object_component id="oc-c8">
         <name>.debug_info</name>
         <load_address>0x45b7</load_address>
         <run_address>0x45b7</run_address>
         <size>0x170</size>
         <input_file_ref idref="fl-6"/>
      </object_component>
      <object_component id="oc-17b">
         <name>.debug_info</name>
         <load_address>0x4727</load_address>
         <run_address>0x4727</run_address>
         <size>0x181</size>
         <input_file_ref idref="fl-7"/>
      </object_component>
      <object_component id="oc-2bd">
         <name>.debug_info</name>
         <load_address>0x48a8</load_address>
         <run_address>0x48a8</run_address>
         <size>0x8a6</size>
         <input_file_ref idref="fl-8"/>
      </object_component>
      <object_component id="oc-26d">
         <name>.debug_info</name>
         <load_address>0x514e</load_address>
         <run_address>0x514e</run_address>
         <size>0xc2</size>
         <input_file_ref idref="fl-8"/>
      </object_component>
      <object_component id="oc-2f5">
         <name>.debug_info</name>
         <load_address>0x5210</load_address>
         <run_address>0x5210</run_address>
         <size>0x122</size>
         <input_file_ref idref="fl-8"/>
      </object_component>
      <object_component id="oc-307">
         <name>.debug_info</name>
         <load_address>0x5332</load_address>
         <run_address>0x5332</run_address>
         <size>0x119</size>
         <input_file_ref idref="fl-8"/>
      </object_component>
      <object_component id="oc-301">
         <name>.debug_info</name>
         <load_address>0x544b</load_address>
         <run_address>0x544b</run_address>
         <size>0x11a</size>
         <input_file_ref idref="fl-8"/>
      </object_component>
      <object_component id="oc-2fb">
         <name>.debug_info</name>
         <load_address>0x5565</load_address>
         <run_address>0x5565</run_address>
         <size>0x18c</size>
         <input_file_ref idref="fl-8"/>
      </object_component>
      <object_component id="oc-2ad">
         <name>.debug_info</name>
         <load_address>0x56f1</load_address>
         <run_address>0x56f1</run_address>
         <size>0x1ec</size>
         <input_file_ref idref="fl-8"/>
      </object_component>
      <object_component id="oc-2a7">
         <name>.debug_info</name>
         <load_address>0x58dd</load_address>
         <run_address>0x58dd</run_address>
         <size>0x1da</size>
         <input_file_ref idref="fl-8"/>
      </object_component>
      <object_component id="oc-22b">
         <name>.debug_info</name>
         <load_address>0x5ab7</load_address>
         <run_address>0x5ab7</run_address>
         <size>0x177</size>
         <input_file_ref idref="fl-8"/>
      </object_component>
      <object_component id="oc-236">
         <name>.debug_info</name>
         <load_address>0x5c2e</load_address>
         <run_address>0x5c2e</run_address>
         <size>0x173</size>
         <input_file_ref idref="fl-8"/>
      </object_component>
      <object_component id="oc-231">
         <name>.debug_info</name>
         <load_address>0x5da1</load_address>
         <run_address>0x5da1</run_address>
         <size>0x16c</size>
         <input_file_ref idref="fl-8"/>
      </object_component>
      <object_component id="oc-1b1">
         <name>.debug_info</name>
         <load_address>0x5f0d</load_address>
         <run_address>0x5f0d</run_address>
         <size>0x1bf</size>
         <input_file_ref idref="fl-8"/>
      </object_component>
      <object_component id="oc-16f">
         <name>.debug_info</name>
         <load_address>0x60cc</load_address>
         <run_address>0x60cc</run_address>
         <size>0x3ae</size>
         <input_file_ref idref="fl-8"/>
      </object_component>
      <object_component id="oc-174">
         <name>.debug_info</name>
         <load_address>0x647a</load_address>
         <run_address>0x647a</run_address>
         <size>0x16f</size>
         <input_file_ref idref="fl-9"/>
      </object_component>
      <object_component id="oc-1aa">
         <name>.debug_info</name>
         <load_address>0x65e9</load_address>
         <run_address>0x65e9</run_address>
         <size>0x25d</size>
         <input_file_ref idref="fl-9"/>
      </object_component>
      <object_component id="oc-47">
         <name>.debug_info</name>
         <load_address>0x6846</load_address>
         <run_address>0x6846</run_address>
         <size>0x1c5</size>
         <input_file_ref idref="fl-a"/>
      </object_component>
      <object_component id="oc-137">
         <name>.debug_info</name>
         <load_address>0x6a0b</load_address>
         <run_address>0x6a0b</run_address>
         <size>0x26a</size>
         <input_file_ref idref="fl-b"/>
      </object_component>
      <object_component id="oc-af">
         <name>.debug_info</name>
         <load_address>0x6c75</load_address>
         <run_address>0x6c75</run_address>
         <size>0x155</size>
         <input_file_ref idref="fl-b"/>
      </object_component>
      <object_component id="oc-198">
         <name>.debug_info</name>
         <load_address>0x6dca</load_address>
         <run_address>0x6dca</run_address>
         <size>0x177</size>
         <input_file_ref idref="fl-c"/>
      </object_component>
      <object_component id="oc-53">
         <name>.debug_info</name>
         <load_address>0x6f41</load_address>
         <run_address>0x6f41</run_address>
         <size>0x2bb</size>
         <input_file_ref idref="fl-d"/>
      </object_component>
      <object_component id="oc-13">
         <name>.debug_info</name>
         <load_address>0x71fc</load_address>
         <run_address>0x71fc</run_address>
         <size>0xe6</size>
         <input_file_ref idref="fl-d"/>
      </object_component>
      <object_component id="oc-28">
         <name>.debug_info</name>
         <load_address>0x72e2</load_address>
         <run_address>0x72e2</run_address>
         <size>0x14c</size>
         <input_file_ref idref="fl-d"/>
      </object_component>
      <object_component id="oc-2e">
         <name>.debug_info</name>
         <load_address>0x742e</load_address>
         <run_address>0x742e</run_address>
         <size>0x134</size>
         <input_file_ref idref="fl-d"/>
      </object_component>
      <object_component id="oc-290">
         <name>.debug_info</name>
         <load_address>0x7562</load_address>
         <run_address>0x7562</run_address>
         <size>0x889</size>
         <input_file_ref idref="fl-18"/>
      </object_component>
      <object_component id="oc-249">
         <name>.debug_info</name>
         <load_address>0x7deb</load_address>
         <run_address>0x7deb</run_address>
         <size>0x2b9</size>
         <input_file_ref idref="fl-18"/>
      </object_component>
      <object_component id="oc-9a">
         <name>.debug_info</name>
         <load_address>0x80a4</load_address>
         <run_address>0x80a4</run_address>
         <size>0x20f</size>
         <input_file_ref idref="fl-18"/>
      </object_component>
      <object_component id="oc-2e6">
         <name>.debug_info</name>
         <load_address>0x82b3</load_address>
         <run_address>0x82b3</run_address>
         <size>0x26b</size>
         <input_file_ref idref="fl-18"/>
      </object_component>
      <object_component id="oc-2e1">
         <name>.debug_info</name>
         <load_address>0x851e</load_address>
         <run_address>0x851e</run_address>
         <size>0x1028</size>
         <input_file_ref idref="fl-18"/>
      </object_component>
      <object_component id="oc-1f6">
         <name>.debug_info</name>
         <load_address>0x9546</load_address>
         <run_address>0x9546</run_address>
         <size>0x297</size>
         <input_file_ref idref="fl-18"/>
      </object_component>
      <object_component id="oc-295">
         <name>.debug_info</name>
         <load_address>0x97dd</load_address>
         <run_address>0x97dd</run_address>
         <size>0xef</size>
         <input_file_ref idref="fl-18"/>
      </object_component>
      <object_component id="oc-114">
         <name>.debug_info</name>
         <load_address>0x98cc</load_address>
         <run_address>0x98cc</run_address>
         <size>0xbb</size>
         <input_file_ref idref="fl-18"/>
      </object_component>
      <object_component id="oc-226">
         <name>.debug_info</name>
         <load_address>0x9987</load_address>
         <run_address>0x9987</run_address>
         <size>0x228</size>
         <input_file_ref idref="fl-19"/>
      </object_component>
      <object_component id="oc-29d">
         <name>.debug_info</name>
         <load_address>0x9baf</load_address>
         <run_address>0x9baf</run_address>
         <size>0x3de</size>
         <input_file_ref idref="fl-1b"/>
      </object_component>
      <object_component id="oc-20d">
         <name>.debug_info</name>
         <load_address>0x9f8d</load_address>
         <run_address>0x9f8d</run_address>
         <size>0x12b</size>
         <input_file_ref idref="fl-1b"/>
      </object_component>
      <object_component id="oc-213">
         <name>.debug_info</name>
         <load_address>0xa0b8</load_address>
         <run_address>0xa0b8</run_address>
         <size>0x137</size>
         <input_file_ref idref="fl-1b"/>
      </object_component>
      <object_component id="oc-292">
         <name>.debug_info</name>
         <load_address>0xa1ef</load_address>
         <run_address>0xa1ef</run_address>
         <size>0x131</size>
         <input_file_ref idref="fl-1b"/>
      </object_component>
      <object_component id="oc-210">
         <name>.debug_info</name>
         <load_address>0xa320</load_address>
         <run_address>0xa320</run_address>
         <size>0x13e</size>
         <input_file_ref idref="fl-1b"/>
      </object_component>
      <object_component id="oc-201">
         <name>.debug_info</name>
         <load_address>0xa45e</load_address>
         <run_address>0xa45e</run_address>
         <size>0x208</size>
         <input_file_ref idref="fl-1b"/>
      </object_component>
      <object_component id="oc-207">
         <name>.debug_info</name>
         <load_address>0xa666</load_address>
         <run_address>0xa666</run_address>
         <size>0x289</size>
         <input_file_ref idref="fl-1b"/>
      </object_component>
      <object_component id="oc-21d">
         <name>.debug_info</name>
         <load_address>0xa8ef</load_address>
         <run_address>0xa8ef</run_address>
         <size>0x202</size>
         <input_file_ref idref="fl-1b"/>
      </object_component>
      <object_component id="oc-217">
         <name>.debug_info</name>
         <load_address>0xaaf1</load_address>
         <run_address>0xaaf1</run_address>
         <size>0x200</size>
         <input_file_ref idref="fl-1b"/>
      </object_component>
      <object_component id="oc-167">
         <name>.debug_info</name>
         <load_address>0xacf1</load_address>
         <run_address>0xacf1</run_address>
         <size>0x3c7</size>
         <input_file_ref idref="fl-1b"/>
      </object_component>
      <object_component id="oc-2ef">
         <name>.debug_info</name>
         <load_address>0xb0b8</load_address>
         <run_address>0xb0b8</run_address>
         <size>0x51</size>
         <input_file_ref idref="fl-1b"/>
      </object_component>
      <object_component id="oc-24f">
         <name>.debug_info</name>
         <load_address>0xb109</load_address>
         <run_address>0xb109</run_address>
         <size>0x25b</size>
         <input_file_ref idref="fl-1c"/>
      </object_component>
      <object_component id="oc-242">
         <name>.debug_info</name>
         <load_address>0xb364</load_address>
         <run_address>0xb364</run_address>
         <size>0x245</size>
         <input_file_ref idref="fl-1c"/>
      </object_component>
      <object_component id="oc-150">
         <name>.debug_info</name>
         <load_address>0xb5a9</load_address>
         <run_address>0xb5a9</run_address>
         <size>0x20c</size>
         <input_file_ref idref="fl-1c"/>
      </object_component>
      <object_component id="oc-262">
         <name>.debug_info</name>
         <load_address>0xb7b5</load_address>
         <run_address>0xb7b5</run_address>
         <size>0x14c</size>
         <input_file_ref idref="fl-d4"/>
      </object_component>
      <object_component id="oc-13e">
         <name>.debug_info</name>
         <load_address>0xb901</load_address>
         <run_address>0xb901</run_address>
         <size>0x12a</size>
         <input_file_ref idref="fl-d5"/>
      </object_component>
      <object_component id="oc-25e">
         <name>.debug_info</name>
         <load_address>0xba2b</load_address>
         <run_address>0xba2b</run_address>
         <size>0x13a</size>
         <input_file_ref idref="fl-d6"/>
      </object_component>
      <object_component id="oc-258">
         <name>.debug_info</name>
         <load_address>0xbb65</load_address>
         <run_address>0xbb65</run_address>
         <size>0x13a</size>
         <input_file_ref idref="fl-d7"/>
      </object_component>
      <object_component id="oc-267">
         <name>.debug_info</name>
         <load_address>0xbc9f</load_address>
         <run_address>0xbc9f</run_address>
         <size>0x13e</size>
         <input_file_ref idref="fl-d8"/>
      </object_component>
      <object_component id="oc-139">
         <name>.debug_info</name>
         <load_address>0xbddd</load_address>
         <run_address>0xbddd</run_address>
         <size>0x12c</size>
         <input_file_ref idref="fl-da"/>
      </object_component>
      <object_component id="oc-f0">
         <name>.debug_info</name>
         <load_address>0xbf09</load_address>
         <run_address>0xbf09</run_address>
         <size>0x2d4</size>
         <input_file_ref idref="fl-dc"/>
      </object_component>
      <object_component id="oc-74">
         <name>.debug_info</name>
         <load_address>0xc1dd</load_address>
         <run_address>0xc1dd</run_address>
         <size>0x1b5</size>
         <input_file_ref idref="fl-dc"/>
      </object_component>
      <object_component id="oc-eb">
         <name>.debug_info</name>
         <load_address>0xc392</load_address>
         <run_address>0xc392</run_address>
         <size>0x46</size>
         <input_file_ref idref="fl-dc"/>
      </object_component>
      <object_component id="oc-15d">
         <name>.debug_info</name>
         <load_address>0xc3d8</load_address>
         <run_address>0xc3d8</run_address>
         <size>0x2c</size>
         <input_file_ref idref="fl-dc"/>
      </object_component>
      <object_component id="oc-6a">
         <name>.debug_info</name>
         <load_address>0xc404</load_address>
         <run_address>0xc404</run_address>
         <size>0x2a8</size>
         <input_file_ref idref="fl-dd"/>
      </object_component>
      <object_component id="oc-1d">
         <name>.debug_info</name>
         <load_address>0xc6ac</load_address>
         <run_address>0xc6ac</run_address>
         <size>0x1ea</size>
         <input_file_ref idref="fl-dd"/>
      </object_component>
      <object_component id="oc-65">
         <name>.debug_info</name>
         <load_address>0xc896</load_address>
         <run_address>0xc896</run_address>
         <size>0x46</size>
         <input_file_ref idref="fl-dd"/>
      </object_component>
      <object_component id="oc-e3">
         <name>.debug_info</name>
         <load_address>0xc8dc</load_address>
         <run_address>0xc8dc</run_address>
         <size>0x2c</size>
         <input_file_ref idref="fl-dd"/>
      </object_component>
      <object_component id="oc-e1">
         <name>.debug_info</name>
         <load_address>0xc908</load_address>
         <run_address>0xc908</run_address>
         <size>0x29e</size>
         <input_file_ref idref="fl-de"/>
      </object_component>
      <object_component id="oc-16">
         <name>.debug_info</name>
         <load_address>0xcba6</load_address>
         <run_address>0xcba6</run_address>
         <size>0x250</size>
         <input_file_ref idref="fl-de"/>
      </object_component>
      <object_component id="oc-55">
         <name>.debug_info</name>
         <load_address>0xcdf6</load_address>
         <run_address>0xcdf6</run_address>
         <size>0x60</size>
         <input_file_ref idref="fl-de"/>
      </object_component>
      <object_component id="oc-156">
         <name>.debug_info</name>
         <load_address>0xce56</load_address>
         <run_address>0xce56</run_address>
         <size>0x46</size>
         <input_file_ref idref="fl-de"/>
      </object_component>
      <object_component id="oc-dc">
         <name>.debug_info</name>
         <load_address>0xce9c</load_address>
         <run_address>0xce9c</run_address>
         <size>0x39</size>
         <input_file_ref idref="fl-de"/>
      </object_component>
      <object_component id="oc-25">
         <name>.debug_info</name>
         <load_address>0xced5</load_address>
         <run_address>0xced5</run_address>
         <size>0x10b</size>
         <input_file_ref idref="fl-df"/>
      </object_component>
      <object_component id="oc-7e">
         <name>.debug_info</name>
         <load_address>0xcfe0</load_address>
         <run_address>0xcfe0</run_address>
         <size>0x1a9</size>
         <input_file_ref idref="fl-df"/>
      </object_component>
      <object_component id="oc-61">
         <name>.debug_info</name>
         <load_address>0xd189</load_address>
         <run_address>0xd189</run_address>
         <size>0x119</size>
         <input_file_ref idref="fl-e0"/>
      </object_component>
      <object_component id="oc-f2">
         <name>.debug_info</name>
         <load_address>0xd2a2</load_address>
         <run_address>0xd2a2</run_address>
         <size>0x147</size>
         <input_file_ref idref="fl-e1"/>
      </object_component>
      <object_component id="oc-27b">
         <name>.debug_info</name>
         <load_address>0xd3e9</load_address>
         <run_address>0xd3e9</run_address>
         <size>0x4b3</size>
         <input_file_ref idref="fl-e2"/>
      </object_component>
      <object_component id="oc-1c3">
         <name>.debug_info</name>
         <load_address>0xd89c</load_address>
         <run_address>0xd89c</run_address>
         <size>0x1a6</size>
         <input_file_ref idref="fl-e2"/>
      </object_component>
      <object_component id="oc-2ce">
         <name>.debug_info</name>
         <load_address>0xda42</load_address>
         <run_address>0xda42</run_address>
         <size>0x39</size>
         <input_file_ref idref="fl-e2"/>
      </object_component>
      <object_component id="oc-312">
         <name>.debug_info</name>
         <load_address>0xda7b</load_address>
         <run_address>0xda7b</run_address>
         <size>0x39</size>
         <input_file_ref idref="fl-e2"/>
      </object_component>
      <object_component id="oc-2d3">
         <name>.debug_info</name>
         <load_address>0xdab4</load_address>
         <run_address>0xdab4</run_address>
         <size>0x39</size>
         <input_file_ref idref="fl-e2"/>
      </object_component>
      <object_component id="oc-2d8">
         <name>.debug_info</name>
         <load_address>0xdaed</load_address>
         <run_address>0xdaed</run_address>
         <size>0xcd</size>
         <input_file_ref idref="fl-e2"/>
      </object_component>
      <object_component id="oc-f8">
         <name>.debug_info</name>
         <load_address>0xdbba</load_address>
         <run_address>0xdbba</run_address>
         <size>0x153</size>
         <input_file_ref idref="fl-e3"/>
      </object_component>
      <object_component id="oc-1b9">
         <name>.debug_info</name>
         <load_address>0xdd0d</load_address>
         <run_address>0xdd0d</run_address>
         <size>0x122</size>
         <input_file_ref idref="fl-e5"/>
      </object_component>
      <object_component id="oc-351">
         <name>.debug_info</name>
         <load_address>0xde2f</load_address>
         <run_address>0xde2f</run_address>
         <size>0x8e</size>
      </object_component>
      <object_component id="oc-147">
         <name>.debug_line</name>
         <load_address>0x0</load_address>
         <run_address>0x0</run_address>
         <size>0x1f6</size>
         <input_file_ref idref="fl-2"/>
      </object_component>
      <object_component id="oc-145">
         <name>.debug_line</name>
         <load_address>0x1f6</load_address>
         <run_address>0x1f6</run_address>
         <size>0x2d</size>
         <input_file_ref idref="fl-2"/>
      </object_component>
      <object_component id="oc-14e">
         <name>.debug_line</name>
         <load_address>0x223</load_address>
         <run_address>0x223</run_address>
         <size>0x2d</size>
         <input_file_ref idref="fl-2"/>
      </object_component>
      <object_component id="oc-102">
         <name>.debug_line</name>
         <load_address>0x250</load_address>
         <run_address>0x250</run_address>
         <size>0x56</size>
         <input_file_ref idref="fl-2"/>
      </object_component>
      <object_component id="oc-3d">
         <name>.debug_line</name>
         <load_address>0x2a6</load_address>
         <run_address>0x2a6</run_address>
         <size>0x52</size>
         <input_file_ref idref="fl-2"/>
      </object_component>
      <object_component id="oc-b5">
         <name>.debug_line</name>
         <load_address>0x2f8</load_address>
         <run_address>0x2f8</run_address>
         <size>0x52</size>
         <input_file_ref idref="fl-2"/>
      </object_component>
      <object_component id="oc-44">
         <name>.debug_line</name>
         <load_address>0x34a</load_address>
         <run_address>0x34a</run_address>
         <size>0x49</size>
         <input_file_ref idref="fl-2"/>
      </object_component>
      <object_component id="oc-50">
         <name>.debug_line</name>
         <load_address>0x393</load_address>
         <run_address>0x393</run_address>
         <size>0x6a</size>
         <input_file_ref idref="fl-2"/>
      </object_component>
      <object_component id="oc-14b">
         <name>.debug_line</name>
         <load_address>0x3fd</load_address>
         <run_address>0x3fd</run_address>
         <size>0x50</size>
         <input_file_ref idref="fl-2"/>
      </object_component>
      <object_component id="oc-da">
         <name>.debug_line</name>
         <load_address>0x44d</load_address>
         <run_address>0x44d</run_address>
         <size>0x6b</size>
         <input_file_ref idref="fl-2"/>
      </object_component>
      <object_component id="oc-11e">
         <name>.debug_line</name>
         <load_address>0x4b8</load_address>
         <run_address>0x4b8</run_address>
         <size>0x78</size>
         <input_file_ref idref="fl-2"/>
      </object_component>
      <object_component id="oc-12d">
         <name>.debug_line</name>
         <load_address>0x530</load_address>
         <run_address>0x530</run_address>
         <size>0x78</size>
         <input_file_ref idref="fl-2"/>
      </object_component>
      <object_component id="oc-123">
         <name>.debug_line</name>
         <load_address>0x5a8</load_address>
         <run_address>0x5a8</run_address>
         <size>0x20</size>
         <input_file_ref idref="fl-2"/>
      </object_component>
      <object_component id="oc-134">
         <name>.debug_line</name>
         <load_address>0x5c8</load_address>
         <run_address>0x5c8</run_address>
         <size>0x6f</size>
         <input_file_ref idref="fl-2"/>
      </object_component>
      <object_component id="oc-a9">
         <name>.debug_line</name>
         <load_address>0x637</load_address>
         <run_address>0x637</run_address>
         <size>0x6c</size>
         <input_file_ref idref="fl-2"/>
      </object_component>
      <object_component id="oc-128">
         <name>.debug_line</name>
         <load_address>0x6a3</load_address>
         <run_address>0x6a3</run_address>
         <size>0x6e</size>
         <input_file_ref idref="fl-2"/>
      </object_component>
      <object_component id="oc-1f5">
         <name>.debug_line</name>
         <load_address>0x711</load_address>
         <run_address>0x711</run_address>
         <size>0x3b</size>
         <input_file_ref idref="fl-3"/>
      </object_component>
      <object_component id="oc-93">
         <name>.debug_line</name>
         <load_address>0x74c</load_address>
         <run_address>0x74c</run_address>
         <size>0x56</size>
         <input_file_ref idref="fl-3"/>
      </object_component>
      <object_component id="oc-5d">
         <name>.debug_line</name>
         <load_address>0x7a2</load_address>
         <run_address>0x7a2</run_address>
         <size>0x20</size>
         <input_file_ref idref="fl-3"/>
      </object_component>
      <object_component id="oc-11a">
         <name>.debug_line</name>
         <load_address>0x7c2</load_address>
         <run_address>0x7c2</run_address>
         <size>0x13f</size>
         <input_file_ref idref="fl-4"/>
      </object_component>
      <object_component id="oc-130">
         <name>.debug_line</name>
         <load_address>0x901</load_address>
         <run_address>0x901</run_address>
         <size>0x35</size>
         <input_file_ref idref="fl-4"/>
      </object_component>
      <object_component id="oc-1a1">
         <name>.debug_line</name>
         <load_address>0x936</load_address>
         <run_address>0x936</run_address>
         <size>0x81</size>
         <input_file_ref idref="fl-4"/>
      </object_component>
      <object_component id="oc-38">
         <name>.debug_line</name>
         <load_address>0x9b7</load_address>
         <run_address>0x9b7</run_address>
         <size>0x54</size>
         <input_file_ref idref="fl-4"/>
      </object_component>
      <object_component id="oc-180">
         <name>.debug_line</name>
         <load_address>0xa0b</load_address>
         <run_address>0xa0b</run_address>
         <size>0x64</size>
         <input_file_ref idref="fl-5"/>
      </object_component>
      <object_component id="oc-188">
         <name>.debug_line</name>
         <load_address>0xa6f</load_address>
         <run_address>0xa6f</run_address>
         <size>0x5d</size>
         <input_file_ref idref="fl-5"/>
      </object_component>
      <object_component id="oc-bb">
         <name>.debug_line</name>
         <load_address>0xacc</load_address>
         <run_address>0xacc</run_address>
         <size>0x51</size>
         <input_file_ref idref="fl-5"/>
      </object_component>
      <object_component id="oc-18b">
         <name>.debug_line</name>
         <load_address>0xb1d</load_address>
         <run_address>0xb1d</run_address>
         <size>0x52</size>
         <input_file_ref idref="fl-5"/>
      </object_component>
      <object_component id="oc-194">
         <name>.debug_line</name>
         <load_address>0xb6f</load_address>
         <run_address>0xb6f</run_address>
         <size>0x52</size>
         <input_file_ref idref="fl-5"/>
      </object_component>
      <object_component id="oc-1a3">
         <name>.debug_line</name>
         <load_address>0xbc1</load_address>
         <run_address>0xbc1</run_address>
         <size>0x66</size>
         <input_file_ref idref="fl-6"/>
      </object_component>
      <object_component id="oc-cb">
         <name>.debug_line</name>
         <load_address>0xc27</load_address>
         <run_address>0xc27</run_address>
         <size>0x55</size>
         <input_file_ref idref="fl-6"/>
      </object_component>
      <object_component id="oc-17a">
         <name>.debug_line</name>
         <load_address>0xc7c</load_address>
         <run_address>0xc7c</run_address>
         <size>0x5b</size>
         <input_file_ref idref="fl-7"/>
      </object_component>
      <object_component id="oc-30e">
         <name>.debug_line</name>
         <load_address>0xcd7</load_address>
         <run_address>0xcd7</run_address>
         <size>0xd2</size>
         <input_file_ref idref="fl-8"/>
      </object_component>
      <object_component id="oc-2bc">
         <name>.debug_line</name>
         <load_address>0xda9</load_address>
         <run_address>0xda9</run_address>
         <size>0x3a</size>
         <input_file_ref idref="fl-8"/>
      </object_component>
      <object_component id="oc-2f7">
         <name>.debug_line</name>
         <load_address>0xde3</load_address>
         <run_address>0xde3</run_address>
         <size>0x50</size>
         <input_file_ref idref="fl-8"/>
      </object_component>
      <object_component id="oc-309">
         <name>.debug_line</name>
         <load_address>0xe33</load_address>
         <run_address>0xe33</run_address>
         <size>0x50</size>
         <input_file_ref idref="fl-8"/>
      </object_component>
      <object_component id="oc-303">
         <name>.debug_line</name>
         <load_address>0xe83</load_address>
         <run_address>0xe83</run_address>
         <size>0x4f</size>
         <input_file_ref idref="fl-8"/>
      </object_component>
      <object_component id="oc-2fd">
         <name>.debug_line</name>
         <load_address>0xed2</load_address>
         <run_address>0xed2</run_address>
         <size>0x6d</size>
         <input_file_ref idref="fl-8"/>
      </object_component>
      <object_component id="oc-2af">
         <name>.debug_line</name>
         <load_address>0xf3f</load_address>
         <run_address>0xf3f</run_address>
         <size>0x61</size>
         <input_file_ref idref="fl-8"/>
      </object_component>
      <object_component id="oc-2a9">
         <name>.debug_line</name>
         <load_address>0xfa0</load_address>
         <run_address>0xfa0</run_address>
         <size>0x61</size>
         <input_file_ref idref="fl-8"/>
      </object_component>
      <object_component id="oc-22a">
         <name>.debug_line</name>
         <load_address>0x1001</load_address>
         <run_address>0x1001</run_address>
         <size>0x52</size>
         <input_file_ref idref="fl-8"/>
      </object_component>
      <object_component id="oc-238">
         <name>.debug_line</name>
         <load_address>0x1053</load_address>
         <run_address>0x1053</run_address>
         <size>0x50</size>
         <input_file_ref idref="fl-8"/>
      </object_component>
      <object_component id="oc-230">
         <name>.debug_line</name>
         <load_address>0x10a3</load_address>
         <run_address>0x10a3</run_address>
         <size>0x69</size>
         <input_file_ref idref="fl-8"/>
      </object_component>
      <object_component id="oc-1b0">
         <name>.debug_line</name>
         <load_address>0x110c</load_address>
         <run_address>0x110c</run_address>
         <size>0x7f</size>
         <input_file_ref idref="fl-8"/>
      </object_component>
      <object_component id="oc-16e">
         <name>.debug_line</name>
         <load_address>0x118b</load_address>
         <run_address>0x118b</run_address>
         <size>0x78</size>
         <input_file_ref idref="fl-8"/>
      </object_component>
      <object_component id="oc-173">
         <name>.debug_line</name>
         <load_address>0x1203</load_address>
         <run_address>0x1203</run_address>
         <size>0x63</size>
         <input_file_ref idref="fl-9"/>
      </object_component>
      <object_component id="oc-1a9">
         <name>.debug_line</name>
         <load_address>0x1266</load_address>
         <run_address>0x1266</run_address>
         <size>0x52</size>
         <input_file_ref idref="fl-9"/>
      </object_component>
      <object_component id="oc-49">
         <name>.debug_line</name>
         <load_address>0x12b8</load_address>
         <run_address>0x12b8</run_address>
         <size>0x83</size>
         <input_file_ref idref="fl-a"/>
      </object_component>
      <object_component id="oc-1fc">
         <name>.debug_line</name>
         <load_address>0x133b</load_address>
         <run_address>0x133b</run_address>
         <size>0x20</size>
         <input_file_ref idref="fl-b"/>
      </object_component>
      <object_component id="oc-ac">
         <name>.debug_line</name>
         <load_address>0x135b</load_address>
         <run_address>0x135b</run_address>
         <size>0x53</size>
         <input_file_ref idref="fl-b"/>
      </object_component>
      <object_component id="oc-197">
         <name>.debug_line</name>
         <load_address>0x13ae</load_address>
         <run_address>0x13ae</run_address>
         <size>0x59</size>
         <input_file_ref idref="fl-c"/>
      </object_component>
      <object_component id="oc-d6">
         <name>.debug_line</name>
         <load_address>0x1407</load_address>
         <run_address>0x1407</run_address>
         <size>0x44</size>
         <input_file_ref idref="fl-d"/>
      </object_component>
      <object_component id="oc-52">
         <name>.debug_line</name>
         <load_address>0x144b</load_address>
         <run_address>0x144b</run_address>
         <size>0x44</size>
         <input_file_ref idref="fl-d"/>
      </object_component>
      <object_component id="oc-2b">
         <name>.debug_line</name>
         <load_address>0x148f</load_address>
         <run_address>0x148f</run_address>
         <size>0x5d</size>
         <input_file_ref idref="fl-d"/>
      </object_component>
      <object_component id="oc-31">
         <name>.debug_line</name>
         <load_address>0x14ec</load_address>
         <run_address>0x14ec</run_address>
         <size>0x59</size>
         <input_file_ref idref="fl-d"/>
      </object_component>
      <object_component id="oc-2e0">
         <name>.debug_line</name>
         <load_address>0x1545</load_address>
         <run_address>0x1545</run_address>
         <size>0x54</size>
         <input_file_ref idref="fl-18"/>
      </object_component>
      <object_component id="oc-24d">
         <name>.debug_line</name>
         <load_address>0x1599</load_address>
         <run_address>0x1599</run_address>
         <size>0x81</size>
         <input_file_ref idref="fl-18"/>
      </object_component>
      <object_component id="oc-9d">
         <name>.debug_line</name>
         <load_address>0x161a</load_address>
         <run_address>0x161a</run_address>
         <size>0x66</size>
         <input_file_ref idref="fl-18"/>
      </object_component>
      <object_component id="oc-2e9">
         <name>.debug_line</name>
         <load_address>0x1680</load_address>
         <run_address>0x1680</run_address>
         <size>0x51</size>
         <input_file_ref idref="fl-18"/>
      </object_component>
      <object_component id="oc-2e4">
         <name>.debug_line</name>
         <load_address>0x16d1</load_address>
         <run_address>0x16d1</run_address>
         <size>0x4f</size>
         <input_file_ref idref="fl-18"/>
      </object_component>
      <object_component id="oc-1f9">
         <name>.debug_line</name>
         <load_address>0x1720</load_address>
         <run_address>0x1720</run_address>
         <size>0x55</size>
         <input_file_ref idref="fl-18"/>
      </object_component>
      <object_component id="oc-298">
         <name>.debug_line</name>
         <load_address>0x1775</load_address>
         <run_address>0x1775</run_address>
         <size>0x51</size>
         <input_file_ref idref="fl-18"/>
      </object_component>
      <object_component id="oc-117">
         <name>.debug_line</name>
         <load_address>0x17c6</load_address>
         <run_address>0x17c6</run_address>
         <size>0x52</size>
         <input_file_ref idref="fl-18"/>
      </object_component>
      <object_component id="oc-225">
         <name>.debug_line</name>
         <load_address>0x1818</load_address>
         <run_address>0x1818</run_address>
         <size>0x67</size>
         <input_file_ref idref="fl-19"/>
      </object_component>
      <object_component id="oc-2ee">
         <name>.debug_line</name>
         <load_address>0x187f</load_address>
         <run_address>0x187f</run_address>
         <size>0x82</size>
         <input_file_ref idref="fl-1b"/>
      </object_component>
      <object_component id="oc-29c">
         <name>.debug_line</name>
         <load_address>0x1901</load_address>
         <run_address>0x1901</run_address>
         <size>0x51</size>
         <input_file_ref idref="fl-1b"/>
      </object_component>
      <object_component id="oc-2a1">
         <name>.debug_line</name>
         <load_address>0x1952</load_address>
         <run_address>0x1952</run_address>
         <size>0x51</size>
         <input_file_ref idref="fl-1b"/>
      </object_component>
      <object_component id="oc-2ec">
         <name>.debug_line</name>
         <load_address>0x19a3</load_address>
         <run_address>0x19a3</run_address>
         <size>0x51</size>
         <input_file_ref idref="fl-1b"/>
      </object_component>
      <object_component id="oc-29f">
         <name>.debug_line</name>
         <load_address>0x19f4</load_address>
         <run_address>0x19f4</run_address>
         <size>0x51</size>
         <input_file_ref idref="fl-1b"/>
      </object_component>
      <object_component id="oc-204">
         <name>.debug_line</name>
         <load_address>0x1a45</load_address>
         <run_address>0x1a45</run_address>
         <size>0x79</size>
         <input_file_ref idref="fl-1b"/>
      </object_component>
      <object_component id="oc-20a">
         <name>.debug_line</name>
         <load_address>0x1abe</load_address>
         <run_address>0x1abe</run_address>
         <size>0x74</size>
         <input_file_ref idref="fl-1b"/>
      </object_component>
      <object_component id="oc-220">
         <name>.debug_line</name>
         <load_address>0x1b32</load_address>
         <run_address>0x1b32</run_address>
         <size>0x6d</size>
         <input_file_ref idref="fl-1b"/>
      </object_component>
      <object_component id="oc-21a">
         <name>.debug_line</name>
         <load_address>0x1b9f</load_address>
         <run_address>0x1b9f</run_address>
         <size>0x6d</size>
         <input_file_ref idref="fl-1b"/>
      </object_component>
      <object_component id="oc-16a">
         <name>.debug_line</name>
         <load_address>0x1c0c</load_address>
         <run_address>0x1c0c</run_address>
         <size>0x121</size>
         <input_file_ref idref="fl-1b"/>
      </object_component>
      <object_component id="oc-2f1">
         <name>.debug_line</name>
         <load_address>0x1d2d</load_address>
         <run_address>0x1d2d</run_address>
         <size>0x51</size>
         <input_file_ref idref="fl-1b"/>
      </object_component>
      <object_component id="oc-252">
         <name>.debug_line</name>
         <load_address>0x1d7e</load_address>
         <run_address>0x1d7e</run_address>
         <size>0x70</size>
         <input_file_ref idref="fl-1c"/>
      </object_component>
      <object_component id="oc-245">
         <name>.debug_line</name>
         <load_address>0x1dee</load_address>
         <run_address>0x1dee</run_address>
         <size>0x71</size>
         <input_file_ref idref="fl-1c"/>
      </object_component>
      <object_component id="oc-153">
         <name>.debug_line</name>
         <load_address>0x1e5f</load_address>
         <run_address>0x1e5f</run_address>
         <size>0x68</size>
         <input_file_ref idref="fl-1c"/>
      </object_component>
      <object_component id="oc-265">
         <name>.debug_line</name>
         <load_address>0x1ec7</load_address>
         <run_address>0x1ec7</run_address>
         <size>0xd2</size>
         <input_file_ref idref="fl-d4"/>
      </object_component>
      <object_component id="oc-141">
         <name>.debug_line</name>
         <load_address>0x1f99</load_address>
         <run_address>0x1f99</run_address>
         <size>0x77</size>
         <input_file_ref idref="fl-d5"/>
      </object_component>
      <object_component id="oc-260">
         <name>.debug_line</name>
         <load_address>0x2010</load_address>
         <run_address>0x2010</run_address>
         <size>0xa8</size>
         <input_file_ref idref="fl-d6"/>
      </object_component>
      <object_component id="oc-25b">
         <name>.debug_line</name>
         <load_address>0x20b8</load_address>
         <run_address>0x20b8</run_address>
         <size>0x8e</size>
         <input_file_ref idref="fl-d7"/>
      </object_component>
      <object_component id="oc-26a">
         <name>.debug_line</name>
         <load_address>0x2146</load_address>
         <run_address>0x2146</run_address>
         <size>0x67</size>
         <input_file_ref idref="fl-d8"/>
      </object_component>
      <object_component id="oc-13c">
         <name>.debug_line</name>
         <load_address>0x21ad</load_address>
         <run_address>0x21ad</run_address>
         <size>0x57</size>
         <input_file_ref idref="fl-da"/>
      </object_component>
      <object_component id="oc-163">
         <name>.debug_line</name>
         <load_address>0x2204</load_address>
         <run_address>0x2204</run_address>
         <size>0x92</size>
         <input_file_ref idref="fl-dc"/>
      </object_component>
      <object_component id="oc-73">
         <name>.debug_line</name>
         <load_address>0x2296</load_address>
[...]
      </symbol>
      <symbol id="sm-22f">
         <name>OLED_Set_Pos</name>
         <value>0x1d01</value>
         <object_component_ref idref="oc-234"/>
      </symbol>
      <symbol id="sm-254">
         <name>PWM0_1_Init</name>
         <value>0xd35</value>
         <object_component_ref idref="oc-172"/>
      </symbol>
      <symbol id="sm-255">
         <name>Set_PWM_Value_Angle</name>
         <value>0x15c5</value>
         <object_component_ref idref="oc-1a8"/>
      </symbol>
      <symbol id="sm-273">
         <name>UART2_IRQHandler</name>
         <value>0x10e9</value>
         <object_component_ref idref="oc-45"/>
      </symbol>
      <symbol id="sm-280">
         <name>Control_Mode1</name>
         <value>0x1a41</value>
         <object_component_ref idref="oc-ab"/>
      </symbol>
      <symbol id="sm-293">
         <name>TIM01_Init</name>
         <value>0xf19</value>
         <object_component_ref idref="oc-196"/>
      </symbol>
      <symbol id="sm-2af">
         <name>Reset_Handler</name>
         <value>0x1ff1</value>
         <object_component_ref idref="oc-27"/>
      </symbol>
      <symbol id="sm-2b0">
         <name>Default_Handler</name>
         <value>0x8bf</value>
         <object_component_ref idref="oc-2d"/>
      </symbol>
      <symbol id="sm-2b1">
         <name>interruptVectors</name>
         <value>0x0</value>
         <object_component_ref idref="oc-12"/>
      </symbol>
      <symbol id="sm-2e1">
         <name>ADCIntClearEx</name>
         <value>0x1fd1</value>
         <object_component_ref idref="oc-99"/>
      </symbol>
      <symbol id="sm-2e2">
         <name>ADCSequenceStepConfigure</name>
         <value>0xe29</value>
         <object_component_ref idref="oc-248"/>
      </symbol>
      <symbol id="sm-2ec">
         <name>GPIOPinWrite</name>
         <value>0x1f3b</value>
         <object_component_ref idref="oc-222"/>
      </symbol>
      <symbol id="sm-374">
         <name>SysCtlDelay</name>
         <value>0x2009</value>
         <object_component_ref idref="oc-d0"/>
      </symbol>
      <symbol id="sm-375">
         <name>SysCtlPeripheralEnable</name>
         <value>0x1d41</value>
         <object_component_ref idref="oc-216"/>
      </symbol>
      <symbol id="sm-376">
         <name>SysCtlPeripheralReady</name>
         <value>0x1c35</value>
         <object_component_ref idref="oc-21c"/>
      </symbol>
      <symbol id="sm-377">
         <name>SysCtlClockFreqSet</name>
         <value>0x209</value>
         <object_component_ref idref="oc-166"/>
      </symbol>
      <symbol id="sm-399">
         <name>TimerValueGet</name>
         <value>0x1f7d</value>
         <object_component_ref idref="oc-14f"/>
      </symbol>
      <symbol id="sm-39a">
         <name>TimerControlTrigger</name>
         <value>0x1aa5</value>
         <object_component_ref idref="oc-24e"/>
      </symbol>
      <symbol id="sm-39b">
         <name>TimerPrescaleSet</name>
         <value>0x1eed</value>
         <object_component_ref idref="oc-241"/>
      </symbol>
      <symbol id="sm-3b4">
         <name>__aeabi_dsub</name>
         <value>0x709</value>
         <object_component_ref idref="oc-261"/>
      </symbol>
      <symbol id="sm-3b5">
         <name>__aeabi_dadd</name>
         <value>0x713</value>
         <object_component_ref idref="oc-261"/>
      </symbol>
      <symbol id="sm-3c7">
         <name>__aeabi_cdrcmple</name>
         <value>0x1651</value>
         <object_component_ref idref="oc-13d"/>
      </symbol>
      <symbol id="sm-3db">
         <name>__aeabi_ddiv</name>
         <value>0x9fd</value>
         <object_component_ref idref="oc-25c"/>
      </symbol>
      <symbol id="sm-3e6">
         <name>__aeabi_dmul</name>
         <value>0xc39</value>
         <object_component_ref idref="oc-257"/>
      </symbol>
      <symbol id="sm-3f2">
         <name>__aeabi_d2f</name>
         <value>0x1835</value>
         <object_component_ref idref="oc-266"/>
      </symbol>
      <symbol id="sm-3fe">
         <name>__aeabi_f2d</name>
         <value>0x1df5</value>
         <object_component_ref idref="oc-138"/>
      </symbol>
      <symbol id="sm-416">
         <name>__TI_zero_init</name>
         <value>0x1ffd</value>
         <object_component_ref idref="oc-71"/>
      </symbol>
      <symbol id="sm-42d">
         <name>__TI_decompress_none</name>
         <value>0x1fe3</value>
         <object_component_ref idref="oc-1b"/>
      </symbol>
      <symbol id="sm-450">
         <name>__TI_decompress_lzss</name>
         <value>0x1975</value>
         <object_component_ref idref="oc-15"/>
      </symbol>
      <symbol id="sm-463">
         <name>__stack</name>
         <value>0x20000418</value>
         <object_component_ref idref="oc-24"/>
      </symbol>
      <symbol id="sm-464">
         <name>_c_int00_noargs</name>
         <value>0x1e2d</value>
         <object_component_ref idref="oc-7d"/>
      </symbol>
      <symbol id="sm-47f">
         <name>memcpy</name>
         <value>0x1409</value>
         <object_component_ref idref="oc-5f"/>
      </symbol>
      <symbol id="sm-480">
         <name>__aeabi_memcpy</name>
         <value>0x1409</value>
         <object_component_ref idref="oc-5f"/>
      </symbol>
      <symbol id="sm-481">
         <name>__aeabi_memcpy8</name>
         <value>0x1409</value>
         <object_component_ref idref="oc-5f"/>
      </symbol>
      <symbol id="sm-482">
         <name>__aeabi_memcpy4</name>
         <value>0x1409</value>
         <object_component_ref idref="oc-5f"/>
      </symbol>
      <symbol id="sm-491">
         <name>__aeabi_memset</name>
         <value>0x16d9</value>
         <object_component_ref idref="oc-f1"/>
      </symbol>
      <symbol id="sm-492">
         <name>memset</name>
         <value>0x16df</value>
         <object_component_ref idref="oc-f1"/>
      </symbol>
      <symbol id="sm-493">
         <name>__aeabi_memset8</name>
         <value>0x16d9</value>
         <object_component_ref idref="oc-f1"/>
      </symbol>
      <symbol id="sm-494">
         <name>__aeabi_memset4</name>
         <value>0x16d9</value>
         <object_component_ref idref="oc-f1"/>
      </symbol>
      <symbol id="sm-495">
         <name>__aeabi_memclr8</name>
         <value>0x16d7</value>
         <object_component_ref idref="oc-f1"/>
      </symbol>
      <symbol id="sm-496">
         <name>__aeabi_memclr4</name>
         <value>0x16d7</value>
         <object_component_ref idref="oc-f1"/>
      </symbol>
      <symbol id="sm-497">
         <name>__aeabi_memclr</name>
         <value>0x16d7</value>
         <object_component_ref idref="oc-f1"/>
      </symbol>
      <symbol id="sm-4bf">
         <name>__TI_auto_init_nobinit_nopinit</name>
         <value>0x1cbd</value>
         <object_component_ref idref="oc-1c2"/>
      </symbol>
      <symbol id="sm-4c9">
         <name>_system_pre_init</name>
         <value>0x200f</value>
         <object_component_ref idref="oc-f7"/>
      </symbol>
      <symbol id="sm-4d5">
         <name>C$$EXIT</name>
         <value>0x2013</value>
         <object_component_ref idref="oc-1b6"/>
      </symbol>
      <symbol id="sm-4d6">
         <name>abort</name>
         <value>0x2013</value>
         <object_component_ref idref="oc-1b6"/>
      </symbol>
      <symbol id="sm-4d9">
         <name>__TI_static_base__</name>
         <value>0x0</value>
      </symbol>
      <symbol id="sm-4dc">
         <name>__mpu_init</name>
         <value>0x0</value>
      </symbol>
      <symbol id="sm-4dd">
         <name>_system_post_cinit</name>
         <value>0x0</value>
      </symbol>
      <symbol id="sm-4de">
         <name>NMI_Handler</name>
         <value>0x8bf</value>
      </symbol>
      <symbol id="sm-4df">
         <name>HardFault_Handler</name>
         <value>0x8bf</value>
      </symbol>
      <symbol id="sm-4e0">
         <name>MemManage_Handler</name>
         <value>0x8bf</value>
      </symbol>
      <symbol id="sm-4e1">
         <name>BusFault_Handler</name>
         <value>0x8bf</value>
      </symbol>
      <symbol id="sm-4e2">
         <name>UsageFault_Handler</name>
         <value>0x8bf</value>
      </symbol>
      <symbol id="sm-4e3">
         <name>SVC_Handler</name>
         <value>0x8bf</value>
      </symbol>
      <symbol id="sm-4e4">
         <name>DebugMon_Handler</name>
         <value>0x8bf</value>
      </symbol>
      <symbol id="sm-4e5">
         <name>PendSV_Handler</name>
         <value>0x8bf</value>
      </symbol>
      <symbol id="sm-4e6">
         <name>SysTick_Handler</name>
         <value>0x8bf</value>
      </symbol>
      <symbol id="sm-4e7">
         <name>GPIOA_IRQHandler</name>
         <value>0x8bf</value>
      </symbol>
      <symbol id="sm-4e8">
         <name>GPIOB_IRQHandler</name>
         <value>0x8bf</value>
      </symbol>
      <symbol id="sm-4e9">
         <name>GPIOC_IRQHandler</name>
         <value>0x8bf</value>
      </symbol>
      <symbol id="sm-4ea">
         <name>GPIOD_IRQHandler</name>
         <value>0x8bf</value>
      </symbol>
      <symbol id="sm-4eb">
         <name>GPIOE_IRQHandler</name>
         <value>0x8bf</value>
      </symbol>
      <symbol id="sm-4ec">
         <name>UART0_IRQHandler</name>
         <value>0x8bf</value>
      </symbol>
      <symbol id="sm-4ed">
         <name>UART1_IRQHandler</name>
         <value>0x8bf</value>
      </symbol>
      <symbol id="sm-4ee">
         <name>SSI0_IRQHandler</name>
         <value>0x8bf</value>
      </symbol>
      <symbol id="sm-4ef">
         <name>I2C0_IRQHandler</name>
         <value>0x8bf</value>
      </symbol>
      <symbol id="sm-4f0">
         <name>PWM0_FAULT_IRQHandler</name>
         <value>0x8bf</value>
      </symbol>
      <symbol id="sm-4f1">
         <name>PWM0_0_IRQHandler</name>
         <value>0x8bf</value>
      </symbol>
      <symbol id="sm-4f2">
         <name>PWM0_1_IRQHandler</name>
         <value>0x8bf</value>
      </symbol>
      <symbol id="sm-4f3">
         <name>PWM0_2_IRQHandler</name>
         <value>0x8bf</value>
      </symbol>
      <symbol id="sm-4f4">
         <name>QEI0_IRQHandler</name>
         <value>0x8bf</value>
      </symbol>
      <symbol id="sm-4f5">
         <name>ADC0SS0_IRQHandler</name>
         <value>0x8bf</value>
      </symbol>
      <symbol id="sm-4f6">
         <name>ADC0SS1_IRQHandler</name>
         <value>0x8bf</value>
      </symbol>
      <symbol id="sm-4f7">
         <name>ADC0SS2_IRQHandler</name>
         <value>0x19dd</value>
      </symbol>
      <symbol id="sm-4f8">
         <name>ADC0SS3_IRQHandler</name>
         <value>0x8bf</value>
      </symbol>
      <symbol id="sm-4f9">
         <name>WATCHDOG_IRQHandler</name>
         <value>0x8bf</value>
      </symbol>
      <symbol id="sm-4fa">
         <name>TIMER0A_IRQHandler</name>
         <value>0x14a5</value>
      </symbol>
      <symbol id="sm-4fb">
         <name>TIMER0B_IRQHandler</name>
         <value>0x8bf</value>
      </symbol>
      <symbol id="sm-4fc">
         <name>TIMER1A_IRQHandler</name>
         <value>0x1b9d</value>
      </symbol>
      <symbol id="sm-4fd">
         <name>TIMER1B_IRQHandler</name>
         <value>0x8bf</value>
      </symbol>
      <symbol id="sm-4fe">
         <name>TIMER2A_IRQHandler</name>
         <value>0x8bf</value>
      </symbol>
      <symbol id="sm-4ff">
         <name>TIMER2B_IRQHandler</name>
         <value>0x8bf</value>
      </symbol>
      <symbol id="sm-500">
         <name>COMP0_IRQHandler</name>
         <value>0x8bf</value>
      </symbol>
      <symbol id="sm-501">
         <name>COMP1_IRQHandler</name>
         <value>0x8bf</value>
      </symbol>
      <symbol id="sm-502">
         <name>COMP2_IRQHandler</name>
         <value>0x8bf</value>
      </symbol>
      <symbol id="sm-503">
         <name>SYSCTL_IRQHandler</name>
         <value>0x8bf</value>
      </symbol>
      <symbol id="sm-504">
         <name>FLASH_IRQHandler</name>
         <value>0x8bf</value>
      </symbol>
      <symbol id="sm-505">
         <name>GPIOF_IRQHandler</name>
         <value>0x8bf</value>
      </symbol>
      <symbol id="sm-506">
         <name>GPIOG_IRQHandler</name>
         <value>0x8bf</value>
      </symbol>
      <symbol id="sm-507">
         <name>GPIOH_IRQHandler</name>
         <value>0x8bf</value>
      </symbol>
      <symbol id="sm-508">
         <name>UART2_IRQHandler</name>
         <value>0x10e9</value>
      </symbol>
      <symbol id="sm-509">
         <name>SSI1_IRQHandler</name>
         <value>0x8bf</value>
      </symbol>
      <symbol id="sm-50a">
         <name>TIMER3A_IRQHandler</name>
         <value>0x8bf</value>
      </symbol>
      <symbol id="sm-50b">
         <name>TIMER3B_IRQHandler</name>
         <value>0x8bf</value>
      </symbol>
      <symbol id="sm-50c">
         <name>I2C1_IRQHandler</name>
         <value>0x8bf</value>
      </symbol>
      <symbol id="sm-50d">
         <name>CAN0_IRQHandler</name>
         <value>0x8bf</value>
      </symbol>
      <symbol id="sm-50e">
         <name>CAN1_IRQHandler</name>
         <value>0x8bf</value>
      </symbol>
      <symbol id="sm-50f">
         <name>EMAC0_IRQHandler</name>
         <value>0x8bf</value>
      </symbol>
      <symbol id="sm-510">
         <name>HIBERNATE_IRQHandler</name>
         <value>0x8bf</value>
      </symbol>
      <symbol id="sm-511">
         <name>USB0_IRQHandler</name>
         <value>0x8bf</value>
      </symbol>
      <symbol id="sm-512">
         <name>PWM0_3_IRQHandler</name>
         <value>0x8bf</value>
      </symbol>
      <symbol id="sm-513">
         <name>UDMA_IRQHandler</name>
         <value>0x8bf</value>
      </symbol>
      <symbol id="sm-514">
         <name>UDMAERR_IRQHandler</name>
         <value>0x8bf</value>
      </symbol>
      <symbol id="sm-515">
         <name>ADC1SS0_IRQHandler</name>
         <value>0x8bf</value>
      </symbol>
      <symbol id="sm-516">
         <name>ADC1SS1_IRQHandler</name>
         <value>0x8bf</value>
      </symbol>
      <symbol id="sm-517">
         <name>ADC1SS2_IRQHandler</name>
         <value>0x8bf</value>
      </symbol>
      <symbol id="sm-518">
         <name>ADC1SS3_IRQHandler</name>
         <value>0x8bf</value>
      </symbol>
      <symbol id="sm-519">
         <name>EPI0_IRQHandler</name>
         <value>0x8bf</value>
      </symbol>
      <symbol id="sm-51a">
         <name>GPIOJ_IRQHandler</name>
         <value>0x8bf</value>
      </symbol>
      <symbol id="sm-51b">
         <name>GPIOK_IRQHandler</name>
         <value>0x8bf</value>
      </symbol>
      <symbol id="sm-51c">
         <name>GPIOL_IRQHandler</name>
         <value>0x8bf</value>
      </symbol>
      <symbol id="sm-51d">
         <name>SSI2_IRQHandler</name>
         <value>0x8bf</value>
      </symbol>
      <symbol id="sm-51e">
         <name>SSI3_IRQHandler</name>
         <value>0x8bf</value>
      </symbol>
      <symbol id="sm-51f">
         <name>UART3_IRQHandler</name>
         <value>0x8bf</value>
      </symbol>
      <symbol id="sm-520">
         <name>UART4_IRQHandler</name>
         <value>0x8bf</value>
      </symbol>
      <symbol id="sm-521">
         <name>UART5_IRQHandler</name>
         <value>0x8bf</value>
      </symbol>
      <symbol id="sm-522">
         <name>UART6_IRQHandler</name>
         <value>0x1299</value>
      </symbol>
      <symbol id="sm-523">
         <name>UART7_IRQHandler</name>
         <value>0x8bf</value>
      </symbol>
      <symbol id="sm-524">
         <name>I2C2_IRQHandler</name>
         <value>0x8bf</value>
      </symbol>
      <symbol id="sm-525">
         <name>I2C3_IRQHandler</name>
         <value>0x8bf</value>
      </symbol>
      <symbol id="sm-526">
         <name>TIMER4A_IRQHandler</name>
         <value>0x8bf</value>
      </symbol>
      <symbol id="sm-527">
         <name>TIMER4B_IRQHandler</name>
         <value>0x8bf</value>
      </symbol>
      <symbol id="sm-528">
         <name>TIMER5A_IRQHandler</name>
         <value>0x8bf</value>
      </symbol>
      <symbol id="sm-529">
         <name>TIMER5B_IRQHandler</name>
         <value>0x8bf</value>
      </symbol>
      <symbol id="sm-52a">
         <name>SYSEXC_IRQHandler</name>
         <value>0x8bf</value>
      </symbol>
      <symbol id="sm-52b">
         <name>I2C4_IRQHandler</name>
         <value>0x8bf</value>
      </symbol>
      <symbol id="sm-52c">
         <name>I2C5_IRQHandler</name>
         <value>0x8bf</value>
      </symbol>
      <symbol id="sm-52d">
         <name>GPIOM_IRQHandler</name>
         <value>0x8bf</value>
      </symbol>
      <symbol id="sm-52e">
         <name>GPION_IRQHandler</name>
         <value>0x8bf</value>
      </symbol>
      <symbol id="sm-52f">
         <name>TAMPER0_IRQHandler</name>
         <value>0x8bf</value>
      </symbol>
      <symbol id="sm-530">
         <name>GPIOP0_IRQHandler</name>
         <value>0x8bf</value>
      </symbol>
      <symbol id="sm-531">
         <name>GPIOP1_IRQHandler</name>
         <value>0x8bf</value>
      </symbol>
      <symbol id="sm-532">
         <name>GPIOP2_IRQHandler</name>
         <value>0x8bf</value>
      </symbol>
      <symbol id="sm-533">
         <name>GPIOP3_IRQHandler</name>
         <value>0x8bf</value>
      </symbol>
      <symbol id="sm-534">
         <name>GPIOP4_IRQHandler</name>
         <value>0x8bf</value>
      </symbol>
      <symbol id="sm-535">
         <name>GPIOP5_IRQHandler</name>
         <value>0x8bf</value>
      </symbol>
      <symbol id="sm-536">
         <name>GPIOP6_IRQHandler</name>
         <value>0x8bf</value>
      </symbol>
      <symbol id="sm-537">
         <name>GPIOP7_IRQHandler</name>
         <value>0x8bf</value>
      </symbol>
      <symbol id="sm-538">
         <name>GPIOQ0_IRQHandler</name>
         <value>0x8bf</value>
      </symbol>
      <symbol id="sm-539">
         <name>GPIOQ1_IRQHandler</name>
         <value>0x8bf</value>
      </symbol>
      <symbol id="sm-53a">
         <name>GPIOQ2_IRQHandler</name>
         <value>0x8bf</value>
      </symbol>
      <symbol id="sm-53b">
         <name>GPIOQ3_IRQHandler</name>
         <value>0x8bf</value>
      </symbol>
      <symbol id="sm-53c">
         <name>GPIOQ4_IRQHandler</name>
         <value>0x8bf</value>
      </symbol>
      <symbol id="sm-53d">
         <name>GPIOQ5_IRQHandler</name>
         <value>0x8bf</value>
      </symbol>
      <symbol id="sm-53e">
         <name>GPIOQ6_IRQHandler</name>
         <value>0x8bf</value>
      </symbol>
      <symbol id="sm-53f">
         <name>GPIOQ7_IRQHandler</name>
         <value>0x8bf</value>
      </symbol>
      <symbol id="sm-540">
         <name>SHA0_IRQHandler</name>
         <value>0x8bf</value>
      </symbol>
      <symbol id="sm-541">
         <name>AES0_IRQHandler</name>
         <value>0x8bf</value>
      </symbol>
      <symbol id="sm-542">
         <name>DES0_IRQHandler</name>
         <value>0x8bf</value>
      </symbol>
      <symbol id="sm-543">
         <name>TIMER6A_IRQHandler</name>
         <value>0x8bf</value>
      </symbol>
      <symbol id="sm-544">
         <name>TIMER6B_IRQHandler</name>
         <value>0x8bf</value>
      </symbol>
      <symbol id="sm-545">
         <name>TIMER7A_IRQHandler</name>
         <value>0x8bf</value>
      </symbol>
      <symbol id="sm-546">
         <name>TIMER7B_IRQHandler</name>
         <value>0x8bf</value>
      </symbol>
      <symbol id="sm-547">
         <name>I2C6_IRQHandler</name>
         <value>0x8bf</value>
      </symbol>
      <symbol id="sm-548">
         <name>I2C7_IRQHandler</name>
         <value>0x8bf</value>
      </symbol>
      <symbol id="sm-549">
         <name>I2C8_IRQHandler</name>
         <value>0x8bf</value>
      </symbol>
      <symbol id="sm-54a">
         <name>I2C9_IRQHandler</name>
         <value>0x8bf</value>
      </symbol>
   </symbol_table>
   <title>Link successful</title>
</link_info>
