<?xml version="1.0" encoding="ISO-8859-1" ?>
<link_info>
   <banner>TI ARM Linker PC v20.2.7.LTS</banner>
   <copyright>Copyright (c) 1996-2018 Texas Instruments Incorporated</copyright>
   <link_time>0x64c71bd9</link_time>
   <link_errors>0x0</link_errors>
   <output_file>AAA_car.out</output_file>
   <entry_point>
      <name>_c_int00_noargs</name>
      <address>0x18f5</address>
   </entry_point>
   <input_file_list>
      <input_file id="fl-2">
         <path>.\</path>
         <kind>object</kind>
         <file>main.obj</file>
         <name>main.obj</name>
      </input_file>
      <input_file id="fl-3">
         <path>.\</path>
         <kind>object</kind>
         <file>system_msp432e401y.obj</file>
         <name>system_msp432e401y.obj</name>
      </input_file>
      <input_file id="fl-4">
         <path>.\Hardware\</path>
         <kind>object</kind>
         <file>ADC.obj</file>
         <name>ADC.obj</name>
      </input_file>
      <input_file id="fl-5">
         <path>.\Hardware\</path>
         <kind>object</kind>
         <file>DCMotor.obj</file>
         <name>DCMotor.obj</name>
      </input_file>
      <input_file id="fl-6">
         <path>.\Hardware\</path>
         <kind>object</kind>
         <file>Encoder.obj</file>
         <name>Encoder.obj</name>
      </input_file>
      <input_file id="fl-7">
         <path>.\Hardware\</path>
         <kind>object</kind>
         <file>Key.obj</file>
         <name>Key.obj</name>
      </input_file>
      <input_file id="fl-8">
         <path>.\Hardware\</path>
         <kind>object</kind>
         <file>OLED.obj</file>
         <name>OLED.obj</name>
      </input_file>
      <input_file id="fl-9">
         <path>.\Hardware\</path>
         <kind>object</kind>
         <file>Sevor.obj</file>
         <name>Sevor.obj</name>
      </input_file>
      <input_file id="fl-a">
         <path>.\Hardware\</path>
         <kind>object</kind>
         <file>_UART.obj</file>
         <name>_UART.obj</name>
      </input_file>
      <input_file id="fl-b">
         <path>.\System\</path>
         <kind>object</kind>
         <file>Motor_Con.obj</file>
         <name>Motor_Con.obj</name>
      </input_file>
      <input_file id="fl-c">
         <path>.\System\</path>
         <kind>object</kind>
         <file>Timer.obj</file>
         <name>Timer.obj</name>
      </input_file>
      <input_file id="fl-d">
         <path>.\ccs\</path>
         <kind>object</kind>
         <file>startup_msp432e401y_ccs.obj</file>
         <name>startup_msp432e401y_ccs.obj</name>
      </input_file>
      <input_file id="fl-17">
         <kind>object</kind>
         <file>&lt;internal&gt;</file>
         <name>&lt;internal&gt;</name>
      </input_file>
      <input_file id="fl-18">
         <path>D:\CCSv8\simplelink_msp432e4_sdk_4_20_00_12\source\ti\devices\msp432e4\driverlib\lib\ccs\m4f\</path>
         <kind>archive</kind>
         <file>msp432e4_driverlib.a</file>
         <name>adc.o</name>
      </input_file>
      <input_file id="fl-19">
         <path>D:\CCSv8\simplelink_msp432e4_sdk_4_20_00_12\source\ti\devices\msp432e4\driverlib\lib\ccs\m4f\</path>
         <kind>archive</kind>
         <file>msp432e4_driverlib.a</file>
         <name>gpio.o</name>
      </input_file>
      <input_file id="fl-1a">
         <path>D:\CCSv8\simplelink_msp432e4_sdk_4_20_00_12\source\ti\devices\msp432e4\driverlib\lib\ccs\m4f\</path>
         <kind>archive</kind>
         <file>msp432e4_driverlib.a</file>
         <name>interrupt.o</name>
      </input_file>
      <input_file id="fl-1b">
         <path>D:\CCSv8\simplelink_msp432e4_sdk_4_20_00_12\source\ti\devices\msp432e4\driverlib\lib\ccs\m4f\</path>
         <kind>archive</kind>
         <file>msp432e4_driverlib.a</file>
         <name>sysctl.o</name>
      </input_file>
      <input_file id="fl-1c">
         <path>D:\CCSv8\simplelink_msp432e4_sdk_4_20_00_12\source\ti\devices\msp432e4\driverlib\lib\ccs\m4f\</path>
         <kind>archive</kind>
         <file>msp432e4_driverlib.a</file>
         <name>timer.o</name>
      </input_file>
      <input_file id="fl-1d">
         <path>D:\CCSv8\simplelink_msp432e4_sdk_4_20_00_12\source\ti\devices\msp432e4\driverlib\lib\ccs\m4f\</path>
         <kind>archive</kind>
         <file>msp432e4_driverlib.a</file>
         <name>uart.o</name>
      </input_file>
      <input_file id="fl-1e">
         <path>D:\CCSv8\simplelink_msp432e4_sdk_4_20_00_12\source\ti\devices\msp432e4\driverlib\lib\ccs\m4f\</path>
         <kind>archive</kind>
         <file>msp432e4_driverlib.a</file>
         <name>cpu.o</name>
      </input_file>
      <input_file id="fl-d4">
         <path>D:\CCSv8\ccs1230\ccs\tools\compiler\ti-cgt-arm_20.2.7.LTS\lib\</path>
         <kind>archive</kind>
         <file>rtsv7M4_T_le_v4SPD16_eabi.lib</file>
         <name>fd_add_t2.asm.obj</name>
      </input_file>
      <input_file id="fl-d5">
         <path>D:\CCSv8\ccs1230\ccs\tools\compiler\ti-cgt-arm_20.2.7.LTS\lib\</path>
         <kind>archive</kind>
         <file>rtsv7M4_T_le_v4SPD16_eabi.lib</file>
         <name>fd_div_t2.asm.obj</name>
      </input_file>
      <input_file id="fl-d6">
         <path>D:\CCSv8\ccs1230\ccs\tools\compiler\ti-cgt-arm_20.2.7.LTS\lib\</path>
         <kind>archive</kind>
         <file>rtsv7M4_T_le_v4SPD16_eabi.lib</file>
         <name>fd_mul_t2.asm.obj</name>
      </input_file>
      <input_file id="fl-d7">
         <path>D:\CCSv8\ccs1230\ccs\tools\compiler\ti-cgt-arm_20.2.7.LTS\lib\</path>
         <kind>archive</kind>
         <file>rtsv7M4_T_le_v4SPD16_eabi.lib</file>
         <name>fd_tos_t2.asm.obj</name>
      </input_file>
      <input_file id="fl-d8">
         <path>D:\CCSv8\ccs1230\ccs\tools\compiler\ti-cgt-arm_20.2.7.LTS\lib\</path>
         <kind>archive</kind>
         <file>rtsv7M4_T_le_v4SPD16_eabi.lib</file>
         <name>fd_tou_t2.asm.obj</name>
      </input_file>
      <input_file id="fl-d9">
         <path>D:\CCSv8\ccs1230\ccs\tools\compiler\ti-cgt-arm_20.2.7.LTS\lib\</path>
         <kind>archive</kind>
         <file>rtsv7M4_T_le_v4SPD16_eabi.lib</file>
         <name>fs_tod_t2.asm.obj</name>
      </input_file>
      <input_file id="fl-da">
         <path>D:\CCSv8\ccs1230\ccs\tools\compiler\ti-cgt-arm_20.2.7.LTS\lib\</path>
         <kind>archive</kind>
         <file>rtsv7M4_T_le_v4SPD16_eabi.lib</file>
         <name>u_tofd_t2.asm.obj</name>
      </input_file>
      <input_file id="fl-db">
         <path>D:\CCSv8\ccs1230\ccs\tools\compiler\ti-cgt-arm_20.2.7.LTS\lib\</path>
         <kind>archive</kind>
         <file>rtsv7M4_T_le_v4SPD16_eabi.lib</file>
         <name>copy_zero_init.c.obj</name>
      </input_file>
      <input_file id="fl-dc">
         <path>D:\CCSv8\ccs1230\ccs\tools\compiler\ti-cgt-arm_20.2.7.LTS\lib\</path>
         <kind>archive</kind>
         <file>rtsv7M4_T_le_v4SPD16_eabi.lib</file>
         <name>copy_decompress_none.c.obj</name>
      </input_file>
      <input_file id="fl-dd">
         <path>D:\CCSv8\ccs1230\ccs\tools\compiler\ti-cgt-arm_20.2.7.LTS\lib\</path>
         <kind>archive</kind>
         <file>rtsv7M4_T_le_v4SPD16_eabi.lib</file>
         <name>copy_decompress_lzss.c.obj</name>
      </input_file>
      <input_file id="fl-de">
         <path>D:\CCSv8\ccs1230\ccs\tools\compiler\ti-cgt-arm_20.2.7.LTS\lib\</path>
         <kind>archive</kind>
         <file>rtsv7M4_T_le_v4SPD16_eabi.lib</file>
         <name>boot_cortex_m.c.obj</name>
      </input_file>
      <input_file id="fl-df">
         <path>D:\CCSv8\ccs1230\ccs\tools\compiler\ti-cgt-arm_20.2.7.LTS\lib\</path>
         <kind>archive</kind>
         <file>rtsv7M4_T_le_v4SPD16_eabi.lib</file>
         <name>memcpy_t2.asm.obj</name>
      </input_file>
      <input_file id="fl-e0">
         <path>D:\CCSv8\ccs1230\ccs\tools\compiler\ti-cgt-arm_20.2.7.LTS\lib\</path>
         <kind>archive</kind>
         <file>rtsv7M4_T_le_v4SPD16_eabi.lib</file>
         <name>memset_t2.asm.obj</name>
      </input_file>
      <input_file id="fl-e1">
         <path>D:\CCSv8\ccs1230\ccs\tools\compiler\ti-cgt-arm_20.2.7.LTS\lib\</path>
         <kind>archive</kind>
         <file>rtsv7M4_T_le_v4SPD16_eabi.lib</file>
         <name>autoinit.c.obj</name>
      </input_file>
      <input_file id="fl-e2">
         <path>D:\CCSv8\ccs1230\ccs\tools\compiler\ti-cgt-arm_20.2.7.LTS\lib\</path>
         <kind>archive</kind>
         <file>rtsv7M4_T_le_v4SPD16_eabi.lib</file>
         <name>pre_init.c.obj</name>
      </input_file>
      <input_file id="fl-e3">
         <path>D:\CCSv8\ccs1230\ccs\tools\compiler\ti-cgt-arm_20.2.7.LTS\lib\</path>
         <kind>archive</kind>
         <file>rtsv7M4_T_le_v4SPD16_eabi.lib</file>
         <name>cpy_tbl.c.obj</name>
      </input_file>
      <input_file id="fl-e4">
         <path>D:\CCSv8\ccs1230\ccs\tools\compiler\ti-cgt-arm_20.2.7.LTS\lib\</path>
         <kind>archive</kind>
         <file>rtsv7M4_T_le_v4SPD16_eabi.lib</file>
         <name>exit.c.obj</name>
      </input_file>
      <input_file id="fl-e5">
         <path>D:\CCSv8\ccs1230\ccs\tools\compiler\ti-cgt-arm_20.2.7.LTS\lib\</path>
         <kind>archive</kind>
         <file>rtsv7M4_T_le_v4SPD16_eabi.lib</file>
         <name>_lock.c.obj</name>
      </input_file>
      <input_file id="fl-e6">
         <path>D:\CCSv8\ccs1230\ccs\tools\compiler\ti-cgt-arm_20.2.7.LTS\lib\</path>
         <kind>archive</kind>
         <file>rtsv7M4_T_le_v4SPD16_eabi.lib</file>
         <name>args_main.c.obj</name>
      </input_file>
   </input_file_list>
   <object_component_list>
      <object_component id="oc-12">
         <name>.intvecs:retain</name>
         <load_address>0x0</load_address>
         <run_address>0x0</run_address>
         <size>0x208</size>
         <input_file_ref idref="fl-d"/>
      </object_component>
      <object_component id="oc-159">
         <name>.text:SysCtlClockFreqSet</name>
         <load_address>0x208</load_address>
         <run_address>0x208</run_address>
         <size>0x2e0</size>
         <input_file_ref idref="fl-1b"/>
      </object_component>
      <object_component id="oc-1d3">
         <name>.text</name>
         <load_address>0x4e8</load_address>
         <run_address>0x4e8</run_address>
         <size>0x1b6</size>
         <input_file_ref idref="fl-d4"/>
      </object_component>
      <object_component id="oc-2d">
         <name>.text:Default_Handler</name>
         <load_address>0x69e</load_address>
         <run_address>0x69e</run_address>
         <size>0x2</size>
         <input_file_ref idref="fl-d"/>
      </object_component>
      <object_component id="oc-ab">
         <name>.text:Control_Mode1</name>
         <load_address>0x6a0</load_address>
         <run_address>0x6a0</run_address>
         <size>0x180</size>
         <input_file_ref idref="fl-b"/>
      </object_component>
      <object_component id="oc-15f">
         <name>.text:OLED_Init</name>
         <load_address>0x820</load_address>
         <run_address>0x820</run_address>
         <size>0x13c</size>
         <input_file_ref idref="fl-8"/>
      </object_component>
      <object_component id="oc-1ce">
         <name>.text</name>
         <load_address>0x95c</load_address>
         <run_address>0x95c</run_address>
         <size>0x136</size>
         <input_file_ref idref="fl-d5"/>
      </object_component>
      <object_component id="oc-1c9">
         <name>.text</name>
         <load_address>0xa92</load_address>
         <run_address>0xa92</run_address>
         <size>0xfc</size>
         <input_file_ref idref="fl-d6"/>
      </object_component>
      <object_component id="oc-16b">
         <name>.text:PWM0_1_Init</name>
         <load_address>0xb90</load_address>
         <run_address>0xb90</run_address>
         <size>0xf4</size>
         <input_file_ref idref="fl-9"/>
      </object_component>
      <object_component id="oc-171">
         <name>.text:TIM01_Init</name>
         <load_address>0xc84</load_address>
         <run_address>0xc84</run_address>
         <size>0xec</size>
         <input_file_ref idref="fl-c"/>
      </object_component>
      <object_component id="oc-45">
         <name>.text:UART2_IRQHandler</name>
         <load_address>0xd70</load_address>
         <run_address>0xd70</run_address>
         <size>0xe0</size>
         <input_file_ref idref="fl-a"/>
      </object_component>
      <object_component id="oc-177">
         <name>.text:OLED_ShowSignedNum</name>
         <load_address>0xe50</load_address>
         <run_address>0xe50</run_address>
         <size>0xde</size>
         <input_file_ref idref="fl-8"/>
      </object_component>
      <object_component id="oc-22b">
         <name>.text:OLED_ShowChar</name>
         <load_address>0xf30</load_address>
         <run_address>0xf30</run_address>
         <size>0xd0</size>
         <input_file_ref idref="fl-8"/>
      </object_component>
      <object_component id="oc-4b">
         <name>.text:UART6_IRQHandler</name>
         <load_address>0x1000</load_address>
         <run_address>0x1000</run_address>
         <size>0xd0</size>
         <input_file_ref idref="fl-2"/>
      </object_component>
      <object_component id="oc-2c6">
         <name>.text:Write_IIC_Byte</name>
         <load_address>0x10d0</load_address>
         <run_address>0x10d0</run_address>
         <size>0xb0</size>
         <input_file_ref idref="fl-8"/>
      </object_component>
      <object_component id="oc-165">
         <name>.text:UART6_Init</name>
         <load_address>0x1180</load_address>
         <run_address>0x1180</run_address>
         <size>0x9c</size>
         <input_file_ref idref="fl-a"/>
      </object_component>
      <object_component id="oc-5f">
         <name>.text</name>
         <load_address>0x121c</load_address>
         <run_address>0x121c</run_address>
         <size>0x9c</size>
         <input_file_ref idref="fl-df"/>
      </object_component>
      <object_component id="oc-1e7">
         <name>.text:_SysCtlFrequencyGet</name>
         <load_address>0x12b8</load_address>
         <run_address>0x12b8</run_address>
         <size>0x90</size>
         <input_file_ref idref="fl-1b"/>
      </object_component>
      <object_component id="oc-12d">
         <name>.text:Set_PWM_Value_Angle</name>
         <load_address>0x1348</load_address>
         <run_address>0x1348</run_address>
         <size>0x8c</size>
         <input_file_ref idref="fl-9"/>
      </object_component>
      <object_component id="oc-1d8">
         <name>.text</name>
         <load_address>0x13d4</load_address>
         <run_address>0x13d4</run_address>
         <size>0x6e</size>
         <input_file_ref idref="fl-d7"/>
      </object_component>
      <object_component id="oc-20f">
         <name>.text:OLED_Clear</name>
         <load_address>0x1442</load_address>
         <run_address>0x1442</run_address>
         <size>0x6a</size>
         <input_file_ref idref="fl-8"/>
      </object_component>
      <object_component id="oc-15">
         <name>.text:decompress:lzss:__TI_decompress_lzss</name>
         <load_address>0x14ac</load_address>
         <run_address>0x14ac</run_address>
         <size>0x68</size>
         <input_file_ref idref="fl-dd"/>
      </object_component>
      <object_component id="oc-33">
         <name>.text:ADC0SS2_IRQHandler</name>
         <load_address>0x1514</load_address>
         <run_address>0x1514</run_address>
         <size>0x64</size>
         <input_file_ref idref="fl-4"/>
      </object_component>
      <object_component id="oc-39">
         <name>.text:TIMER0A_IRQHandler</name>
         <load_address>0x1578</load_address>
         <run_address>0x1578</run_address>
         <size>0x5c</size>
         <input_file_ref idref="fl-2"/>
      </object_component>
      <object_component id="oc-2c0">
         <name>.text:IIC_Start</name>
         <load_address>0x15d4</load_address>
         <run_address>0x15d4</run_address>
         <size>0x4c</size>
         <input_file_ref idref="fl-8"/>
      </object_component>
      <object_component id="oc-3f">
         <name>.text:TIMER1A_IRQHandler</name>
         <load_address>0x1620</load_address>
         <run_address>0x1620</run_address>
         <size>0x4c</size>
         <input_file_ref idref="fl-2"/>
      </object_component>
      <object_component id="oc-f4">
         <name>.text:main</name>
         <load_address>0x166c</load_address>
         <run_address>0x166c</run_address>
         <size>0x4c</size>
         <input_file_ref idref="fl-2"/>
      </object_component>
      <object_component id="oc-21c">
         <name>.text:GPIOPinConfigure</name>
         <load_address>0x16b8</load_address>
         <run_address>0x16b8</run_address>
         <size>0x44</size>
         <input_file_ref idref="fl-19"/>
      </object_component>
      <object_component id="oc-1fd">
         <name>.text:SysCtlPeripheralReady</name>
         <load_address>0x16fc</load_address>
         <run_address>0x16fc</run_address>
         <size>0x44</size>
         <input_file_ref idref="fl-1b"/>
      </object_component>
      <object_component id="oc-1e1">
         <name>.text:_SysCtlMemTimingGet</name>
         <load_address>0x1740</load_address>
         <run_address>0x1740</run_address>
         <size>0x44</size>
         <input_file_ref idref="fl-1b"/>
      </object_component>
      <object_component id="oc-18b">
         <name>.text:__TI_auto_init_nobinit_nopinit:__TI_auto_init_nobinit_nopinit</name>
         <load_address>0x1784</load_address>
         <run_address>0x1784</run_address>
         <size>0x44</size>
         <input_file_ref idref="fl-e1"/>
      </object_component>
      <object_component id="oc-215">
         <name>.text:OLED_Set_Pos</name>
         <load_address>0x17c8</load_address>
         <run_address>0x17c8</run_address>
         <size>0x40</size>
         <input_file_ref idref="fl-8"/>
      </object_component>
      <object_component id="oc-1f7">
         <name>.text:SysCtlPeripheralEnable</name>
         <load_address>0x1808</load_address>
         <run_address>0x1808</run_address>
         <size>0x40</size>
         <input_file_ref idref="fl-1b"/>
      </object_component>
      <object_component id="oc-2d2">
         <name>.text:IIC_Stop</name>
         <load_address>0x1848</load_address>
         <run_address>0x1848</run_address>
         <size>0x3c</size>
         <input_file_ref idref="fl-8"/>
      </object_component>
      <object_component id="oc-be">
         <name>.text:Get_Speed</name>
         <load_address>0x1884</load_address>
         <run_address>0x1884</run_address>
         <size>0x38</size>
         <input_file_ref idref="fl-6"/>
      </object_component>
      <object_component id="oc-1c4">
         <name>.text</name>
         <load_address>0x18bc</load_address>
         <run_address>0x18bc</run_address>
         <size>0x38</size>
         <input_file_ref idref="fl-d9"/>
      </object_component>
      <object_component id="oc-7d">
         <name>.text:_c_int00_noargs:_c_int00_noargs</name>
         <load_address>0x18f4</load_address>
         <run_address>0x18f4</run_address>
         <size>0x34</size>
         <input_file_ref idref="fl-de"/>
      </object_component>
      <object_component id="oc-278">
         <name>.text:Write_IIC_Command</name>
         <load_address>0x1928</load_address>
         <run_address>0x1928</run_address>
         <size>0x30</size>
         <input_file_ref idref="fl-8"/>
      </object_component>
      <object_component id="oc-272">
         <name>.text:Write_IIC_Data</name>
         <load_address>0x1958</load_address>
         <run_address>0x1958</run_address>
         <size>0x30</size>
         <input_file_ref idref="fl-8"/>
      </object_component>
      <object_component id="oc-231">
         <name>.text:oled_pow</name>
         <load_address>0x1988</load_address>
         <run_address>0x1988</run_address>
         <size>0x30</size>
         <input_file_ref idref="fl-8"/>
      </object_component>
      <object_component id="oc-2cc">
         <name>.text:IIC_Wait_Ack</name>
         <load_address>0x19b8</load_address>
         <run_address>0x19b8</run_address>
         <size>0x2c</size>
         <input_file_ref idref="fl-8"/>
      </object_component>
      <object_component id="oc-224">
         <name>.text:TimerPrescaleSet</name>
         <load_address>0x19e4</load_address>
         <run_address>0x19e4</run_address>
         <size>0x2a</size>
         <input_file_ref idref="fl-1c"/>
      </object_component>
      <object_component id="oc-209">
         <name>.text:OLED_WR_Byte</name>
         <load_address>0x1a0e</load_address>
         <run_address>0x1a0e</run_address>
         <size>0x24</size>
         <input_file_ref idref="fl-8"/>
      </object_component>
      <object_component id="oc-203">
         <name>.text:GPIOPinWrite</name>
         <load_address>0x1a32</load_address>
         <run_address>0x1a32</run_address>
         <size>0x20</size>
         <input_file_ref idref="fl-19"/>
      </object_component>
      <object_component id="oc-91">
         <name>.text:SystemInit</name>
         <load_address>0x1a54</load_address>
         <run_address>0x1a54</run_address>
         <size>0x20</size>
         <input_file_ref idref="fl-3"/>
      </object_component>
      <object_component id="oc-142">
         <name>.text:TimerValueGet</name>
         <load_address>0x1a74</load_address>
         <run_address>0x1a74</run_address>
         <size>0x1c</size>
         <input_file_ref idref="fl-1c"/>
      </object_component>
      <object_component id="oc-6b">
         <name>.text:decompress:ZI:__TI_zero_init_nomemset:__TI_zero_init_nomemset</name>
         <load_address>0x1a90</load_address>
         <run_address>0x1a90</run_address>
         <size>0x1c</size>
         <input_file_ref idref="fl-db"/>
      </object_component>
      <object_component id="oc-99">
         <name>.text:ADCIntClearEx</name>
         <load_address>0x1aac</load_address>
         <run_address>0x1aac</run_address>
         <size>0x12</size>
         <input_file_ref idref="fl-18"/>
      </object_component>
      <object_component id="oc-1b">
         <name>.text:decompress:none:__TI_decompress_none</name>
         <load_address>0x1abe</load_address>
         <run_address>0x1abe</run_address>
         <size>0xe</size>
         <input_file_ref idref="fl-dc"/>
      </object_component>
      <object_component id="oc-27">
         <name>.text:Reset_Handler</name>
         <load_address>0x1acc</load_address>
         <run_address>0x1acc</run_address>
         <size>0xc</size>
         <input_file_ref idref="fl-d"/>
      </object_component>
      <object_component id="oc-c7">
         <name>.text:SysCtlDelay</name>
         <load_address>0x1ad8</load_address>
         <run_address>0x1ad8</run_address>
         <size>0x6</size>
         <input_file_ref idref="fl-1b"/>
      </object_component>
      <object_component id="oc-ee">
         <name>.text:_system_pre_init</name>
         <load_address>0x1ade</load_address>
         <run_address>0x1ade</run_address>
         <size>0x4</size>
         <input_file_ref idref="fl-e2"/>
      </object_component>
      <object_component id="oc-17f">
         <name>.text:abort:abort</name>
         <load_address>0x1ae2</load_address>
         <run_address>0x1ae2</run_address>
         <size>0x4</size>
         <input_file_ref idref="fl-e4"/>
      </object_component>
      <object_component id="oc-286">
         <name>.const:.string:F8X16</name>
         <load_address>0x1ae8</load_address>
         <run_address>0x1ae8</run_address>
         <size>0x5f0</size>
         <input_file_ref idref="fl-8"/>
      </object_component>
      <object_component id="oc-1f3">
         <name>.const:g_pppui32XTALtoVCO</name>
         <load_address>0x20d8</load_address>
         <run_address>0x20d8</run_address>
         <size>0x1b0</size>
         <input_file_ref idref="fl-1b"/>
      </object_component>
      <object_component id="oc-281">
         <name>.const:g_pui32GPIOBaseAddrs</name>
         <load_address>0x2288</load_address>
         <run_address>0x2288</run_address>
         <size>0x48</size>
         <input_file_ref idref="fl-19"/>
      </object_component>
      <object_component id="oc-25e">
         <name>.const:g_sXTALtoMEMTIM</name>
         <load_address>0x22d0</load_address>
         <run_address>0x22d0</run_address>
         <size>0x30</size>
         <input_file_ref idref="fl-1b"/>
      </object_component>
      <object_component id="oc-1ed">
         <name>.const:g_pui32Xtals</name>
         <load_address>0x2300</load_address>
         <run_address>0x2300</run_address>
         <size>0x28</size>
         <input_file_ref idref="fl-1b"/>
      </object_component>
      <object_component id="oc-1f0">
         <name>.const:g_pui32VCOFrequencies</name>
         <load_address>0x2328</load_address>
         <run_address>0x2328</run_address>
         <size>0x8</size>
         <input_file_ref idref="fl-1b"/>
      </object_component>
      <object_component id="oc-322">
         <name>.cinit..data.load</name>
         <load_address>0x2330</load_address>
         <run_address>0x2330</run_address>
         <size>0xc</size>
      </object_component>
      <object_component id="oc-320">
         <name>__TI_handler_table</name>
         <load_address>0x233c</load_address>
         <run_address>0x233c</run_address>
         <size>0xc</size>
      </object_component>
      <object_component id="oc-323">
         <name>.cinit..bss.load</name>
         <load_address>0x2348</load_address>
         <run_address>0x2348</run_address>
         <size>0x8</size>
      </object_component>
      <object_component id="oc-321">
         <name>__TI_cinit_table</name>
         <load_address>0x2350</load_address>
         <run_address>0x2350</run_address>
         <size>0x10</size>
      </object_component>
      <object_component id="oc-ba">
         <name>.data</name>
         <load_address>0x20000248</load_address>
         <run_address>0x20000248</run_address>
         <size>0x4</size>
         <input_file_ref idref="fl-2"/>
      </object_component>
      <object_component id="oc-b4">
         <name>.data:Servo_PID_x</name>
         <load_address>0x20000200</load_address>
         <run_address>0x20000200</run_address>
         <size>0x24</size>
         <input_file_ref idref="fl-2"/>
      </object_component>
      <object_component id="oc-b7">
         <name>.data:Servo_PID_y</name>
         <load_address>0x20000224</load_address>
         <run_address>0x20000224</run_address>
         <size>0x24</size>
         <input_file_ref idref="fl-2"/>
      </object_component>
      <object_component id="oc-106">
         <name>.data</name>
         <load_address>0x2000024c</load_address>
         <run_address>0x2000024c</run_address>
         <size>0x4</size>
         <input_file_ref idref="fl-3"/>
      </object_component>
      <object_component id="oc-a2">
         <name>.data</name>
         <load_address>0x20000252</load_address>
         <run_address>0x20000252</run_address>
         <size>0x1</size>
         <input_file_ref idref="fl-4"/>
      </object_component>
      <object_component id="oc-c8">
         <name>.data</name>
         <load_address>0x20000250</load_address>
         <run_address>0x20000250</run_address>
         <size>0x2</size>
         <input_file_ref idref="fl-a"/>
      </object_component>
      <object_component id="oc-17d">
         <name>.common:systemClock</name>
         <uninitialized>true</uninitialized>
         <run_address>0x20000268</run_address>
         <size>0x4</size>
      </object_component>
      <object_component id="oc-c9">
         <name>.common:g_ui32SysClock</name>
         <uninitialized>true</uninitialized>
         <run_address>0x20000264</run_address>
         <size>0x4</size>
      </object_component>
      <object_component id="oc-c4">
         <name>.common:speed1</name>
         <uninitialized>true</uninitialized>
         <run_address>0x2000026c</run_address>
         <size>0x2</size>
      </object_component>
      <object_component id="oc-c5">
         <name>.common:speed2</name>
         <uninitialized>true</uninitialized>
         <run_address>0x2000026e</run_address>
         <size>0x2</size>
      </object_component>
      <object_component id="oc-b1">
         <name>.common:Data_xy_err</name>
         <uninitialized>true</uninitialized>
         <run_address>0x20000254</run_address>
         <size>0x8</size>
      </object_component>
      <object_component id="oc-9f">
         <name>.common:srcBuffer</name>
         <uninitialized>true</uninitialized>
         <run_address>0x2000025c</run_address>
         <size>0x8</size>
      </object_component>
      <object_component id="oc-24">
         <name>.stack</name>
         <uninitialized>true</uninitialized>
         <run_address>0x20000000</run_address>
         <size>0x4</size>
         <input_file_ref idref="fl-de"/>
      </object_component>
      <object_component id="oc-325">
         <name>.stack</name>
         <uninitialized>true</uninitialized>
         <run_address>0x20000000</run_address>
         <size>0x0</size>
      </object_component>
      <object_component id="oc-b2">
         <name>.debug_info</name>
         <load_address>0x0</load_address>
         <run_address>0x0</run_address>
         <size>0x9c5</size>
         <input_file_ref idref="fl-2"/>
      </object_component>
      <object_component id="oc-bb">
         <name>.debug_info</name>
         <load_address>0x9c5</load_address>
         <run_address>0x9c5</run_address>
         <size>0xb7</size>
         <input_file_ref idref="fl-2"/>
      </object_component>
      <object_component id="oc-b5">
         <name>.debug_info</name>
         <load_address>0xa7c</load_address>
         <run_address>0xa7c</run_address>
         <size>0xc5</size>
         <input_file_ref idref="fl-2"/>
      </object_component>
      <object_component id="oc-b8">
         <name>.debug_info</name>
         <load_address>0xb41</load_address>
         <run_address>0xb41</run_address>
         <size>0xc5</size>
         <input_file_ref idref="fl-2"/>
      </object_component>
      <object_component id="oc-f7">
         <name>.debug_info</name>
         <load_address>0xc06</load_address>
         <run_address>0xc06</run_address>
         <size>0x155</size>
         <input_file_ref idref="fl-2"/>
      </object_component>
      <object_component id="oc-3c">
         <name>.debug_info</name>
         <load_address>0xd5b</load_address>
         <run_address>0xd5b</run_address>
         <size>0x126</size>
         <input_file_ref idref="fl-2"/>
      </object_component>
      <object_component id="oc-42">
         <name>.debug_info</name>
         <load_address>0xe81</load_address>
         <run_address>0xe81</run_address>
         <size>0x132</size>
         <input_file_ref idref="fl-2"/>
      </object_component>
      <object_component id="oc-4e">
         <name>.debug_info</name>
         <load_address>0xfb3</load_address>
         <run_address>0xfb3</run_address>
         <size>0x195</size>
         <input_file_ref idref="fl-2"/>
      </object_component>
      <object_component id="oc-137">
         <name>.debug_info</name>
         <load_address>0x1148</load_address>
         <run_address>0x1148</run_address>
         <size>0xd6</size>
         <input_file_ref idref="fl-2"/>
      </object_component>
      <object_component id="oc-ce">
         <name>.debug_info</name>
         <load_address>0x121e</load_address>
         <run_address>0x121e</run_address>
         <size>0x26b</size>
         <input_file_ref idref="fl-2"/>
      </object_component>
      <object_component id="oc-112">
         <name>.debug_info</name>
         <load_address>0x1489</load_address>
         <run_address>0x1489</run_address>
         <size>0x1028</size>
         <input_file_ref idref="fl-2"/>
      </object_component>
      <object_component id="oc-121">
         <name>.debug_info</name>
         <load_address>0x24b1</load_address>
         <run_address>0x24b1</run_address>
         <size>0x186</size>
         <input_file_ref idref="fl-2"/>
      </object_component>
      <object_component id="oc-117">
         <name>.debug_info</name>
         <load_address>0x2637</load_address>
         <run_address>0x2637</run_address>
         <size>0x8b</size>
         <input_file_ref idref="fl-2"/>
      </object_component>
      <object_component id="oc-128">
         <name>.debug_info</name>
         <load_address>0x26c2</load_address>
         <run_address>0x26c2</run_address>
         <size>0x2a4</size>
         <input_file_ref idref="fl-2"/>
      </object_component>
      <object_component id="oc-a6">
         <name>.debug_info</name>
         <load_address>0x2966</load_address>
         <run_address>0x2966</run_address>
         <size>0xbb</size>
         <input_file_ref idref="fl-2"/>
      </object_component>
      <object_component id="oc-11c">
         <name>.debug_info</name>
         <load_address>0x2a21</load_address>
         <run_address>0x2a21</run_address>
         <size>0x35</size>
         <input_file_ref idref="fl-2"/>
      </object_component>
      <object_component id="oc-107">
         <name>.debug_info</name>
         <load_address>0x2a56</load_address>
         <run_address>0x2a56</run_address>
         <size>0xdb</size>
         <input_file_ref idref="fl-3"/>
      </object_component>
      <object_component id="oc-95">
         <name>.debug_info</name>
         <load_address>0x2b31</load_address>
         <run_address>0x2b31</run_address>
         <size>0x117</size>
         <input_file_ref idref="fl-3"/>
      </object_component>
      <object_component id="oc-5a">
         <name>.debug_info</name>
         <load_address>0x2c48</load_address>
         <run_address>0x2c48</run_address>
         <size>0x84</size>
         <input_file_ref idref="fl-3"/>
      </object_component>
      <object_component id="oc-a0">
         <name>.debug_info</name>
         <load_address>0x2ccc</load_address>
         <run_address>0x2ccc</run_address>
         <size>0x930</size>
         <input_file_ref idref="fl-4"/>
      </object_component>
      <object_component id="oc-a3">
         <name>.debug_info</name>
         <load_address>0x35fc</load_address>
         <run_address>0x35fc</run_address>
         <size>0xd3</size>
         <input_file_ref idref="fl-4"/>
      </object_component>
      <object_component id="oc-34">
         <name>.debug_info</name>
         <load_address>0x36cf</load_address>
         <run_address>0x36cf</run_address>
         <size>0x160</size>
         <input_file_ref idref="fl-4"/>
      </object_component>
      <object_component id="oc-bf">
         <name>.debug_info</name>
         <load_address>0x382f</load_address>
         <run_address>0x382f</run_address>
         <size>0x170</size>
         <input_file_ref idref="fl-6"/>
      </object_component>
      <object_component id="oc-2df">
         <name>.debug_info</name>
         <load_address>0x399f</load_address>
         <run_address>0x399f</run_address>
         <size>0x8a6</size>
         <input_file_ref idref="fl-8"/>
      </object_component>
      <object_component id="oc-287">
         <name>.debug_info</name>
         <load_address>0x4245</load_address>
         <run_address>0x4245</run_address>
         <size>0xc2</size>
         <input_file_ref idref="fl-8"/>
      </object_component>
      <object_component id="oc-2c1">
         <name>.debug_info</name>
         <load_address>0x4307</load_address>
         <run_address>0x4307</run_address>
         <size>0x122</size>
         <input_file_ref idref="fl-8"/>
      </object_component>
      <object_component id="oc-2d3">
         <name>.debug_info</name>
         <load_address>0x4429</load_address>
         <run_address>0x4429</run_address>
         <size>0x119</size>
         <input_file_ref idref="fl-8"/>
      </object_component>
      <object_component id="oc-2cd">
         <name>.debug_info</name>
         <load_address>0x4542</load_address>
         <run_address>0x4542</run_address>
         <size>0x11a</size>
         <input_file_ref idref="fl-8"/>
      </object_component>
      <object_component id="oc-2c7">
         <name>.debug_info</name>
         <load_address>0x465c</load_address>
         <run_address>0x465c</run_address>
         <size>0x18c</size>
         <input_file_ref idref="fl-8"/>
      </object_component>
      <object_component id="oc-279">
         <name>.debug_info</name>
         <load_address>0x47e8</load_address>
         <run_address>0x47e8</run_address>
         <size>0x1ec</size>
         <input_file_ref idref="fl-8"/>
      </object_component>
      <object_component id="oc-273">
         <name>.debug_info</name>
         <load_address>0x49d4</load_address>
         <run_address>0x49d4</run_address>
         <size>0x1da</size>
         <input_file_ref idref="fl-8"/>
      </object_component>
      <object_component id="oc-20a">
         <name>.debug_info</name>
         <load_address>0x4bae</load_address>
         <run_address>0x4bae</run_address>
         <size>0x177</size>
         <input_file_ref idref="fl-8"/>
      </object_component>
      <object_component id="oc-216">
         <name>.debug_info</name>
         <load_address>0x4d25</load_address>
         <run_address>0x4d25</run_address>
         <size>0x173</size>
         <input_file_ref idref="fl-8"/>
      </object_component>
      <object_component id="oc-210">
         <name>.debug_info</name>
         <load_address>0x4e98</load_address>
         <run_address>0x4e98</run_address>
         <size>0x16c</size>
         <input_file_ref idref="fl-8"/>
      </object_component>
      <object_component id="oc-22d">
         <name>.debug_info</name>
         <load_address>0x5004</load_address>
         <run_address>0x5004</run_address>
         <size>0x1bf</size>
         <input_file_ref idref="fl-8"/>
      </object_component>
      <object_component id="oc-232">
         <name>.debug_info</name>
         <load_address>0x51c3</load_address>
         <run_address>0x51c3</run_address>
         <size>0x14c</size>
         <input_file_ref idref="fl-8"/>
      </object_component>
      <object_component id="oc-179">
         <name>.debug_info</name>
         <load_address>0x530f</load_address>
         <run_address>0x530f</run_address>
         <size>0x20e</size>
         <input_file_ref idref="fl-8"/>
      </object_component>
      <object_component id="oc-160">
         <name>.debug_info</name>
         <load_address>0x551d</load_address>
         <run_address>0x551d</run_address>
         <size>0x3ae</size>
         <input_file_ref idref="fl-8"/>
      </object_component>
      <object_component id="oc-16d">
         <name>.debug_info</name>
         <load_address>0x58cb</load_address>
         <run_address>0x58cb</run_address>
         <size>0x16f</size>
         <input_file_ref idref="fl-9"/>
      </object_component>
      <object_component id="oc-12e">
         <name>.debug_info</name>
         <load_address>0x5a3a</load_address>
         <run_address>0x5a3a</run_address>
         <size>0x25d</size>
         <input_file_ref idref="fl-9"/>
      </object_component>
      <object_component id="oc-166">
         <name>.debug_info</name>
         <load_address>0x5c97</load_address>
         <run_address>0x5c97</run_address>
         <size>0x16a</size>
         <input_file_ref idref="fl-a"/>
      </object_component>
      <object_component id="oc-47">
         <name>.debug_info</name>
         <load_address>0x5e01</load_address>
         <run_address>0x5e01</run_address>
         <size>0x1c5</size>
         <input_file_ref idref="fl-a"/>
      </object_component>
      <object_component id="oc-134">
         <name>.debug_info</name>
         <load_address>0x5fc6</load_address>
         <run_address>0x5fc6</run_address>
         <size>0x7f7</size>
         <input_file_ref idref="fl-b"/>
      </object_component>
      <object_component id="oc-ad">
         <name>.debug_info</name>
         <load_address>0x67bd</load_address>
         <run_address>0x67bd</run_address>
         <size>0x1df</size>
         <input_file_ref idref="fl-b"/>
      </object_component>
      <object_component id="oc-172">
         <name>.debug_info</name>
         <load_address>0x699c</load_address>
         <run_address>0x699c</run_address>
         <size>0x177</size>
         <input_file_ref idref="fl-c"/>
      </object_component>
      <object_component id="oc-53">
         <name>.debug_info</name>
         <load_address>0x6b13</load_address>
         <run_address>0x6b13</run_address>
         <size>0x2bb</size>
         <input_file_ref idref="fl-d"/>
      </object_component>
      <object_component id="oc-13">
         <name>.debug_info</name>
         <load_address>0x6dce</load_address>
         <run_address>0x6dce</run_address>
         <size>0xe6</size>
         <input_file_ref idref="fl-d"/>
      </object_component>
      <object_component id="oc-28">
         <name>.debug_info</name>
         <load_address>0x6eb4</load_address>
         <run_address>0x6eb4</run_address>
         <size>0x14c</size>
         <input_file_ref idref="fl-d"/>
      </object_component>
      <object_component id="oc-2e">
         <name>.debug_info</name>
         <load_address>0x7000</load_address>
         <run_address>0x7000</run_address>
         <size>0x134</size>
         <input_file_ref idref="fl-d"/>
      </object_component>
      <object_component id="oc-258">
         <name>.debug_info</name>
         <load_address>0x7134</load_address>
         <run_address>0x7134</run_address>
         <size>0x889</size>
         <input_file_ref idref="fl-18"/>
      </object_component>
      <object_component id="oc-9a">
         <name>.debug_info</name>
         <load_address>0x79bd</load_address>
         <run_address>0x79bd</run_address>
         <size>0x20f</size>
         <input_file_ref idref="fl-18"/>
      </object_component>
      <object_component id="oc-2b3">
         <name>.debug_info</name>
         <load_address>0x7bcc</load_address>
         <run_address>0x7bcc</run_address>
         <size>0x26b</size>
         <input_file_ref idref="fl-18"/>
      </object_component>
      <object_component id="oc-2ae">
         <name>.debug_info</name>
         <load_address>0x7e37</load_address>
         <run_address>0x7e37</run_address>
         <size>0x1028</size>
         <input_file_ref idref="fl-18"/>
      </object_component>
      <object_component id="oc-1bf">
         <name>.debug_info</name>
         <load_address>0x8e5f</load_address>
         <run_address>0x8e5f</run_address>
         <size>0x297</size>
         <input_file_ref idref="fl-18"/>
      </object_component>
      <object_component id="oc-262">
         <name>.debug_info</name>
         <load_address>0x90f6</load_address>
         <run_address>0x90f6</run_address>
         <size>0xef</size>
         <input_file_ref idref="fl-18"/>
      </object_component>
      <object_component id="oc-10b">
         <name>.debug_info</name>
         <load_address>0x91e5</load_address>
         <run_address>0x91e5</run_address>
         <size>0xbb</size>
         <input_file_ref idref="fl-18"/>
      </object_component>
      <object_component id="oc-2dc">
         <name>.debug_info</name>
         <load_address>0x92a0</load_address>
         <run_address>0x92a0</run_address>
         <size>0x8a4</size>
         <input_file_ref idref="fl-19"/>
      </object_component>
      <object_component id="oc-282">
         <name>.debug_info</name>
         <load_address>0x9b44</load_address>
         <run_address>0x9b44</run_address>
         <size>0x139</size>
         <input_file_ref idref="fl-19"/>
      </object_component>
      <object_component id="oc-206">
         <name>.debug_info</name>
         <load_address>0x9c7d</load_address>
         <run_address>0x9c7d</run_address>
         <size>0x228</size>
         <input_file_ref idref="fl-19"/>
      </object_component>
      <object_component id="oc-220">
         <name>.debug_info</name>
         <load_address>0x9ea5</load_address>
         <run_address>0x9ea5</run_address>
         <size>0x220</size>
         <input_file_ref idref="fl-19"/>
      </object_component>
      <object_component id="oc-26a">
         <name>.debug_info</name>
         <load_address>0xa0c5</load_address>
         <run_address>0xa0c5</run_address>
         <size>0x3de</size>
         <input_file_ref idref="fl-1b"/>
      </object_component>
      <object_component id="oc-1ee">
         <name>.debug_info</name>
         <load_address>0xa4a3</load_address>
         <run_address>0xa4a3</run_address>
         <size>0x12b</size>
         <input_file_ref idref="fl-1b"/>
      </object_component>
      <object_component id="oc-1f4">
         <name>.debug_info</name>
         <load_address>0xa5ce</load_address>
         <run_address>0xa5ce</run_address>
         <size>0x137</size>
         <input_file_ref idref="fl-1b"/>
      </object_component>
      <object_component id="oc-25f">
         <name>.debug_info</name>
         <load_address>0xa705</load_address>
         <run_address>0xa705</run_address>
         <size>0x131</size>
         <input_file_ref idref="fl-1b"/>
      </object_component>
      <object_component id="oc-1f1">
         <name>.debug_info</name>
         <load_address>0xa836</load_address>
         <run_address>0xa836</run_address>
         <size>0x13e</size>
         <input_file_ref idref="fl-1b"/>
      </object_component>
      <object_component id="oc-1e2">
         <name>.debug_info</name>
         <load_address>0xa974</load_address>
         <run_address>0xa974</run_address>
         <size>0x208</size>
         <input_file_ref idref="fl-1b"/>
      </object_component>
      <object_component id="oc-1e8">
         <name>.debug_info</name>
         <load_address>0xab7c</load_address>
         <run_address>0xab7c</run_address>
         <size>0x289</size>
         <input_file_ref idref="fl-1b"/>
      </object_component>
      <object_component id="oc-1fe">
         <name>.debug_info</name>
         <load_address>0xae05</load_address>
         <run_address>0xae05</run_address>
         <size>0x202</size>
         <input_file_ref idref="fl-1b"/>
      </object_component>
      <object_component id="oc-1f8">
         <name>.debug_info</name>
         <load_address>0xb007</load_address>
         <run_address>0xb007</run_address>
         <size>0x200</size>
         <input_file_ref idref="fl-1b"/>
      </object_component>
      <object_component id="oc-15a">
         <name>.debug_info</name>
         <load_address>0xb207</load_address>
         <run_address>0xb207</run_address>
         <size>0x3c7</size>
         <input_file_ref idref="fl-1b"/>
      </object_component>
      <object_component id="oc-2bc">
         <name>.debug_info</name>
         <load_address>0xb5ce</load_address>
         <run_address>0xb5ce</run_address>
         <size>0x51</size>
         <input_file_ref idref="fl-1b"/>
      </object_component>
      <object_component id="oc-225">
         <name>.debug_info</name>
         <load_address>0xb61f</load_address>
         <run_address>0xb61f</run_address>
         <size>0x245</size>
         <input_file_ref idref="fl-1c"/>
      </object_component>
      <object_component id="oc-143">
         <name>.debug_info</name>
         <load_address>0xb864</load_address>
         <run_address>0xb864</run_address>
         <size>0x20c</size>
         <input_file_ref idref="fl-1c"/>
      </object_component>
      <object_component id="oc-1d5">
         <name>.debug_info</name>
         <load_address>0xba70</load_address>
         <run_address>0xba70</run_address>
         <size>0x14c</size>
         <input_file_ref idref="fl-d4"/>
      </object_component>
      <object_component id="oc-1cf">
         <name>.debug_info</name>
         <load_address>0xbbbc</load_address>
         <run_address>0xbbbc</run_address>
         <size>0x13a</size>
         <input_file_ref idref="fl-d5"/>
      </object_component>
      <object_component id="oc-1ca">
         <name>.debug_info</name>
         <load_address>0xbcf6</load_address>
         <run_address>0xbcf6</run_address>
         <size>0x13a</size>
         <input_file_ref idref="fl-d6"/>
      </object_component>
      <object_component id="oc-1d9">
         <name>.debug_info</name>
         <load_address>0xbe30</load_address>
         <run_address>0xbe30</run_address>
         <size>0x13e</size>
         <input_file_ref idref="fl-d7"/>
      </object_component>
      <object_component id="oc-1c5">
         <name>.debug_info</name>
         <load_address>0xbf6e</load_address>
         <run_address>0xbf6e</run_address>
         <size>0x12c</size>
         <input_file_ref idref="fl-d9"/>
      </object_component>
      <object_component id="oc-e7">
         <name>.debug_info</name>
         <load_address>0xc09a</load_address>
         <run_address>0xc09a</run_address>
         <size>0x2d4</size>
         <input_file_ref idref="fl-db"/>
      </object_component>
      <object_component id="oc-6e">
         <name>.debug_info</name>
         <load_address>0xc36e</load_address>
         <run_address>0xc36e</run_address>
         <size>0x1d2</size>
         <input_file_ref idref="fl-db"/>
      </object_component>
      <object_component id="oc-e2">
         <name>.debug_info</name>
         <load_address>0xc540</load_address>
         <run_address>0xc540</run_address>
         <size>0x46</size>
         <input_file_ref idref="fl-db"/>
      </object_component>
      <object_component id="oc-150">
         <name>.debug_info</name>
         <load_address>0xc586</load_address>
         <run_address>0xc586</run_address>
         <size>0x2c</size>
         <input_file_ref idref="fl-db"/>
      </object_component>
      <object_component id="oc-6a">
         <name>.debug_info</name>
         <load_address>0xc5b2</load_address>
         <run_address>0xc5b2</run_address>
         <size>0x2a8</size>
         <input_file_ref idref="fl-dc"/>
      </object_component>
      <object_component id="oc-1e">
         <name>.debug_info</name>
         <load_address>0xc85a</load_address>
         <run_address>0xc85a</run_address>
         <size>0x1ea</size>
         <input_file_ref idref="fl-dc"/>
      </object_component>
      <object_component id="oc-65">
         <name>.debug_info</name>
         <load_address>0xca44</load_address>
         <run_address>0xca44</run_address>
         <size>0x46</size>
         <input_file_ref idref="fl-dc"/>
      </object_component>
      <object_component id="oc-da">
         <name>.debug_info</name>
         <load_address>0xca8a</load_address>
         <run_address>0xca8a</run_address>
         <size>0x2c</size>
         <input_file_ref idref="fl-dc"/>
      </object_component>
      <object_component id="oc-d8">
         <name>.debug_info</name>
         <load_address>0xcab6</load_address>
         <run_address>0xcab6</run_address>
         <size>0x29e</size>
         <input_file_ref idref="fl-dd"/>
      </object_component>
      <object_component id="oc-16">
         <name>.debug_info</name>
         <load_address>0xcd54</load_address>
         <run_address>0xcd54</run_address>
         <size>0x250</size>
         <input_file_ref idref="fl-dd"/>
      </object_component>
      <object_component id="oc-55">
         <name>.debug_info</name>
         <load_address>0xcfa4</load_address>
         <run_address>0xcfa4</run_address>
         <size>0x60</size>
         <input_file_ref idref="fl-dd"/>
      </object_component>
      <object_component id="oc-149">
         <name>.debug_info</name>
         <load_address>0xd004</load_address>
         <run_address>0xd004</run_address>
         <size>0x46</size>
         <input_file_ref idref="fl-dd"/>
      </object_component>
      <object_component id="oc-d3">
         <name>.debug_info</name>
         <load_address>0xd04a</load_address>
         <run_address>0xd04a</run_address>
         <size>0x39</size>
         <input_file_ref idref="fl-dd"/>
      </object_component>
      <object_component id="oc-25">
         <name>.debug_info</name>
         <load_address>0xd083</load_address>
         <run_address>0xd083</run_address>
         <size>0x10b</size>
         <input_file_ref idref="fl-de"/>
      </object_component>
      <object_component id="oc-7f">
         <name>.debug_info</name>
         <load_address>0xd18e</load_address>
         <run_address>0xd18e</run_address>
         <size>0x1a9</size>
         <input_file_ref idref="fl-de"/>
      </object_component>
      <object_component id="oc-60">
         <name>.debug_info</name>
         <load_address>0xd337</load_address>
         <run_address>0xd337</run_address>
         <size>0x119</size>
         <input_file_ref idref="fl-df"/>
      </object_component>
      <object_component id="oc-243">
         <name>.debug_info</name>
         <load_address>0xd450</load_address>
         <run_address>0xd450</run_address>
         <size>0x4b3</size>
         <input_file_ref idref="fl-e1"/>
      </object_component>
      <object_component id="oc-18c">
         <name>.debug_info</name>
         <load_address>0xd903</load_address>
         <run_address>0xd903</run_address>
         <size>0x1a6</size>
         <input_file_ref idref="fl-e1"/>
      </object_component>
      <object_component id="oc-29b">
         <name>.debug_info</name>
         <load_address>0xdaa9</load_address>
         <run_address>0xdaa9</run_address>
         <size>0x39</size>
         <input_file_ref idref="fl-e1"/>
      </object_component>
      <object_component id="oc-2e3">
         <name>.debug_info</name>
         <load_address>0xdae2</load_address>
         <run_address>0xdae2</run_address>
         <size>0x39</size>
         <input_file_ref idref="fl-e1"/>
      </object_component>
      <object_component id="oc-2a0">
         <name>.debug_info</name>
         <load_address>0xdb1b</load_address>
         <run_address>0xdb1b</run_address>
         <size>0x39</size>
         <input_file_ref idref="fl-e1"/>
      </object_component>
      <object_component id="oc-2a5">
         <name>.debug_info</name>
         <load_address>0xdb54</load_address>
         <run_address>0xdb54</run_address>
         <size>0xcd</size>
         <input_file_ref idref="fl-e1"/>
      </object_component>
      <object_component id="oc-ef">
         <name>.debug_info</name>
         <load_address>0xdc21</load_address>
         <run_address>0xdc21</run_address>
         <size>0x153</size>
         <input_file_ref idref="fl-e2"/>
      </object_component>
      <object_component id="oc-181">
         <name>.debug_info</name>
         <load_address>0xdd74</load_address>
         <run_address>0xdd74</run_address>
         <size>0x122</size>
         <input_file_ref idref="fl-e4"/>
      </object_component>
      <object_component id="oc-326">
         <name>.debug_info</name>
         <load_address>0xde96</load_address>
         <run_address>0xde96</run_address>
         <size>0x8e</size>
      </object_component>
      <object_component id="oc-136">
         <name>.debug_line</name>
         <load_address>0x0</load_address>
         <run_address>0x0</run_address>
         <size>0x19f</size>
         <input_file_ref idref="fl-2"/>
      </object_component>
      <object_component id="oc-141">
         <name>.debug_line</name>
         <load_address>0x19f</load_address>
         <run_address>0x19f</run_address>
         <size>0x2d</size>
         <input_file_ref idref="fl-2"/>
      </object_component>
      <object_component id="oc-13d">
         <name>.debug_line</name>
         <load_address>0x1cc</load_address>
         <run_address>0x1cc</run_address>
         <size>0x2d</size>
         <input_file_ref idref="fl-2"/>
      </object_component>
      <object_component id="oc-13f">
         <name>.debug_line</name>
         <load_address>0x1f9</load_address>
         <run_address>0x1f9</run_address>
         <size>0x2d</size>
         <input_file_ref idref="fl-2"/>
      </object_component>
      <object_component id="oc-f5">
         <name>.debug_line</name>
         <load_address>0x226</load_address>
         <run_address>0x226</run_address>
         <size>0x4f</size>
         <input_file_ref idref="fl-2"/>
      </object_component>
      <object_component id="oc-3a">
         <name>.debug_line</name>
         <load_address>0x275</load_address>
         <run_address>0x275</run_address>
         <size>0x49</size>
         <input_file_ref idref="fl-2"/>
      </object_component>
      <object_component id="oc-40">
         <name>.debug_line</name>
         <load_address>0x2be</load_address>
         <run_address>0x2be</run_address>
         <size>0x49</size>
         <input_file_ref idref="fl-2"/>
      </object_component>
      <object_component id="oc-4d">
         <name>.debug_line</name>
         <load_address>0x307</load_address>
         <run_address>0x307</run_address>
         <size>0x6b</size>
         <input_file_ref idref="fl-2"/>
      </object_component>
      <object_component id="oc-13a">
         <name>.debug_line</name>
         <load_address>0x372</load_address>
         <run_address>0x372</run_address>
         <size>0x50</size>
         <input_file_ref idref="fl-2"/>
      </object_component>
      <object_component id="oc-d1">
         <name>.debug_line</name>
         <load_address>0x3c2</load_address>
         <run_address>0x3c2</run_address>
         <size>0x72</size>
         <input_file_ref idref="fl-2"/>
      </object_component>
      <object_component id="oc-115">
         <name>.debug_line</name>
         <load_address>0x434</load_address>
         <run_address>0x434</run_address>
         <size>0x7b</size>
         <input_file_ref idref="fl-2"/>
      </object_component>
      <object_component id="oc-124">
         <name>.debug_line</name>
         <load_address>0x4af</load_address>
         <run_address>0x4af</run_address>
         <size>0x7b</size>
         <input_file_ref idref="fl-2"/>
      </object_component>
      <object_component id="oc-11a">
         <name>.debug_line</name>
         <load_address>0x52a</load_address>
         <run_address>0x52a</run_address>
         <size>0x20</size>
         <input_file_ref idref="fl-2"/>
      </object_component>
      <object_component id="oc-12b">
         <name>.debug_line</name>
         <load_address>0x54a</load_address>
         <run_address>0x54a</run_address>
         <size>0x76</size>
         <input_file_ref idref="fl-2"/>
      </object_component>
      <object_component id="oc-a9">
         <name>.debug_line</name>
         <load_address>0x5c0</load_address>
         <run_address>0x5c0</run_address>
         <size>0x73</size>
         <input_file_ref idref="fl-2"/>
      </object_component>
      <object_component id="oc-11f">
         <name>.debug_line</name>
         <load_address>0x633</load_address>
         <run_address>0x633</run_address>
         <size>0x75</size>
         <input_file_ref idref="fl-2"/>
      </object_component>
      <object_component id="oc-1be">
         <name>.debug_line</name>
         <load_address>0x6a8</load_address>
         <run_address>0x6a8</run_address>
         <size>0x3b</size>
         <input_file_ref idref="fl-3"/>
      </object_component>
      <object_component id="oc-92">
         <name>.debug_line</name>
         <load_address>0x6e3</load_address>
         <run_address>0x6e3</run_address>
         <size>0x56</size>
         <input_file_ref idref="fl-3"/>
      </object_component>
      <object_component id="oc-5d">
         <name>.debug_line</name>
         <load_address>0x739</load_address>
         <run_address>0x739</run_address>
         <size>0x20</size>
         <input_file_ref idref="fl-3"/>
      </object_component>
      <object_component id="oc-111">
         <name>.debug_line</name>
         <load_address>0x759</load_address>
         <run_address>0x759</run_address>
         <size>0x148</size>
         <input_file_ref idref="fl-4"/>
      </object_component>
      <object_component id="oc-127">
         <name>.debug_line</name>
         <load_address>0x8a1</load_address>
         <run_address>0x8a1</run_address>
         <size>0x35</size>
         <input_file_ref idref="fl-4"/>
      </object_component>
      <object_component id="oc-37">
         <name>.debug_line</name>
         <load_address>0x8d6</load_address>
         <run_address>0x8d6</run_address>
         <size>0x54</size>
         <input_file_ref idref="fl-4"/>
      </object_component>
      <object_component id="oc-c2">
         <name>.debug_line</name>
         <load_address>0x92a</load_address>
         <run_address>0x92a</run_address>
         <size>0x55</size>
         <input_file_ref idref="fl-6"/>
      </object_component>
      <object_component id="oc-2f6">
         <name>.debug_line</name>
         <load_address>0x97f</load_address>
         <run_address>0x97f</run_address>
         <size>0xd8</size>
         <input_file_ref idref="fl-8"/>
      </object_component>
      <object_component id="oc-2de">
         <name>.debug_line</name>
         <load_address>0xa57</load_address>
         <run_address>0xa57</run_address>
         <size>0x3a</size>
         <input_file_ref idref="fl-8"/>
      </object_component>
      <object_component id="oc-2c4">
         <name>.debug_line</name>
         <load_address>0xa91</load_address>
         <run_address>0xa91</run_address>
         <size>0x50</size>
         <input_file_ref idref="fl-8"/>
      </object_component>
      <object_component id="oc-2d6">
         <name>.debug_line</name>
         <load_address>0xae1</load_address>
         <run_address>0xae1</run_address>
         <size>0x50</size>
         <input_file_ref idref="fl-8"/>
      </object_component>
      <object_component id="oc-2d0">
         <name>.debug_line</name>
         <load_address>0xb31</load_address>
         <run_address>0xb31</run_address>
         <size>0x4f</size>
         <input_file_ref idref="fl-8"/>
      </object_component>
      <object_component id="oc-2ca">
         <name>.debug_line</name>
         <load_address>0xb80</load_address>
         <run_address>0xb80</run_address>
         <size>0x6d</size>
         <input_file_ref idref="fl-8"/>
      </object_component>
      <object_component id="oc-27c">
         <name>.debug_line</name>
         <load_address>0xbed</load_address>
         <run_address>0xbed</run_address>
         <size>0x61</size>
         <input_file_ref idref="fl-8"/>
      </object_component>
      <object_component id="oc-276">
         <name>.debug_line</name>
         <load_address>0xc4e</load_address>
         <run_address>0xc4e</run_address>
         <size>0x61</size>
         <input_file_ref idref="fl-8"/>
      </object_component>
      <object_component id="oc-20d">
         <name>.debug_line</name>
         <load_address>0xcaf</load_address>
         <run_address>0xcaf</run_address>
         <size>0x52</size>
         <input_file_ref idref="fl-8"/>
      </object_component>
      <object_component id="oc-219">
         <name>.debug_line</name>
         <load_address>0xd01</load_address>
         <run_address>0xd01</run_address>
         <size>0x50</size>
         <input_file_ref idref="fl-8"/>
      </object_component>
      <object_component id="oc-213">
         <name>.debug_line</name>
         <load_address>0xd51</load_address>
         <run_address>0xd51</run_address>
         <size>0x69</size>
         <input_file_ref idref="fl-8"/>
      </object_component>
      <object_component id="oc-22c">
         <name>.debug_line</name>
         <load_address>0xdba</load_address>
         <run_address>0xdba</run_address>
         <size>0x7f</size>
         <input_file_ref idref="fl-8"/>
      </object_component>
      <object_component id="oc-235">
         <name>.debug_line</name>
         <load_address>0xe39</load_address>
         <run_address>0xe39</run_address>
         <size>0x57</size>
         <input_file_ref idref="fl-8"/>
      </object_component>
      <object_component id="oc-178">
         <name>.debug_line</name>
         <load_address>0xe90</load_address>
         <run_address>0xe90</run_address>
         <size>0x72</size>
         <input_file_ref idref="fl-8"/>
      </object_component>
      <object_component id="oc-163">
         <name>.debug_line</name>
         <load_address>0xf02</load_address>
         <run_address>0xf02</run_address>
         <size>0x78</size>
         <input_file_ref idref="fl-8"/>
      </object_component>
      <object_component id="oc-170">
         <name>.debug_line</name>
         <load_address>0xf7a</load_address>
         <run_address>0xf7a</run_address>
         <size>0x63</size>
         <input_file_ref idref="fl-9"/>
      </object_component>
      <object_component id="oc-132">
         <name>.debug_line</name>
         <load_address>0xfdd</load_address>
         <run_address>0xfdd</run_address>
         <size>0x52</size>
         <input_file_ref idref="fl-9"/>
      </object_component>
      <object_component id="oc-16a">
         <name>.debug_line</name>
         <load_address>0x102f</load_address>
         <run_address>0x102f</run_address>
         <size>0x56</size>
         <input_file_ref idref="fl-a"/>
      </object_component>
      <object_component id="oc-46">
         <name>.debug_line</name>
         <load_address>0x1085</load_address>
         <run_address>0x1085</run_address>
         <size>0x83</size>
         <input_file_ref idref="fl-a"/>
      </object_component>
      <object_component id="oc-1df">
         <name>.debug_line</name>
         <load_address>0x1108</load_address>
         <run_address>0x1108</run_address>
         <size>0x4e</size>
         <input_file_ref idref="fl-b"/>
      </object_component>
      <object_component id="oc-ac">
         <name>.debug_line</name>
         <load_address>0x1156</load_address>
         <run_address>0x1156</run_address>
         <size>0x71</size>
         <input_file_ref idref="fl-b"/>
      </object_component>
      <object_component id="oc-175">
         <name>.debug_line</name>
         <load_address>0x11c7</load_address>
         <run_address>0x11c7</run_address>
         <size>0x59</size>
         <input_file_ref idref="fl-c"/>
      </object_component>
      <object_component id="oc-cd">
         <name>.debug_line</name>
         <load_address>0x1220</load_address>
         <run_address>0x1220</run_address>
         <size>0x44</size>
         <input_file_ref idref="fl-d"/>
      </object_component>
      <object_component id="oc-52">
         <name>.debug_line</name>
         <load_address>0x1264</load_address>
         <run_address>0x1264</run_address>
         <size>0x44</size>
         <input_file_ref idref="fl-d"/>
      </object_component>
      <object_component id="oc-2c">
         <name>.debug_line</name>
         <load_address>0x12a8</load_address>
         <run_address>0x12a8</run_address>
         <size>0x5d</size>
         <input_file_ref idref="fl-d"/>
      </object_component>
      <object_component id="oc-32">
         <name>.debug_line</name>
         <load_address>0x1305</load_address>
         <run_address>0x1305</run_address>
         <size>0x59</size>
         <input_file_ref idref="fl-d"/>
      </object_component>
      <object_component id="oc-2ad">
         <name>.debug_line</name>
         <load_address>0x135e</load_address>
         <run_address>0x135e</run_address>
         <size>0x54</size>
         <input_file_ref idref="fl-18"/>
      </object_component>
      <object_component id="oc-9d">
         <name>.debug_line</name>
         <load_address>0x13b2</load_address>
         <run_address>0x13b2</run_address>
         <size>0x66</size>
         <input_file_ref idref="fl-18"/>
      </object_component>
      <object_component id="oc-2b6">
         <name>.debug_line</name>
         <load_address>0x1418</load_address>
         <run_address>0x1418</run_address>
         <size>0x51</size>
         <input_file_ref idref="fl-18"/>
      </object_component>
      <object_component id="oc-2b1">
         <name>.debug_line</name>
         <load_address>0x1469</load_address>
         <run_address>0x1469</run_address>
         <size>0x4f</size>
         <input_file_ref idref="fl-18"/>
      </object_component>
      <object_component id="oc-1c2">
         <name>.debug_line</name>
         <load_address>0x14b8</load_address>
         <run_address>0x14b8</run_address>
         <size>0x55</size>
         <input_file_ref idref="fl-18"/>
      </object_component>
      <object_component id="oc-265">
         <name>.debug_line</name>
         <load_address>0x150d</load_address>
         <run_address>0x150d</run_address>
         <size>0x51</size>
         <input_file_ref idref="fl-18"/>
      </object_component>
      <object_component id="oc-10e">
         <name>.debug_line</name>
         <load_address>0x155e</load_address>
         <run_address>0x155e</run_address>
         <size>0x52</size>
         <input_file_ref idref="fl-18"/>
      </object_component>
      <object_component id="oc-2f4">
         <name>.debug_line</name>
         <load_address>0x15b0</load_address>
         <run_address>0x15b0</run_address>
         <size>0x54</size>
         <input_file_ref idref="fl-19"/>
      </object_component>
      <object_component id="oc-2db">
         <name>.debug_line</name>
         <load_address>0x1604</load_address>
         <run_address>0x1604</run_address>
         <size>0x4f</size>
         <input_file_ref idref="fl-19"/>
      </object_component>
      <object_component id="oc-208">
         <name>.debug_line</name>
         <load_address>0x1653</load_address>
         <run_address>0x1653</run_address>
         <size>0x67</size>
         <input_file_ref idref="fl-19"/>
      </object_component>
      <object_component id="oc-21f">
         <name>.debug_line</name>
         <load_address>0x16ba</load_address>
         <run_address>0x16ba</run_address>
         <size>0x6a</size>
         <input_file_ref idref="fl-19"/>
      </object_component>
      <object_component id="oc-2bb">
         <name>.debug_line</name>
         <load_address>0x1724</load_address>
         <run_address>0x1724</run_address>
         <size>0x82</size>
         <input_file_ref idref="fl-1b"/>
      </object_component>
      <object_component id="oc-269">
         <name>.debug_line</name>
         <load_address>0x17a6</load_address>
         <run_address>0x17a6</run_address>
         <size>0x51</size>
         <input_file_ref idref="fl-1b"/>
      </object_component>
      <object_component id="oc-26e">
         <name>.debug_line</name>
         <load_address>0x17f7</load_address>
         <run_address>0x17f7</run_address>
         <size>0x51</size>
         <input_file_ref idref="fl-1b"/>
      </object_component>
      <object_component id="oc-2b9">
         <name>.debug_line</name>
         <load_address>0x1848</load_address>
         <run_address>0x1848</run_address>
         <size>0x51</size>
         <input_file_ref idref="fl-1b"/>
      </object_component>
      <object_component id="oc-26c">
         <name>.debug_line</name>
         <load_address>0x1899</load_address>
         <run_address>0x1899</run_address>
         <size>0x51</size>
         <input_file_ref idref="fl-1b"/>
      </object_component>
      <object_component id="oc-1e5">
         <name>.debug_line</name>
         <load_address>0x18ea</load_address>
         <run_address>0x18ea</run_address>
         <size>0x79</size>
         <input_file_ref idref="fl-1b"/>
      </object_component>
      <object_component id="oc-1eb">
         <name>.debug_line</name>
         <load_address>0x1963</load_address>
         <run_address>0x1963</run_address>
         <size>0x74</size>
         <input_file_ref idref="fl-1b"/>
      </object_component>
      <object_component id="oc-201">
         <name>.debug_line</name>
         <load_address>0x19d7</load_address>
         <run_address>0x19d7</run_address>
         <size>0x6d</size>
         <input_file_ref idref="fl-1b"/>
      </object_component>
      <object_component id="oc-1fb">
         <name>.debug_line</name>
         <load_address>0x1a44</load_address>
         <run_address>0x1a44</run_address>
         <size>0x6d</size>
         <input_file_ref idref="fl-1b"/>
      </object_component>
      <object_component id="oc-15d">
         <name>.debug_line</name>
         <load_address>0x1ab1</load_address>
         <run_address>0x1ab1</run_address>
         <size>0x121</size>
         <input_file_ref idref="fl-1b"/>
      </object_component>
      <object_component id="oc-2be">
         <name>.debug_line</name>
         <load_address>0x1bd2</load_address>
         <run_address>0x1bd2</run_address>
         <size>0x51</size>
         <input_file_ref idref="fl-1b"/>
      </object_component>
      <object_component id="oc-228">
         <name>.debug_line</name>
         <load_address>0x1c23</load_address>
         <run_address>0x1c23</run_address>
         <size>0x71</size>
         <input_file_ref idref="fl-1c"/>
      </object_component>
      <object_component id="oc-146">
         <name>.debug_line</name>
         <load_address>0x1c94</load_address>
         <run_address>0x1c94</run_address>
         <size>0x68</size>
         <input_file_ref idref="fl-1c"/>
      </object_component>
      <object_component id="oc-1d4">
         <name>.debug_line</name>
         <load_address>0x1cfc</load_address>
         <run_address>0x1cfc</run_address>
         <size>0xd2</size>
         <input_file_ref idref="fl-d4"/>
      </object_component>
      <object_component id="oc-1d2">
         <name>.debug_line</name>
         <load_address>0x1dce</load_address>
         <run_address>0x1dce</run_address>
         <size>0xa8</size>
         <input_file_ref idref="fl-d5"/>
      </object_component>
      <object_component id="oc-1cd">
         <name>.debug_line</name>
         <load_address>0x1e76</load_address>
         <run_address>0x1e76</run_address>
         <size>0x8e</size>
         <input_file_ref idref="fl-d6"/>
      </object_component>
      <object_component id="oc-1dc">
         <name>.debug_line</name>
         <load_address>0x1f04</load_address>
         <run_address>0x1f04</run_address>
         <size>0x67</size>
         <input_file_ref idref="fl-d7"/>
      </object_component>
      <object_component id="oc-1c8">
         <name>.debug_line</name>
         <load_address>0x1f6b</load_address>
         <run_address>0x1f6b</run_address>
         <size>0x57</size>
         <input_file_ref idref="fl-d9"/>
      </object_component>
      <object_component id="oc-156">
         <name>.debug_line</name>
         <load_address>0x1fc2</load_address>
         <run_address>0x1fc2</run_address>
         <size>0x92</size>
         <input_file_ref idref="fl-db"/>
      </object_component>
      <object_component id="oc-6c">
         <name>.debug_line</name>
         <load_address>0x2054</load_address>
         <run_address>0x2054</run_address>
         <size>0x4c</size>
         <input_file_ref idref="fl-db"/>
      </object_component>
      <object_component id="oc-e5">
         <name>.debug_line</name>
         <load_address>0x20a0</load_address>
         <run_address>0x20a0</run_address>
         <size>0x34</size>
         <input_file_ref idref="fl-db"/>
      </object_component>
      <object_component id="oc-153">
         <name>.debug_line</name>
         <load_address>0x20d4</load_address>
         <run_address>0x20d4</run_address>
         <size>0x92</size>
         <input_file_ref idref="fl-db"/>
      </object_component>
      <object_component id="oc-e0">
         <name>.debug_line</name>
         <load_address>0x2166</load_address>
         <run_address>0x2166</run_address>
         <size>0x20</size>
         <input_file_ref idref="fl-dc"/>
      </object_component>
      <object_component id="oc-1d">
         <name>.debug_line</name>
         <load_address>0x2186</load_address>
         <run_address>0x2186</run_address>
         <size>0x55</size>
         <input_file_ref idref="fl-dc"/>
      </object_component>
      <object_component id="oc-68">
         <name>.debug_line</name>
         <load_address>0x21db</load_address>
         <run_address>0x21db</run_address>
         <size>0x3a</size>
         <input_file_ref idref="fl-dc"/>
      </object_component>
      <object_component id="oc-dd">
         <name>.debug_line</name>
         <load_address>0x2215</load_address>
         <run_address>0x2215</run_address>
         <size>0x92</size>
         <input_file_ref idref="fl-dc"/>
      </object_component>
      <object_component id="oc-14f">
         <name>.debug_line</name>
         <load_address>0x22a7</load_address>
         <run_address>0x22a7</run_address>
         <size>0x20</size>
         <input_file_ref idref="fl-dd"/>
      </object_component>
      <object_component id="oc-1a">
         <name>.debug_line</name>
         <load_address>0x22c7</load_address>
         <run_address>0x22c7</run_address>
         <size>0xa9</size>
         <input_file_ref idref="fl-dd"/>
      </object_component>
      <object_component id="oc-58">
         <name>.debug_line</name>
         <load_address>0x2370</load_address>
         <run_address>0x2370</run_address>
         <size>0x3a</size>
         <input_file_ref idref="fl-dd"/>
      </object_component>
      <object_component id="oc-14c">
         <name>.debug_line</name>
         <load_address>0x23aa</load_address>
         <run_address>0x23aa</run_address>
         <size>0x9a</size>
         <input_file_ref idref="fl-dd"/>
      </object_component>
      <object_component id="oc-d6">
         <name>.debug_line</name>
         <load_address>0x2444</load_address>
         <run_address>0x2444</run_address>
         <size>0x96</size>
         <input_file_ref idref="fl-dd"/>
      </object_component>
      <object_component id="oc-90">
         <name>.debug_line</name>
         <load_address>0x24da</load_address>
         <run_address>0x24da</run_address>
         <size>0x33</size>
         <input_file_ref idref="fl-de"/>
      </object_component>
      <object_component id="oc-81">
         <name>.debug_line</name>
         <load_address>0x250d</load_address>
         <run_address>0x250d</run_address>
         <size>0x45</size>
         <input_file_ref idref="fl-de"/>
      </object_component>
      <object_component id="oc-63">
         <name>.debug_line</name>
         <load_address>0x2552</load_address>
         <run_address>0x2552</run_address>
         <size>0x88</size>
         <input_file_ref idref="fl-df"/>
      </object_component>
      <object_component id="oc-29a">
         <name>.debug_line</name>
         <load_address>0x25da</load_address>
         <run_address>0x25da</run_address>
         <size>0xbf</size>
         <input_file_ref idref="fl-e1"/>
      </object_component>
      <object_component id="oc-190">
         <name>.debug_line</name>
         <load_address>0x2699</load_address>
         <run_address>0x2699</run_address>
         <size>0x6f</size>
         <input_file_ref idref="fl-e1"/>
      </object_component>
      <object_component id="oc-29e">
         <name>.debug_line</name>
         <load_address>0x2708</load_address>
         <run_address>0x2708</run_address>
         <size>0x2e</size>
         <input_file_ref idref="fl-e1"/>
      </object_component>
      <object_component id="oc-2e6">
         <name>.debug_line</name>
         <load_address>0x2736</load_address>
         <run_address>0x2736</run_address>
         <size>0x9a</size>
         <input_file_ref idref="fl-e1"/>
      </object_component>
      <object_component id="oc-2a3">
         <name>.debug_line</name>
         <load_address>0x27d0</load_address>
         <run_address>0x27d0</run_address>
         <size>0x97</size>
[...]
         <object_component_ref idref="oc-15f"/>
      </symbol>
      <symbol id="sm-1a5">
         <name>F8X16</name>
         <value>0x1ae8</value>
         <object_component_ref idref="oc-286"/>
      </symbol>
      <symbol id="sm-1a6">
         <name>OLED_ShowChar</name>
         <value>0xf31</value>
         <object_component_ref idref="oc-22b"/>
      </symbol>
      <symbol id="sm-1a7">
         <name>Write_IIC_Byte</name>
         <value>0x10d1</value>
         <object_component_ref idref="oc-2c6"/>
      </symbol>
      <symbol id="sm-1a8">
         <name>OLED_Clear</name>
         <value>0x1443</value>
         <object_component_ref idref="oc-20f"/>
      </symbol>
      <symbol id="sm-1a9">
         <name>oled_pow</name>
         <value>0x1989</value>
         <object_component_ref idref="oc-231"/>
      </symbol>
      <symbol id="sm-1aa">
         <name>IIC_Start</name>
         <value>0x15d5</value>
         <object_component_ref idref="oc-2c0"/>
      </symbol>
      <symbol id="sm-1ab">
         <name>OLED_ShowSignedNum</name>
         <value>0xe51</value>
         <object_component_ref idref="oc-177"/>
      </symbol>
      <symbol id="sm-1ac">
         <name>IIC_Wait_Ack</name>
         <value>0x19b9</value>
         <object_component_ref idref="oc-2cc"/>
      </symbol>
      <symbol id="sm-1ad">
         <name>OLED_Set_Pos</name>
         <value>0x17c9</value>
         <object_component_ref idref="oc-215"/>
      </symbol>
      <symbol id="sm-1d2">
         <name>PWM0_1_Init</name>
         <value>0xb91</value>
         <object_component_ref idref="oc-16b"/>
      </symbol>
      <symbol id="sm-1d3">
         <name>Set_PWM_Value_Angle</name>
         <value>0x1349</value>
         <object_component_ref idref="oc-12d"/>
      </symbol>
      <symbol id="sm-205">
         <name>UART6_Init</name>
         <value>0x1181</value>
         <object_component_ref idref="oc-165"/>
      </symbol>
      <symbol id="sm-206">
         <name>UART2_IRQHandler</name>
         <value>0xd71</value>
         <object_component_ref idref="oc-45"/>
      </symbol>
      <symbol id="sm-219">
         <name>Control_Mode1</name>
         <value>0x6a1</value>
         <object_component_ref idref="oc-ab"/>
      </symbol>
      <symbol id="sm-22c">
         <name>TIM01_Init</name>
         <value>0xc85</value>
         <object_component_ref idref="oc-171"/>
      </symbol>
      <symbol id="sm-248">
         <name>Reset_Handler</name>
         <value>0x1acd</value>
         <object_component_ref idref="oc-27"/>
      </symbol>
      <symbol id="sm-249">
         <name>Default_Handler</name>
         <value>0x69f</value>
         <object_component_ref idref="oc-2d"/>
      </symbol>
      <symbol id="sm-24a">
         <name>interruptVectors</name>
         <value>0x0</value>
         <object_component_ref idref="oc-12"/>
      </symbol>
      <symbol id="sm-270">
         <name>ADCIntClearEx</name>
         <value>0x1aad</value>
         <object_component_ref idref="oc-99"/>
      </symbol>
      <symbol id="sm-28e">
         <name>GPIOPinConfigure</name>
         <value>0x16b9</value>
         <object_component_ref idref="oc-21c"/>
      </symbol>
      <symbol id="sm-28f">
         <name>GPIOPinWrite</name>
         <value>0x1a33</value>
         <object_component_ref idref="oc-203"/>
      </symbol>
      <symbol id="sm-317">
         <name>SysCtlDelay</name>
         <value>0x1ad9</value>
         <object_component_ref idref="oc-c7"/>
      </symbol>
      <symbol id="sm-318">
         <name>SysCtlPeripheralEnable</name>
         <value>0x1809</value>
         <object_component_ref idref="oc-1f7"/>
      </symbol>
      <symbol id="sm-319">
         <name>SysCtlPeripheralReady</name>
         <value>0x16fd</value>
         <object_component_ref idref="oc-1fd"/>
      </symbol>
      <symbol id="sm-31a">
         <name>SysCtlClockFreqSet</name>
         <value>0x209</value>
         <object_component_ref idref="oc-159"/>
      </symbol>
      <symbol id="sm-330">
         <name>TimerValueGet</name>
         <value>0x1a75</value>
         <object_component_ref idref="oc-142"/>
      </symbol>
      <symbol id="sm-331">
         <name>TimerPrescaleSet</name>
         <value>0x19e5</value>
         <object_component_ref idref="oc-224"/>
      </symbol>
      <symbol id="sm-34a">
         <name>__aeabi_dsub</name>
         <value>0x4e9</value>
         <object_component_ref idref="oc-1d3"/>
      </symbol>
      <symbol id="sm-34b">
         <name>__aeabi_dadd</name>
         <value>0x4f3</value>
         <object_component_ref idref="oc-1d3"/>
      </symbol>
      <symbol id="sm-35f">
         <name>__aeabi_ddiv</name>
         <value>0x95d</value>
         <object_component_ref idref="oc-1ce"/>
      </symbol>
      <symbol id="sm-36a">
         <name>__aeabi_dmul</name>
         <value>0xa93</value>
         <object_component_ref idref="oc-1c9"/>
      </symbol>
      <symbol id="sm-376">
         <name>__aeabi_d2f</name>
         <value>0x13d5</value>
         <object_component_ref idref="oc-1d8"/>
      </symbol>
      <symbol id="sm-382">
         <name>__aeabi_f2d</name>
         <value>0x18bd</value>
         <object_component_ref idref="oc-1c4"/>
      </symbol>
      <symbol id="sm-39c">
         <name>__TI_zero_init_nomemset</name>
         <value>0x1a91</value>
         <object_component_ref idref="oc-6b"/>
      </symbol>
      <symbol id="sm-3b3">
         <name>__TI_decompress_none</name>
         <value>0x1abf</value>
         <object_component_ref idref="oc-1b"/>
      </symbol>
      <symbol id="sm-3d6">
         <name>__TI_decompress_lzss</name>
         <value>0x14ad</value>
         <object_component_ref idref="oc-15"/>
      </symbol>
      <symbol id="sm-3e9">
         <name>__stack</name>
         <value>0x20000000</value>
         <object_component_ref idref="oc-24"/>
      </symbol>
      <symbol id="sm-3ea">
         <name>_c_int00_noargs</name>
         <value>0x18f5</value>
         <object_component_ref idref="oc-7d"/>
      </symbol>
      <symbol id="sm-405">
         <name>memcpy</name>
         <value>0x121d</value>
         <object_component_ref idref="oc-5f"/>
      </symbol>
      <symbol id="sm-406">
         <name>__aeabi_memcpy</name>
         <value>0x121d</value>
         <object_component_ref idref="oc-5f"/>
      </symbol>
      <symbol id="sm-407">
         <name>__aeabi_memcpy8</name>
         <value>0x121d</value>
         <object_component_ref idref="oc-5f"/>
      </symbol>
      <symbol id="sm-408">
         <name>__aeabi_memcpy4</name>
         <value>0x121d</value>
         <object_component_ref idref="oc-5f"/>
      </symbol>
      <symbol id="sm-431">
         <name>__TI_auto_init_nobinit_nopinit</name>
         <value>0x1785</value>
         <object_component_ref idref="oc-18b"/>
      </symbol>
      <symbol id="sm-43b">
         <name>_system_pre_init</name>
         <value>0x1adf</value>
         <object_component_ref idref="oc-ee"/>
      </symbol>
      <symbol id="sm-447">
         <name>C$$EXIT</name>
         <value>0x1ae3</value>
         <object_component_ref idref="oc-17f"/>
      </symbol>
      <symbol id="sm-448">
         <name>abort</name>
         <value>0x1ae3</value>
         <object_component_ref idref="oc-17f"/>
      </symbol>
      <symbol id="sm-44b">
         <name>__TI_static_base__</name>
         <value>0x0</value>
      </symbol>
      <symbol id="sm-44e">
         <name>__mpu_init</name>
         <value>0x0</value>
      </symbol>
      <symbol id="sm-44f">
         <name>_system_post_cinit</name>
         <value>0x0</value>
      </symbol>
      <symbol id="sm-450">
         <name>NMI_Handler</name>
         <value>0x69f</value>
      </symbol>
      <symbol id="sm-451">
         <name>HardFault_Handler</name>
         <value>0x69f</value>
      </symbol>
      <symbol id="sm-452">
         <name>MemManage_Handler</name>
         <value>0x69f</value>
      </symbol>
      <symbol id="sm-453">
         <name>BusFault_Handler</name>
         <value>0x69f</value>
      </symbol>
      <symbol id="sm-454">
         <name>UsageFault_Handler</name>
         <value>0x69f</value>
      </symbol>
      <symbol id="sm-455">
         <name>SVC_Handler</name>
         <value>0x69f</value>
      </symbol>
      <symbol id="sm-456">
         <name>DebugMon_Handler</name>
         <value>0x69f</value>
      </symbol>
      <symbol id="sm-457">
         <name>PendSV_Handler</name>
         <value>0x69f</value>
      </symbol>
      <symbol id="sm-458">
         <name>SysTick_Handler</name>
         <value>0x69f</value>
      </symbol>
      <symbol id="sm-459">
         <name>GPIOA_IRQHandler</name>
         <value>0x69f</value>
      </symbol>
      <symbol id="sm-45a">
         <name>GPIOB_IRQHandler</name>
         <value>0x69f</value>
      </symbol>
      <symbol id="sm-45b">
         <name>GPIOC_IRQHandler</name>
         <value>0x69f</value>
      </symbol>
      <symbol id="sm-45c">
         <name>GPIOD_IRQHandler</name>
         <value>0x69f</value>
      </symbol>
      <symbol id="sm-45d">
         <name>GPIOE_IRQHandler</name>
         <value>0x69f</value>
      </symbol>
      <symbol id="sm-45e">
         <name>UART0_IRQHandler</name>
         <value>0x69f</value>
      </symbol>
      <symbol id="sm-45f">
         <name>UART1_IRQHandler</name>
         <value>0x69f</value>
      </symbol>
      <symbol id="sm-460">
         <name>SSI0_IRQHandler</name>
         <value>0x69f</value>
      </symbol>
      <symbol id="sm-461">
         <name>I2C0_IRQHandler</name>
         <value>0x69f</value>
      </symbol>
      <symbol id="sm-462">
         <name>PWM0_FAULT_IRQHandler</name>
         <value>0x69f</value>
      </symbol>
      <symbol id="sm-463">
         <name>PWM0_0_IRQHandler</name>
         <value>0x69f</value>
      </symbol>
      <symbol id="sm-464">
         <name>PWM0_1_IRQHandler</name>
         <value>0x69f</value>
      </symbol>
      <symbol id="sm-465">
         <name>PWM0_2_IRQHandler</name>
         <value>0x69f</value>
      </symbol>
      <symbol id="sm-466">
         <name>QEI0_IRQHandler</name>
         <value>0x69f</value>
      </symbol>
      <symbol id="sm-467">
         <name>ADC0SS0_IRQHandler</name>
         <value>0x69f</value>
      </symbol>
      <symbol id="sm-468">
         <name>ADC0SS1_IRQHandler</name>
         <value>0x69f</value>
      </symbol>
      <symbol id="sm-469">
         <name>ADC0SS2_IRQHandler</name>
         <value>0x1515</value>
      </symbol>
      <symbol id="sm-46a">
         <name>ADC0SS3_IRQHandler</name>
         <value>0x69f</value>
      </symbol>
      <symbol id="sm-46b">
         <name>WATCHDOG_IRQHandler</name>
         <value>0x69f</value>
      </symbol>
      <symbol id="sm-46c">
         <name>TIMER0A_IRQHandler</name>
         <value>0x1579</value>
      </symbol>
      <symbol id="sm-46d">
         <name>TIMER0B_IRQHandler</name>
         <value>0x69f</value>
      </symbol>
      <symbol id="sm-46e">
         <name>TIMER1A_IRQHandler</name>
         <value>0x1621</value>
      </symbol>
      <symbol id="sm-46f">
         <name>TIMER1B_IRQHandler</name>
         <value>0x69f</value>
      </symbol>
      <symbol id="sm-470">
         <name>TIMER2A_IRQHandler</name>
         <value>0x69f</value>
      </symbol>
      <symbol id="sm-471">
         <name>TIMER2B_IRQHandler</name>
         <value>0x69f</value>
      </symbol>
      <symbol id="sm-472">
         <name>COMP0_IRQHandler</name>
         <value>0x69f</value>
      </symbol>
      <symbol id="sm-473">
         <name>COMP1_IRQHandler</name>
         <value>0x69f</value>
      </symbol>
      <symbol id="sm-474">
         <name>COMP2_IRQHandler</name>
         <value>0x69f</value>
      </symbol>
      <symbol id="sm-475">
         <name>SYSCTL_IRQHandler</name>
         <value>0x69f</value>
      </symbol>
      <symbol id="sm-476">
         <name>FLASH_IRQHandler</name>
         <value>0x69f</value>
      </symbol>
      <symbol id="sm-477">
         <name>GPIOF_IRQHandler</name>
         <value>0x69f</value>
      </symbol>
      <symbol id="sm-478">
         <name>GPIOG_IRQHandler</name>
         <value>0x69f</value>
      </symbol>
      <symbol id="sm-479">
         <name>GPIOH_IRQHandler</name>
         <value>0x69f</value>
      </symbol>
      <symbol id="sm-47a">
         <name>UART2_IRQHandler</name>
         <value>0xd71</value>
      </symbol>
      <symbol id="sm-47b">
         <name>SSI1_IRQHandler</name>
         <value>0x69f</value>
      </symbol>
      <symbol id="sm-47c">
         <name>TIMER3A_IRQHandler</name>
         <value>0x69f</value>
      </symbol>
      <symbol id="sm-47d">
         <name>TIMER3B_IRQHandler</name>
         <value>0x69f</value>
      </symbol>
      <symbol id="sm-47e">
         <name>I2C1_IRQHandler</name>
         <value>0x69f</value>
      </symbol>
      <symbol id="sm-47f">
         <name>CAN0_IRQHandler</name>
         <value>0x69f</value>
      </symbol>
      <symbol id="sm-480">
         <name>CAN1_IRQHandler</name>
         <value>0x69f</value>
      </symbol>
      <symbol id="sm-481">
         <name>EMAC0_IRQHandler</name>
         <value>0x69f</value>
      </symbol>
      <symbol id="sm-482">
         <name>HIBERNATE_IRQHandler</name>
         <value>0x69f</value>
      </symbol>
      <symbol id="sm-483">
         <name>USB0_IRQHandler</name>
         <value>0x69f</value>
      </symbol>
      <symbol id="sm-484">
         <name>PWM0_3_IRQHandler</name>
         <value>0x69f</value>
      </symbol>
      <symbol id="sm-485">
         <name>UDMA_IRQHandler</name>
         <value>0x69f</value>
      </symbol>
      <symbol id="sm-486">
         <name>UDMAERR_IRQHandler</name>
         <value>0x69f</value>
      </symbol>
      <symbol id="sm-487">
         <name>ADC1SS0_IRQHandler</name>
         <value>0x69f</value>
      </symbol>
      <symbol id="sm-488">
         <name>ADC1SS1_IRQHandler</name>
         <value>0x69f</value>
      </symbol>
      <symbol id="sm-489">
         <name>ADC1SS2_IRQHandler</name>
         <value>0x69f</value>
      </symbol>
      <symbol id="sm-48a">
         <name>ADC1SS3_IRQHandler</name>
         <value>0x69f</value>
      </symbol>
      <symbol id="sm-48b">
         <name>EPI0_IRQHandler</name>
         <value>0x69f</value>
      </symbol>
      <symbol id="sm-48c">
         <name>GPIOJ_IRQHandler</name>
         <value>0x69f</value>
      </symbol>
      <symbol id="sm-48d">
         <name>GPIOK_IRQHandler</name>
         <value>0x69f</value>
      </symbol>
      <symbol id="sm-48e">
         <name>GPIOL_IRQHandler</name>
         <value>0x69f</value>
      </symbol>
      <symbol id="sm-48f">
         <name>SSI2_IRQHandler</name>
         <value>0x69f</value>
      </symbol>
      <symbol id="sm-490">
         <name>SSI3_IRQHandler</name>
         <value>0x69f</value>
      </symbol>
      <symbol id="sm-491">
         <name>UART3_IRQHandler</name>
         <value>0x69f</value>
      </symbol>
      <symbol id="sm-492">
         <name>UART4_IRQHandler</name>
         <value>0x69f</value>
      </symbol>
      <symbol id="sm-493">
         <name>UART5_IRQHandler</name>
         <value>0x69f</value>
      </symbol>
      <symbol id="sm-494">
         <name>UART6_IRQHandler</name>
         <value>0x1001</value>
      </symbol>
      <symbol id="sm-495">
         <name>UART7_IRQHandler</name>
         <value>0x69f</value>
      </symbol>
      <symbol id="sm-496">
         <name>I2C2_IRQHandler</name>
         <value>0x69f</value>
      </symbol>
      <symbol id="sm-497">
         <name>I2C3_IRQHandler</name>
         <value>0x69f</value>
      </symbol>
      <symbol id="sm-498">
         <name>TIMER4A_IRQHandler</name>
         <value>0x69f</value>
      </symbol>
      <symbol id="sm-499">
         <name>TIMER4B_IRQHandler</name>
         <value>0x69f</value>
      </symbol>
      <symbol id="sm-49a">
         <name>TIMER5A_IRQHandler</name>
         <value>0x69f</value>
      </symbol>
      <symbol id="sm-49b">
         <name>TIMER5B_IRQHandler</name>
         <value>0x69f</value>
      </symbol>
      <symbol id="sm-49c">
         <name>SYSEXC_IRQHandler</name>
         <value>0x69f</value>
      </symbol>
      <symbol id="sm-49d">
         <name>I2C4_IRQHandler</name>
         <value>0x69f</value>
      </symbol>
      <symbol id="sm-49e">
         <name>I2C5_IRQHandler</name>
         <value>0x69f</value>
      </symbol>
      <symbol id="sm-49f">
         <name>GPIOM_IRQHandler</name>
         <value>0x69f</value>
      </symbol>
      <symbol id="sm-4a0">
         <name>GPION_IRQHandler</name>
         <value>0x69f</value>
      </symbol>
      <symbol id="sm-4a1">
         <name>TAMPER0_IRQHandler</name>
         <value>0x69f</value>
      </symbol>
      <symbol id="sm-4a2">
         <name>GPIOP0_IRQHandler</name>
         <value>0x69f</value>
      </symbol>
      <symbol id="sm-4a3">
         <name>GPIOP1_IRQHandler</name>
         <value>0x69f</value>
      </symbol>
      <symbol id="sm-4a4">
         <name>GPIOP2_IRQHandler</name>
         <value>0x69f</value>
      </symbol>
      <symbol id="sm-4a5">
         <name>GPIOP3_IRQHandler</name>
         <value>0x69f</value>
      </symbol>
      <symbol id="sm-4a6">
         <name>GPIOP4_IRQHandler</name>
         <value>0x69f</value>
      </symbol>
      <symbol id="sm-4a7">
         <name>GPIOP5_IRQHandler</name>
         <value>0x69f</value>
      </symbol>
      <symbol id="sm-4a8">
         <name>GPIOP6_IRQHandler</name>
         <value>0x69f</value>
      </symbol>
      <symbol id="sm-4a9">
         <name>GPIOP7_IRQHandler</name>
         <value>0x69f</value>
      </symbol>
      <symbol id="sm-4aa">
         <name>GPIOQ0_IRQHandler</name>
         <value>0x69f</value>
      </symbol>
      <symbol id="sm-4ab">
         <name>GPIOQ1_IRQHandler</name>
         <value>0x69f</value>
      </symbol>
      <symbol id="sm-4ac">
         <name>GPIOQ2_IRQHandler</name>
         <value>0x69f</value>
      </symbol>
      <symbol id="sm-4ad">
         <name>GPIOQ3_IRQHandler</name>
         <value>0x69f</value>
      </symbol>
      <symbol id="sm-4ae">
         <name>GPIOQ4_IRQHandler</name>
         <value>0x69f</value>
      </symbol>
      <symbol id="sm-4af">
         <name>GPIOQ5_IRQHandler</name>
         <value>0x69f</value>
      </symbol>
      <symbol id="sm-4b0">
         <name>GPIOQ6_IRQHandler</name>
         <value>0x69f</value>
      </symbol>
      <symbol id="sm-4b1">
         <name>GPIOQ7_IRQHandler</name>
         <value>0x69f</value>
      </symbol>
      <symbol id="sm-4b2">
         <name>SHA0_IRQHandler</name>
         <value>0x69f</value>
      </symbol>
      <symbol id="sm-4b3">
         <name>AES0_IRQHandler</name>
         <value>0x69f</value>
      </symbol>
      <symbol id="sm-4b4">
         <name>DES0_IRQHandler</name>
         <value>0x69f</value>
      </symbol>
      <symbol id="sm-4b5">
         <name>TIMER6A_IRQHandler</name>
         <value>0x69f</value>
      </symbol>
      <symbol id="sm-4b6">
         <name>TIMER6B_IRQHandler</name>
         <value>0x69f</value>
      </symbol>
      <symbol id="sm-4b7">
         <name>TIMER7A_IRQHandler</name>
         <value>0x69f</value>
      </symbol>
      <symbol id="sm-4b8">
         <name>TIMER7B_IRQHandler</name>
         <value>0x69f</value>
      </symbol>
      <symbol id="sm-4b9">
         <name>I2C6_IRQHandler</name>
         <value>0x69f</value>
      </symbol>
      <symbol id="sm-4ba">
         <name>I2C7_IRQHandler</name>
         <value>0x69f</value>
      </symbol>
      <symbol id="sm-4bb">
         <name>I2C8_IRQHandler</name>
         <value>0x69f</value>
      </symbol>
      <symbol id="sm-4bc">
         <name>I2C9_IRQHandler</name>
         <value>0x69f</value>
      </symbol>
   </symbol_table>
   <title>Link successful</title>
</link_info>
