******************************************************************************
                  TI ARM Linker PC v20.2.7                     
******************************************************************************
>> Linked Mon Jul 31 10:26:33 2023

OUTPUT FILE NAME:   <AAA_car.out>
ENTRY POINT SYMBOL: "_c_int00_noargs"  address: 000018f5


MEMORY CONFIGURATION

         name            origin    length      used     unused   attr    fill
----------------------  --------  ---------  --------  --------  ----  --------
  FLASH                 00000000   00100000  0000235e  000fdca2  R  X
  SRAM                  20000000   00040000  0000026f  0003fd91  RW X


SEGMENT ALLOCATION MAP

run origin  load origin   length   init length attrs members
----------  ----------- ---------- ----------- ----- -------
00000000    00000000    00002360   00002360    r-x
  00000000    00000000    00000208   00000208    r-- .intvecs
  00000208    00000208    000018de   000018de    r-x .text
  00001ae8    00001ae8    00000848   00000848    r-- .const
  00002330    00002330    00000030   00000030    r-- .cinit
20000000    20000000    00000270   00000000    rw-
  20000000    20000000    00000200   00000000    rw- .stack
  20000200    20000200    00000053   00000000    rw- .data
  20000254    20000254    0000001c   00000000    rw- .bss


SECTION ALLOCATION MAP

 output                                  attributes/
section   page    origin      length       input sections
--------  ----  ----------  ----------   ----------------
.intvecs   0    00000000    00000208     
                  00000000    00000208     startup_msp432e401y_ccs.obj (.intvecs:retain)

.text      0    00000208    000018de     
                  00000208    000002e0     msp432e4_driverlib.a : sysctl.o (.text:SysCtlClockFreqSet)
                  000004e8    000001b6     rtsv7M4_T_le_v4SPD16_eabi.lib : fd_add_t2.asm.obj (.text)
                  0000069e    00000002     startup_msp432e401y_ccs.obj (.text:Default_Handler)
                  000006a0    00000180     Motor_Con.obj (.text:Control_Mode1)
                  00000820    0000013c     OLED.obj (.text:OLED_Init)
                  0000095c    00000136     rtsv7M4_T_le_v4SPD16_eabi.lib : fd_div_t2.asm.obj (.text)
                  00000a92    000000fc                                   : fd_mul_t2.asm.obj (.text)
                  00000b8e    00000002     --HOLE-- [fill = 0]
                  00000b90    000000f4     Sevor.obj (.text:PWM0_1_Init)
                  00000c84    000000ec     Timer.obj (.text:TIM01_Init)
                  00000d70    000000e0     _UART.obj (.text:UART2_IRQHandler)
                  00000e50    000000de     OLED.obj (.text:OLED_ShowSignedNum)
                  00000f2e    00000002     --HOLE-- [fill = 0]
                  00000f30    000000d0     OLED.obj (.text:OLED_ShowChar)
                  00001000    000000d0     main.obj (.text:UART6_IRQHandler)
                  000010d0    000000b0     OLED.obj (.text:Write_IIC_Byte)
                  00001180    0000009c     _UART.obj (.text:UART6_Init)
                  0000121c    0000009c     rtsv7M4_T_le_v4SPD16_eabi.lib : memcpy_t2.asm.obj (.text)
                  000012b8    00000090     msp432e4_driverlib.a : sysctl.o (.text:_SysCtlFrequencyGet)
                  00001348    0000008c     Sevor.obj (.text:Set_PWM_Value_Angle)
                  000013d4    0000006e     rtsv7M4_T_le_v4SPD16_eabi.lib : fd_tos_t2.asm.obj (.text)
                  00001442    0000006a     OLED.obj (.text:OLED_Clear)
                  000014ac    00000068     rtsv7M4_T_le_v4SPD16_eabi.lib : copy_decompress_lzss.c.obj (.text:decompress:lzss:__TI_decompress_lzss)
                  00001514    00000064     ADC.obj (.text:ADC0SS2_IRQHandler)
                  00001578    0000005c     main.obj (.text:TIMER0A_IRQHandler)
                  000015d4    0000004c     OLED.obj (.text:IIC_Start)
                  00001620    0000004c     main.obj (.text:TIMER1A_IRQHandler)
                  0000166c    0000004c     main.obj (.text:main)
                  000016b8    00000044     msp432e4_driverlib.a : gpio.o (.text:GPIOPinConfigure)
                  000016fc    00000044                          : sysctl.o (.text:SysCtlPeripheralReady)
                  00001740    00000044                          : sysctl.o (.text:_SysCtlMemTimingGet)
                  00001784    00000044     rtsv7M4_T_le_v4SPD16_eabi.lib : autoinit.c.obj (.text:__TI_auto_init_nobinit_nopinit:__TI_auto_init_nobinit_nopinit)
                  000017c8    00000040     OLED.obj (.text:OLED_Set_Pos)
                  00001808    00000040     msp432e4_driverlib.a : sysctl.o (.text:SysCtlPeripheralEnable)
                  00001848    0000003c     OLED.obj (.text:IIC_Stop)
                  00001884    00000038     Encoder.obj (.text:Get_Speed)
                  000018bc    00000038     rtsv7M4_T_le_v4SPD16_eabi.lib : fs_tod_t2.asm.obj (.text)
                  000018f4    00000034                                   : boot_cortex_m.c.obj (.text:_c_int00_noargs:_c_int00_noargs)
                  00001928    00000030     OLED.obj (.text:Write_IIC_Command)
                  00001958    00000030     OLED.obj (.text:Write_IIC_Data)
                  00001988    00000030     OLED.obj (.text:oled_pow)
                  000019b8    0000002c     OLED.obj (.text:IIC_Wait_Ack)
                  000019e4    0000002a     msp432e4_driverlib.a : timer.o (.text:TimerPrescaleSet)
                  00001a0e    00000024     OLED.obj (.text:OLED_WR_Byte)
                  00001a32    00000020     msp432e4_driverlib.a : gpio.o (.text:GPIOPinWrite)
                  00001a52    00000002     --HOLE-- [fill = 0]
                  00001a54    00000020     system_msp432e401y.obj (.text:SystemInit)
                  00001a74    0000001c     msp432e4_driverlib.a : timer.o (.text:TimerValueGet)
                  00001a90    0000001c     rtsv7M4_T_le_v4SPD16_eabi.lib : copy_zero_init.c.obj (.text:decompress:ZI:__TI_zero_init_nomemset:__TI_zero_init_nomemset)
                  00001aac    00000012     msp432e4_driverlib.a : adc.o (.text:ADCIntClearEx)
                  00001abe    0000000e     rtsv7M4_T_le_v4SPD16_eabi.lib : copy_decompress_none.c.obj (.text:decompress:none:__TI_decompress_none)
                  00001acc    0000000c     startup_msp432e401y_ccs.obj (.text:Reset_Handler)
                  00001ad8    00000006     msp432e4_driverlib.a : sysctl.o (.text:SysCtlDelay)
                  00001ade    00000004     rtsv7M4_T_le_v4SPD16_eabi.lib : pre_init.c.obj (.text:_system_pre_init)
                  00001ae2    00000004                                   : exit.c.obj (.text:abort:abort)

.const     0    00001ae8    00000848     
                  00001ae8    000005f0     OLED.obj (.const:.string:F8X16)
                  000020d8    000001b0     msp432e4_driverlib.a : sysctl.o (.const:g_pppui32XTALtoVCO)
                  00002288    00000048                          : gpio.o (.const:g_pui32GPIOBaseAddrs)
                  000022d0    00000030                          : sysctl.o (.const:g_sXTALtoMEMTIM)
                  00002300    00000028                          : sysctl.o (.const:g_pui32Xtals)
                  00002328    00000008                          : sysctl.o (.const:g_pui32VCOFrequencies)

.cinit     0    00002330    00000030     
                  00002330    0000000c     (.cinit..data.load) [load image, compression = lzss]
                  0000233c    0000000c     (__TI_handler_table)
                  00002348    00000008     (.cinit..bss.load) [load image, compression = zero_init]
                  00002350    00000010     (__TI_cinit_table)

.init_array 
*          0    00000000    00000000     UNINITIALIZED

.data      0    20000200    00000053     UNINITIALIZED
                  20000200    00000024     main.obj (.data:Servo_PID_x)
                  20000224    00000024     main.obj (.data:Servo_PID_y)
                  20000248    00000004     main.obj (.data)
                  2000024c    00000004     system_msp432e401y.obj (.data)
                  20000250    00000002     _UART.obj (.data)
                  20000252    00000001     ADC.obj (.data)

.bss       0    20000254    0000001c     UNINITIALIZED
                  20000254    00000008     (.common:Data_xy_err)
                  2000025c    00000008     (.common:srcBuffer)
                  20000264    00000004     (.common:g_ui32SysClock)
                  20000268    00000004     (.common:systemClock)
                  2000026c    00000002     (.common:speed1)
                  2000026e    00000002     (.common:speed2)

.stack     0    20000000    00000200     UNINITIALIZED
                  20000000    00000004     rtsv7M4_T_le_v4SPD16_eabi.lib : boot_cortex_m.c.obj (.stack)
                  20000004    000001fc     --HOLE--

__llvm_prf_cnts 
*          0    20000000    00000000     UNINITIALIZED

MODULE SUMMARY

       Module                        code   ro data   rw data
       ------                        ----   -------   -------
    .\
       main.obj                      452    0         96     
       system_msp432e401y.obj        32     0         4      
    +--+-----------------------------+------+---------+---------+
       Total:                        484    0         100    
                                                             
    .\Hardware\
       OLED.obj                      1452   1520      0      
       Sevor.obj                     384    0         0      
       _UART.obj                     380    0         2      
       ADC.obj                       100    0         9      
       Encoder.obj                   56     0         0      
    +--+-----------------------------+------+---------+---------+
       Total:                        2372   1520      11     
                                                             
    .\System\
       Motor_Con.obj                 384    0         0      
       Timer.obj                     236    0         0      
    +--+-----------------------------+------+---------+---------+
       Total:                        620    0         0      
                                                             
    .\ccs\
       startup_msp432e401y_ccs.obj   14     520       0      
    +--+-----------------------------+------+---------+---------+
       Total:                        14     520       0      
                                                             
    D:/CCSv8/simplelink_msp432e4_sdk_4_20_00_12/source/ti/devices/msp432e4/driverlib/lib/ccs/m4f/msp432e4_driverlib.a
       sysctl.o                      1086   528       0      
       gpio.o                        100    72        0      
       timer.o                       70     0         0      
       adc.o                         18     0         0      
    +--+-----------------------------+------+---------+---------+
       Total:                        1274   600       0      
                                                             
    D:\CCSv8\ccs1230\ccs\tools\compiler\ti-cgt-arm_20.2.7.LTS\lib\rtsv7M4_T_le_v4SPD16_eabi.lib
       fd_add_t2.asm.obj             438    0         0      
       fd_div_t2.asm.obj             310    0         0      
       fd_mul_t2.asm.obj             252    0         0      
       memcpy_t2.asm.obj             156    0         0      
       fd_tos_t2.asm.obj             110    0         0      
       copy_decompress_lzss.c.obj    104    0         0      
       autoinit.c.obj                68     0         0      
       fs_tod_t2.asm.obj             56     0         0      
       boot_cortex_m.c.obj           52     0         0      
       copy_zero_init.c.obj          28     0         0      
       copy_decompress_none.c.obj    14     0         0      
       exit.c.obj                    4      0         0      
       pre_init.c.obj                4      0         0      
    +--+-----------------------------+------+---------+---------+
       Total:                        1596   0         0      
                                                             
       Stack:                        0      0         512    
       Linker Generated:             0      48        0      
    +--+-----------------------------+------+---------+---------+
       Grand Total:                  6360   2688      623    


LINKER GENERATED COPY TABLES

__TI_cinit_table @ 00002350 records: 2, size/record: 8, table size: 16
	.data: load addr=00002330, load size=0000000c bytes, run addr=20000200, run size=00000053 bytes, compression=lzss
	.bss: load addr=00002348, load size=00000008 bytes, run addr=20000254, run size=0000001c bytes, compression=zero_init


LINKER GENERATED HANDLER TABLE

__TI_handler_table @ 0000233c records: 3, size/record: 4, table size: 12
	index: 0, handler: __TI_decompress_lzss
	index: 1, handler: __TI_decompress_none
	index: 2, handler: __TI_zero_init


GLOBAL SYMBOLS: SORTED ALPHABETICALLY BY Name 

address   name                          
-------   ----                          
0000069f  ADC0SS0_IRQHandler            
0000069f  ADC0SS1_IRQHandler            
00001515  ADC0SS2_IRQHandler            
00001515  ADC0SS2_IRQHandler            
0000069f  ADC0SS3_IRQHandler            
0000069f  ADC1SS0_IRQHandler            
0000069f  ADC1SS1_IRQHandler            
0000069f  ADC1SS2_IRQHandler            
0000069f  ADC1SS3_IRQHandler            
00001aad  ADCIntClearEx                 
0000069f  AES0_IRQHandler               
0000069f  BusFault_Handler              
00001ae3  C$$EXIT                       
0000069f  CAN0_IRQHandler               
0000069f  CAN1_IRQHandler               
0000069f  COMP0_IRQHandler              
0000069f  COMP1_IRQHandler              
0000069f  COMP2_IRQHandler              
000006a1  Control_Mode1                 
0000069f  DES0_IRQHandler               
20000254  Data_xy_err                   
0000069f  DebugMon_Handler              
0000069f  Default_Handler               
0000069f  EMAC0_IRQHandler              
0000069f  EPI0_IRQHandler               
00001ae8  F8X16                         
0000069f  FLASH_IRQHandler              
0000069f  GPIOA_IRQHandler              
0000069f  GPIOB_IRQHandler              
0000069f  GPIOC_IRQHandler              
0000069f  GPIOD_IRQHandler              
0000069f  GPIOE_IRQHandler              
0000069f  GPIOF_IRQHandler              
0000069f  GPIOG_IRQHandler              
0000069f  GPIOH_IRQHandler              
0000069f  GPIOJ_IRQHandler              
0000069f  GPIOK_IRQHandler              
0000069f  GPIOL_IRQHandler              
0000069f  GPIOM_IRQHandler              
0000069f  GPION_IRQHandler              
0000069f  GPIOP0_IRQHandler             
0000069f  GPIOP1_IRQHandler             
0000069f  GPIOP2_IRQHandler             
0000069f  GPIOP3_IRQHandler             
0000069f  GPIOP4_IRQHandler             
0000069f  GPIOP5_IRQHandler             
0000069f  GPIOP6_IRQHandler             
0000069f  GPIOP7_IRQHandler             
000016b9  GPIOPinConfigure              
00001a33  GPIOPinWrite                  
0000069f  GPIOQ0_IRQHandler             
0000069f  GPIOQ1_IRQHandler             
0000069f  GPIOQ2_IRQHandler             
0000069f  GPIOQ3_IRQHandler             
0000069f  GPIOQ4_IRQHandler             
0000069f  GPIOQ5_IRQHandler             
0000069f  GPIOQ6_IRQHandler             
0000069f  GPIOQ7_IRQHandler             
00001885  Get_Speed                     
0000069f  HIBERNATE_IRQHandler          
0000069f  HardFault_Handler             
0000069f  I2C0_IRQHandler               
0000069f  I2C1_IRQHandler               
0000069f  I2C2_IRQHandler               
0000069f  I2C3_IRQHandler               
0000069f  I2C4_IRQHandler               
0000069f  I2C5_IRQHandler               
0000069f  I2C6_IRQHandler               
0000069f  I2C7_IRQHandler               
0000069f  I2C8_IRQHandler               
0000069f  I2C9_IRQHandler               
000015d5  IIC_Start                     
00001849  IIC_Stop                      
000019b9  IIC_Wait_Ack                  
0000069f  MemManage_Handler             
0000069f  NMI_Handler                   
00001443  OLED_Clear                    
00000821  OLED_Init                     
000017c9  OLED_Set_Pos                  
00000f31  OLED_ShowChar                 
00000e51  OLED_ShowSignedNum            
00001a0f  OLED_WR_Byte                  
0000069f  PWM0_0_IRQHandler             
0000069f  PWM0_1_IRQHandler             
00000b91  PWM0_1_Init                   
0000069f  PWM0_2_IRQHandler             
0000069f  PWM0_3_IRQHandler             
0000069f  PWM0_FAULT_IRQHandler         
0000069f  PendSV_Handler                
0000069f  QEI0_IRQHandler               
00001acd  Reset_Handler                 
0000069f  SHA0_IRQHandler               
0000069f  SSI0_IRQHandler               
0000069f  SSI1_IRQHandler               
0000069f  SSI2_IRQHandler               
0000069f  SSI3_IRQHandler               
0000069f  SVC_Handler                   
0000069f  SYSCTL_IRQHandler             
0000069f  SYSEXC_IRQHandler             
20000200  Servo_PID_x                   
20000224  Servo_PID_y                   
00001349  Set_PWM_Value_Angle           
00000209  SysCtlClockFreqSet            
00001ad9  SysCtlDelay                   
00001809  SysCtlPeripheralEnable        
000016fd  SysCtlPeripheralReady         
0000069f  SysTick_Handler               
2000024c  SystemCoreClock               
00001a55  SystemInit                    
0000069f  TAMPER0_IRQHandler            
00000c85  TIM01_Init                    
00001579  TIMER0A_IRQHandler            
00001579  TIMER0A_IRQHandler            
0000069f  TIMER0B_IRQHandler            
00001621  TIMER1A_IRQHandler            
00001621  TIMER1A_IRQHandler            
0000069f  TIMER1B_IRQHandler            
0000069f  TIMER2A_IRQHandler            
0000069f  TIMER2B_IRQHandler            
0000069f  TIMER3A_IRQHandler            
0000069f  TIMER3B_IRQHandler            
0000069f  TIMER4A_IRQHandler            
0000069f  TIMER4B_IRQHandler            
0000069f  TIMER5A_IRQHandler            
0000069f  TIMER5B_IRQHandler            
0000069f  TIMER6A_IRQHandler            
0000069f  TIMER6B_IRQHandler            
0000069f  TIMER7A_IRQHandler            
0000069f  TIMER7B_IRQHandler            
000019e5  TimerPrescaleSet              
00001a75  TimerValueGet                 
0000069f  UART0_IRQHandler              
0000069f  UART1_IRQHandler              
00000d71  UART2_IRQHandler              
00000d71  UART2_IRQHandler              
0000069f  UART3_IRQHandler              
0000069f  UART4_IRQHandler              
0000069f  UART5_IRQHandler              
00001001  UART6_IRQHandler              
00001001  UART6_IRQHandler              
00001181  UART6_Init                    
0000069f  UART7_IRQHandler              
0000069f  UDMAERR_IRQHandler            
0000069f  UDMA_IRQHandler               
0000069f  USB0_IRQHandler               
0000069f  UsageFault_Handler            
0000069f  WATCHDOG_IRQHandler           
000010d1  Write_IIC_Byte                
00001929  Write_IIC_Command             
00001959  Write_IIC_Data                
20000200  __STACK_END                   
00000200  __STACK_SIZE                  
20000200  __STACK_TOP                   
00002350  __TI_CINIT_Base               
00002360  __TI_CINIT_Limit              
0000233c  __TI_Handler_Table_Base       
00002348  __TI_Handler_Table_Limit      
00001785  __TI_auto_init_nobinit_nopinit
000014ad  __TI_decompress_lzss          
00001abf  __TI_decompress_none          
ffffffff  __TI_pprof_out_hndl           
ffffffff  __TI_prof_data_size           
ffffffff  __TI_prof_data_start          
00000000  __TI_static_base__            
00001a91  __TI_zero_init_nomemset       
000013d5  __aeabi_d2f                   
000004f3  __aeabi_dadd                  
0000095d  __aeabi_ddiv                  
00000a93  __aeabi_dmul                  
000004e9  __aeabi_dsub                  
000018bd  __aeabi_f2d                   
0000121d  __aeabi_memcpy                
0000121d  __aeabi_memcpy4               
0000121d  __aeabi_memcpy8               
ffffffff  __binit__                     
ffffffff  __c_args__                    
UNDEFED   __mpu_init                    
20000000  __stack                       
20000000  __start___llvm_prf_cnts       
20000000  __stop___llvm_prf_cnts        
000018f5  _c_int00_noargs               
UNDEFED   _system_post_cinit            
00001adf  _system_pre_init              
00001ae3  abort                         
20000252  bgetConvStatus                
ffffffff  binit                         
20000264  g_ui32SysClock                
00000000  interruptVectors              
0000166d  main                          
0000121d  memcpy                        
00001989  oled_pow                      
20000248  some                          
2000026c  speed1                        
2000026e  speed2                        
2000025c  srcBuffer                     
20000268  systemClock                   


GLOBAL SYMBOLS: SORTED BY Symbol Address 

address   name                          
-------   ----                          
00000000  __TI_static_base__            
00000000  interruptVectors              
00000200  __STACK_SIZE                  
00000209  SysCtlClockFreqSet            
000004e9  __aeabi_dsub                  
000004f3  __aeabi_dadd                  
0000069f  ADC0SS0_IRQHandler            
0000069f  ADC0SS1_IRQHandler            
0000069f  ADC0SS3_IRQHandler            
0000069f  ADC1SS0_IRQHandler            
0000069f  ADC1SS1_IRQHandler            
0000069f  ADC1SS2_IRQHandler            
0000069f  ADC1SS3_IRQHandler            
0000069f  AES0_IRQHandler               
0000069f  BusFault_Handler              
0000069f  CAN0_IRQHandler               
0000069f  CAN1_IRQHandler               
0000069f  COMP0_IRQHandler              
0000069f  COMP1_IRQHandler              
0000069f  COMP2_IRQHandler              
0000069f  DES0_IRQHandler               
0000069f  DebugMon_Handler              
0000069f  Default_Handler               
0000069f  EMAC0_IRQHandler              
0000069f  EPI0_IRQHandler               
0000069f  FLASH_IRQHandler              
0000069f  GPIOA_IRQHandler              
0000069f  GPIOB_IRQHandler              
0000069f  GPIOC_IRQHandler              
0000069f  GPIOD_IRQHandler              
0000069f  GPIOE_IRQHandler              
0000069f  GPIOF_IRQHandler              
0000069f  GPIOG_IRQHandler              
0000069f  GPIOH_IRQHandler              
0000069f  GPIOJ_IRQHandler              
0000069f  GPIOK_IRQHandler              
0000069f  GPIOL_IRQHandler              
0000069f  GPIOM_IRQHandler              
0000069f  GPION_IRQHandler              
0000069f  GPIOP0_IRQHandler             
0000069f  GPIOP1_IRQHandler             
0000069f  GPIOP2_IRQHandler             
0000069f  GPIOP3_IRQHandler             
0000069f  GPIOP4_IRQHandler             
0000069f  GPIOP5_IRQHandler             
0000069f  GPIOP6_IRQHandler             
0000069f  GPIOP7_IRQHandler             
0000069f  GPIOQ0_IRQHandler             
0000069f  GPIOQ1_IRQHandler             
0000069f  GPIOQ2_IRQHandler             
0000069f  GPIOQ3_IRQHandler             
0000069f  GPIOQ4_IRQHandler             
0000069f  GPIOQ5_IRQHandler             
0000069f  GPIOQ6_IRQHandler             
0000069f  GPIOQ7_IRQHandler             
0000069f  HIBERNATE_IRQHandler          
0000069f  HardFault_Handler             
0000069f  I2C0_IRQHandler               
0000069f  I2C1_IRQHandler               
0000069f  I2C2_IRQHandler               
0000069f  I2C3_IRQHandler               
0000069f  I2C4_IRQHandler               
0000069f  I2C5_IRQHandler               
0000069f  I2C6_IRQHandler               
0000069f  I2C7_IRQHandler               
0000069f  I2C8_IRQHandler               
0000069f  I2C9_IRQHandler               
0000069f  MemManage_Handler             
0000069f  NMI_Handler                   
0000069f  PWM0_0_IRQHandler             
0000069f  PWM0_1_IRQHandler             
0000069f  PWM0_2_IRQHandler             
0000069f  PWM0_3_IRQHandler             
0000069f  PWM0_FAULT_IRQHandler         
0000069f  PendSV_Handler                
0000069f  QEI0_IRQHandler               
0000069f  SHA0_IRQHandler               
0000069f  SSI0_IRQHandler               
0000069f  SSI1_IRQHandler               
0000069f  SSI2_IRQHandler               
0000069f  SSI3_IRQHandler               
0000069f  SVC_Handler                   
0000069f  SYSCTL_IRQHandler             
0000069f  SYSEXC_IRQHandler             
0000069f  SysTick_Handler               
0000069f  TAMPER0_IRQHandler            
0000069f  TIMER0B_IRQHandler            
0000069f  TIMER1B_IRQHandler            
0000069f  TIMER2A_IRQHandler            
0000069f  TIMER2B_IRQHandler            
0000069f  TIMER3A_IRQHandler            
0000069f  TIMER3B_IRQHandler            
0000069f  TIMER4A_IRQHandler            
0000069f  TIMER4B_IRQHandler            
0000069f  TIMER5A_IRQHandler            
0000069f  TIMER5B_IRQHandler            
0000069f  TIMER6A_IRQHandler            
0000069f  TIMER6B_IRQHandler            
0000069f  TIMER7A_IRQHandler            
0000069f  TIMER7B_IRQHandler            
0000069f  UART0_IRQHandler              
0000069f  UART1_IRQHandler              
0000069f  UART3_IRQHandler              
0000069f  UART4_IRQHandler              
0000069f  UART5_IRQHandler              
0000069f  UART7_IRQHandler              
0000069f  UDMAERR_IRQHandler            
0000069f  UDMA_IRQHandler               
0000069f  USB0_IRQHandler               
0000069f  UsageFault_Handler            
0000069f  WATCHDOG_IRQHandler           
000006a1  Control_Mode1                 
00000821  OLED_Init                     
0000095d  __aeabi_ddiv                  
00000a93  __aeabi_dmul                  
00000b91  PWM0_1_Init                   
00000c85  TIM01_Init                    
00000d71  UART2_IRQHandler              
00000d71  UART2_IRQHandler              
00000e51  OLED_ShowSignedNum            
00000f31  OLED_ShowChar                 
00001001  UART6_IRQHandler              
00001001  UART6_IRQHandler              
000010d1  Write_IIC_Byte                
00001181  UART6_Init                    
0000121d  __aeabi_memcpy                
0000121d  __aeabi_memcpy4               
0000121d  __aeabi_memcpy8               
0000121d  memcpy                        
00001349  Set_PWM_Value_Angle           
000013d5  __aeabi_d2f                   
00001443  OLED_Clear                    
000014ad  __TI_decompress_lzss          
00001515  ADC0SS2_IRQHandler            
00001515  ADC0SS2_IRQHandler            
00001579  TIMER0A_IRQHandler            
00001579  TIMER0A_IRQHandler            
000015d5  IIC_Start                     
00001621  TIMER1A_IRQHandler            
00001621  TIMER1A_IRQHandler            
0000166d  main                          
000016b9  GPIOPinConfigure              
000016fd  SysCtlPeripheralReady         
00001785  __TI_auto_init_nobinit_nopinit
000017c9  OLED_Set_Pos                  
00001809  SysCtlPeripheralEnable        
00001849  IIC_Stop                      
00001885  Get_Speed                     
000018bd  __aeabi_f2d                   
000018f5  _c_int00_noargs               
00001929  Write_IIC_Command             
00001959  Write_IIC_Data                
00001989  oled_pow                      
000019b9  IIC_Wait_Ack                  
000019e5  TimerPrescaleSet              
00001a0f  OLED_WR_Byte                  
00001a33  GPIOPinWrite                  
00001a55  SystemInit                    
00001a75  TimerValueGet                 
00001a91  __TI_zero_init_nomemset       
00001aad  ADCIntClearEx                 
00001abf  __TI_decompress_none          
00001acd  Reset_Handler                 
00001ad9  SysCtlDelay                   
00001adf  _system_pre_init              
00001ae3  C$$EXIT                       
00001ae3  abort                         
00001ae8  F8X16                         
0000233c  __TI_Handler_Table_Base       
00002348  __TI_Handler_Table_Limit      
00002350  __TI_CINIT_Base               
00002360  __TI_CINIT_Limit              
20000000  __stack                       
20000000  __start___llvm_prf_cnts       
20000000  __stop___llvm_prf_cnts        
20000200  Servo_PID_x                   
20000200  __STACK_END                   
20000200  __STACK_TOP                   
20000224  Servo_PID_y                   
20000248  some                          
2000024c  SystemCoreClock               
20000252  bgetConvStatus                
20000254  Data_xy_err                   
2000025c  srcBuffer                     
20000264  g_ui32SysClock                
20000268  systemClock                   
2000026c  speed1                        
2000026e  speed2                        
ffffffff  __TI_pprof_out_hndl           
ffffffff  __TI_prof_data_size           
ffffffff  __TI_prof_data_start          
ffffffff  __binit__                     
ffffffff  __c_args__                    
ffffffff  binit                         
UNDEFED   __mpu_init                    
UNDEFED   _system_post_cinit            

[196 symbols]
