******************************************************************************
                  TI ARM Linker PC v20.2.7                     
******************************************************************************
>> Linked Sun Jul 30 16:15:03 2023

OUTPUT FILE NAME:   <AAA_car.out>
ENTRY POINT SYMBOL: "_c_int00_noargs"  address: 00001e2d


MEMORY CONFIGURATION

         name            origin    length      used     unused   attr    fill
----------------------  --------  ---------  --------  --------  ----  --------
  FLASH                 00000000   00100000  0000284e  000fd7b2  R  X
  SRAM                  20000000   00040000  00000638  0003f9c8  RW X


SEGMENT ALLOCATION MAP

run origin  load origin   length   init length attrs members
----------  ----------- ---------- ----------- ----- -------
00000000    00000000    00002850   00002850    r-x
  00000000    00000000    00000208   00000208    r-- .intvecs
  00000208    00000208    00001e0e   00001e0e    r-x .text
  00002018    00002018    00000800   00000800    r-- .const
  00002818    00002818    00000038   00000038    r-- .cinit
20000000    20000000    0000063a   00000000    rw-
  20000000    20000000    00000416   00000000    rw- .bss
  20000418    20000418    00000200   00000000    rw- .stack
  20000618    20000618    00000022   00000000    rw- .data


SECTION ALLOCATION MAP

 output                                  attributes/
section   page    origin      length       input sections
--------  ----  ----------  ----------   ----------------
.intvecs   0    00000000    00000208     
                  00000000    00000208     startup_msp432e401y_ccs.obj (.intvecs:retain)

.text      0    00000208    00001e0e     
                  00000208    000002e0     msp432e4_driverlib.a : sysctl.o (.text:SysCtlClockFreqSet)
                  000004e8    00000220     ADC.obj (.text:ADC_Configuration)
                  00000708    000001b6     rtsv7M4_T_le_v4SPD16_eabi.lib : fd_add_t2.asm.obj (.text)
                  000008be    00000002     startup_msp432e401y_ccs.obj (.text:Default_Handler)
                  000008c0    0000013c     OLED.obj (.text:OLED_Init)
                  000009fc    00000136     rtsv7M4_T_le_v4SPD16_eabi.lib : fd_div_t2.asm.obj (.text)
                  00000b32    00000002     --HOLE-- [fill = 0]
                  00000b34    00000104     Encoder.obj (.text:Encode_Init)
                  00000c38    000000fc     rtsv7M4_T_le_v4SPD16_eabi.lib : fd_mul_t2.asm.obj (.text)
                  00000d34    000000f4     Sevor.obj (.text:PWM0_1_Init)
                  00000e28    000000ee     msp432e4_driverlib.a : adc.o (.text:ADCSequenceStepConfigure)
                  00000f16    00000002     --HOLE-- [fill = 0]
                  00000f18    000000ec     Timer.obj (.text:TIM01_Init)
                  00001004    000000e4     DCMotor.obj (.text:PWM2_3_Init)
                  000010e8    000000e0     _UART.obj (.text:UART2_IRQHandler)
                  000011c8    000000d0     OLED.obj (.text:OLED_ShowChar)
                  00001298    000000c0     main.obj (.text:UART6_IRQHandler)
                  00001358    000000b0     OLED.obj (.text:Write_IIC_Byte)
                  00001408    0000009c     rtsv7M4_T_le_v4SPD16_eabi.lib : memcpy_t2.asm.obj (.text)
                  000014a4    00000090     main.obj (.text:TIMER0A_IRQHandler)
                  00001534    00000090     msp432e4_driverlib.a : sysctl.o (.text:_SysCtlFrequencyGet)
                  000015c4    0000008c     Sevor.obj (.text:Set_PWM_Value_Angle)
                  00001650    00000086     rtsv7M4_T_le_v4SPD16_eabi.lib : fd_cmp_t2.asm.obj (.text:__aeabi_cdrcmple)
                  000016d6    0000007a                                   : memset_t2.asm.obj (.text)
                  00001750    00000074     main.obj (.text:main)
                  000017c4    00000070     Key.obj (.text:Key_Init)
                  00001834    0000006e     rtsv7M4_T_le_v4SPD16_eabi.lib : fd_tos_t2.asm.obj (.text)
                  000018a2    0000006a     OLED.obj (.text:OLED_Clear)
                  0000190c    00000068     DCMotor.obj (.text:Out_GPIO_Init)
                  00001974    00000068     rtsv7M4_T_le_v4SPD16_eabi.lib : copy_decompress_lzss.c.obj (.text:decompress:lzss:__TI_decompress_lzss)
                  000019dc    00000064     ADC.obj (.text:ADC0SS2_IRQHandler)
                  00001a40    00000064     Motor_Con.obj (.text:Control_Mode1)
                  00001aa4    00000060     msp432e4_driverlib.a : timer.o (.text:TimerControlTrigger)
                  00001b04    0000004c     OLED.obj (.text:IIC_Start)
                  00001b50    0000004c     DCMotor.obj (.text:Set_PWM_Value)
                  00001b9c    0000004c     main.obj (.text:TIMER1A_IRQHandler)
                  00001be8    0000004c     main.obj (.text:xianfu)
                  00001c34    00000044     msp432e4_driverlib.a : sysctl.o (.text:SysCtlPeripheralReady)
                  00001c78    00000044                          : sysctl.o (.text:_SysCtlMemTimingGet)
                  00001cbc    00000044     rtsv7M4_T_le_v4SPD16_eabi.lib : autoinit.c.obj (.text:__TI_auto_init_nobinit_nopinit:__TI_auto_init_nobinit_nopinit)
                  00001d00    00000040     OLED.obj (.text:OLED_Set_Pos)
                  00001d40    00000040     msp432e4_driverlib.a : sysctl.o (.text:SysCtlPeripheralEnable)
                  00001d80    0000003c     OLED.obj (.text:IIC_Stop)
                  00001dbc    00000038     Encoder.obj (.text:Get_Speed)
                  00001df4    00000038     rtsv7M4_T_le_v4SPD16_eabi.lib : fs_tod_t2.asm.obj (.text)
                  00001e2c    00000034                                   : boot_cortex_m.c.obj (.text:_c_int00_noargs:_c_int00_noargs)
                  00001e60    00000030     OLED.obj (.text:Write_IIC_Command)
                  00001e90    00000030     OLED.obj (.text:Write_IIC_Data)
                  00001ec0    0000002c     OLED.obj (.text:IIC_Wait_Ack)
                  00001eec    0000002a     msp432e4_driverlib.a : timer.o (.text:TimerPrescaleSet)
                  00001f16    00000024     OLED.obj (.text:OLED_WR_Byte)
                  00001f3a    00000020     msp432e4_driverlib.a : gpio.o (.text:GPIOPinWrite)
                  00001f5a    00000002     --HOLE-- [fill = 0]
                  00001f5c    00000020     system_msp432e401y.obj (.text:SystemInit)
                  00001f7c    0000001c     msp432e4_driverlib.a : timer.o (.text:TimerValueGet)
                  00001f98    0000001c     DCMotor.obj (.text:corotation_1)
                  00001fb4    0000001c     DCMotor.obj (.text:corotation_2)
                  00001fd0    00000012     msp432e4_driverlib.a : adc.o (.text:ADCIntClearEx)
                  00001fe2    0000000e     rtsv7M4_T_le_v4SPD16_eabi.lib : copy_decompress_none.c.obj (.text:decompress:none:__TI_decompress_none)
                  00001ff0    0000000c     startup_msp432e401y_ccs.obj (.text:Reset_Handler)
                  00001ffc    0000000c     rtsv7M4_T_le_v4SPD16_eabi.lib : copy_zero_init.c.obj (.text:decompress:ZI:__TI_zero_init)
                  00002008    00000006     msp432e4_driverlib.a : sysctl.o (.text:SysCtlDelay)
                  0000200e    00000004     rtsv7M4_T_le_v4SPD16_eabi.lib : pre_init.c.obj (.text:_system_pre_init)
                  00002012    00000004                                   : exit.c.obj (.text:abort:abort)

.const     0    00002018    00000800     
                  00002018    000005f0     OLED.obj (.const:.string:F8X16)
                  00002608    000001b0     msp432e4_driverlib.a : sysctl.o (.const:g_pppui32XTALtoVCO)
                  000027b8    00000030                          : sysctl.o (.const:g_sXTALtoMEMTIM)
                  000027e8    00000028                          : sysctl.o (.const:g_pui32Xtals)
                  00002810    00000008                          : sysctl.o (.const:g_pui32VCOFrequencies)

.cinit     0    00002818    00000038     
                  00002818    00000011     (.cinit..data.load) [load image, compression = lzss]
                  00002829    00000003     --HOLE-- [fill = 0]
                  0000282c    0000000c     (__TI_handler_table)
                  00002838    00000008     (.cinit..bss.load) [load image, compression = zero_init]
                  00002840    00000010     (__TI_cinit_table)

.init_array 
*          0    00000000    00000000     UNINITIALIZED

.bss       0    20000000    00000416     UNINITIALIZED
                  20000000    00000400     (.common:pui8ControlTable)
                  20000400    00000008     (.common:srcBuffer)
                  20000408    00000004     (.common:g_ui32SysClock)
                  2000040c    00000004     (.common:systemClock)
                  20000410    00000002     (.common:err)
                  20000412    00000002     (.common:speed1)
                  20000414    00000002     (.common:speed2)

.data      0    20000618    00000022     UNINITIALIZED
                  20000618    00000018     main.obj (.data:Gra_PID)
                  20000630    00000004     system_msp432e401y.obj (.data)
                  20000634    00000003     main.obj (.data)
                  20000637    00000002     _UART.obj (.data)
                  20000639    00000001     ADC.obj (.data)

.stack     0    20000418    00000200     UNINITIALIZED
                  20000418    00000004     rtsv7M4_T_le_v4SPD16_eabi.lib : boot_cortex_m.c.obj (.stack)
                  2000041c    000001fc     --HOLE--

__llvm_prf_cnts 
*          0    20000000    00000000     UNINITIALIZED

MODULE SUMMARY

       Module                        code   ro data   rw data
       ------                        ----   -------   -------
    .\
       main.obj                      604    0         41     
       system_msp432e401y.obj        32     0         4      
    +--+-----------------------------+------+---------+---------+
       Total:                        636    0         45     
                                                             
    .\Hardware\
       OLED.obj                      1182   1520      0      
       ADC.obj                       644    0         1033   
       DCMotor.obj                   464    0         0      
       Sevor.obj                     384    0         0      
       Encoder.obj                   316    0         0      
       _UART.obj                     224    0         2      
       Key.obj                       112    0         0      
    +--+-----------------------------+------+---------+---------+
       Total:                        3326   1520      1035   
                                                             
    .\System\
       Timer.obj                     236    0         0      
       Motor_Con.obj                 100    0         0      
    +--+-----------------------------+------+---------+---------+
       Total:                        336    0         0      
                                                             
    .\ccs\
       startup_msp432e401y_ccs.obj   14     520       0      
    +--+-----------------------------+------+---------+---------+
       Total:                        14     520       0      
                                                             
    D:/TI/simplelink_msp432e4_sdk_3_40_01_02/source/ti/devices/msp432e4/driverlib/lib/ccs/m4f/msp432e4_driverlib.a
       sysctl.o                      1086   528       0      
       adc.o                         256    0         0      
       timer.o                       166    0         0      
       gpio.o                        32     0         0      
    +--+-----------------------------+------+---------+---------+
       Total:                        1540   528       0      
                                                             
    D:\ti_IDE\ccs\tools\compiler\ti-cgt-arm_20.2.7.LTS\lib\rtsv7M4_T_le_v4SPD16_eabi.lib
       fd_add_t2.asm.obj             438    0         0      
       fd_div_t2.asm.obj             310    0         0      
       fd_mul_t2.asm.obj             252    0         0      
       memcpy_t2.asm.obj             156    0         0      
       fd_cmp_t2.asm.obj             134    0         0      
       memset_t2.asm.obj             122    0         0      
       fd_tos_t2.asm.obj             110    0         0      
       copy_decompress_lzss.c.obj    104    0         0      
       autoinit.c.obj                68     0         0      
       fs_tod_t2.asm.obj             56     0         0      
       boot_cortex_m.c.obj           52     0         0      
       copy_decompress_none.c.obj    14     0         0      
       copy_zero_init.c.obj          12     0         0      
       exit.c.obj                    4      0         0      
       pre_init.c.obj                4      0         0      
    +--+-----------------------------+------+---------+---------+
       Total:                        1836   0         0      
                                                             
       Stack:                        0      0         512    
       Linker Generated:             0      53        0      
    +--+-----------------------------+------+---------+---------+
       Grand Total:                  7688   2621      1592   


LINKER GENERATED COPY TABLES

__TI_cinit_table @ 00002840 records: 2, size/record: 8, table size: 16
	.data: load addr=00002818, load size=00000011 bytes, run addr=20000618, run size=00000022 bytes, compression=lzss
	.bss: load addr=00002838, load size=00000008 bytes, run addr=20000000, run size=00000416 bytes, compression=zero_init


LINKER GENERATED HANDLER TABLE

__TI_handler_table @ 0000282c records: 3, size/record: 4, table size: 12
	index: 0, handler: __TI_decompress_lzss
	index: 1, handler: __TI_decompress_none
	index: 2, handler: __TI_zero_init


GLOBAL SYMBOLS: SORTED ALPHABETICALLY BY Name 

address   name                          
-------   ----                          
000008bf  ADC0SS0_IRQHandler            
000008bf  ADC0SS1_IRQHandler            
000019dd  ADC0SS2_IRQHandler            
000019dd  ADC0SS2_IRQHandler            
000008bf  ADC0SS3_IRQHandler            
000008bf  ADC1SS0_IRQHandler            
000008bf  ADC1SS1_IRQHandler            
000008bf  ADC1SS2_IRQHandler            
000008bf  ADC1SS3_IRQHandler            
00001fd1  ADCIntClearEx                 
00000e29  ADCSequenceStepConfigure      
000004e9  ADC_Configuration             
000008bf  AES0_IRQHandler               
000008bf  BusFault_Handler              
00002013  C$$EXIT                       
000008bf  CAN0_IRQHandler               
000008bf  CAN1_IRQHandler               
000008bf  COMP0_IRQHandler              
000008bf  COMP1_IRQHandler              
000008bf  COMP2_IRQHandler              
00001a41  Control_Mode1                 
000008bf  DES0_IRQHandler               
000008bf  DebugMon_Handler              
000008bf  Default_Handler               
000008bf  EMAC0_IRQHandler              
000008bf  EPI0_IRQHandler               
00000b35  Encode_Init                   
00002018  F8X16                         
000008bf  FLASH_IRQHandler              
000008bf  GPIOA_IRQHandler              
000008bf  GPIOB_IRQHandler              
000008bf  GPIOC_IRQHandler              
000008bf  GPIOD_IRQHandler              
000008bf  GPIOE_IRQHandler              
000008bf  GPIOF_IRQHandler              
000008bf  GPIOG_IRQHandler              
000008bf  GPIOH_IRQHandler              
000008bf  GPIOJ_IRQHandler              
000008bf  GPIOK_IRQHandler              
000008bf  GPIOL_IRQHandler              
000008bf  GPIOM_IRQHandler              
000008bf  GPION_IRQHandler              
000008bf  GPIOP0_IRQHandler             
000008bf  GPIOP1_IRQHandler             
000008bf  GPIOP2_IRQHandler             
000008bf  GPIOP3_IRQHandler             
000008bf  GPIOP4_IRQHandler             
000008bf  GPIOP5_IRQHandler             
000008bf  GPIOP6_IRQHandler             
000008bf  GPIOP7_IRQHandler             
00001f3b  GPIOPinWrite                  
000008bf  GPIOQ0_IRQHandler             
000008bf  GPIOQ1_IRQHandler             
000008bf  GPIOQ2_IRQHandler             
000008bf  GPIOQ3_IRQHandler             
000008bf  GPIOQ4_IRQHandler             
000008bf  GPIOQ5_IRQHandler             
000008bf  GPIOQ6_IRQHandler             
000008bf  GPIOQ7_IRQHandler             
00001dbd  Get_Speed                     
20000618  Gra_PID                       
000008bf  HIBERNATE_IRQHandler          
000008bf  HardFault_Handler             
000008bf  I2C0_IRQHandler               
000008bf  I2C1_IRQHandler               
000008bf  I2C2_IRQHandler               
000008bf  I2C3_IRQHandler               
000008bf  I2C4_IRQHandler               
000008bf  I2C5_IRQHandler               
000008bf  I2C6_IRQHandler               
000008bf  I2C7_IRQHandler               
000008bf  I2C8_IRQHandler               
000008bf  I2C9_IRQHandler               
00001b05  IIC_Start                     
00001d81  IIC_Stop                      
00001ec1  IIC_Wait_Ack                  
000017c5  Key_Init                      
20000634  Key_Num                       
000008bf  MemManage_Handler             
000008bf  NMI_Handler                   
000018a3  OLED_Clear                    
000008c1  OLED_Init                     
00001d01  OLED_Set_Pos                  
000011c9  OLED_ShowChar                 
00001f17  OLED_WR_Byte                  
0000190d  Out_GPIO_Init                 
000008bf  PWM0_0_IRQHandler             
000008bf  PWM0_1_IRQHandler             
00000d35  PWM0_1_Init                   
000008bf  PWM0_2_IRQHandler             
000008bf  PWM0_3_IRQHandler             
000008bf  PWM0_FAULT_IRQHandler         
00001005  PWM2_3_Init                   
000008bf  PendSV_Handler                
000008bf  QEI0_IRQHandler               
00001ff1  Reset_Handler                 
000008bf  SHA0_IRQHandler               
000008bf  SSI0_IRQHandler               
000008bf  SSI1_IRQHandler               
000008bf  SSI2_IRQHandler               
000008bf  SSI3_IRQHandler               
000008bf  SVC_Handler                   
000008bf  SYSCTL_IRQHandler             
000008bf  SYSEXC_IRQHandler             
00001b51  Set_PWM_Value                 
000015c5  Set_PWM_Value_Angle           
00000209  SysCtlClockFreqSet            
00002009  SysCtlDelay                   
00001d41  SysCtlPeripheralEnable        
00001c35  SysCtlPeripheralReady         
000008bf  SysTick_Handler               
20000630  SystemCoreClock               
00001f5d  SystemInit                    
000008bf  TAMPER0_IRQHandler            
00000f19  TIM01_Init                    
000014a5  TIMER0A_IRQHandler            
000014a5  TIMER0A_IRQHandler            
000008bf  TIMER0B_IRQHandler            
00001b9d  TIMER1A_IRQHandler            
00001b9d  TIMER1A_IRQHandler            
000008bf  TIMER1B_IRQHandler            
000008bf  TIMER2A_IRQHandler            
000008bf  TIMER2B_IRQHandler            
000008bf  TIMER3A_IRQHandler            
000008bf  TIMER3B_IRQHandler            
000008bf  TIMER4A_IRQHandler            
000008bf  TIMER4B_IRQHandler            
000008bf  TIMER5A_IRQHandler            
000008bf  TIMER5B_IRQHandler            
000008bf  TIMER6A_IRQHandler            
000008bf  TIMER6B_IRQHandler            
000008bf  TIMER7A_IRQHandler            
000008bf  TIMER7B_IRQHandler            
00001aa5  TimerControlTrigger           
00001eed  TimerPrescaleSet              
00001f7d  TimerValueGet                 
000008bf  UART0_IRQHandler              
000008bf  UART1_IRQHandler              
000010e9  UART2_IRQHandler              
000010e9  UART2_IRQHandler              
000008bf  UART3_IRQHandler              
000008bf  UART4_IRQHandler              
000008bf  UART5_IRQHandler              
00001299  UART6_IRQHandler              
00001299  UART6_IRQHandler              
000008bf  UART7_IRQHandler              
000008bf  UDMAERR_IRQHandler            
000008bf  UDMA_IRQHandler               
000008bf  USB0_IRQHandler               
000008bf  UsageFault_Handler            
000008bf  WATCHDOG_IRQHandler           
00001359  Write_IIC_Byte                
00001e61  Write_IIC_Command             
00001e91  Write_IIC_Data                
20000618  __STACK_END                   
00000200  __STACK_SIZE                  
20000618  __STACK_TOP                   
00002840  __TI_CINIT_Base               
00002850  __TI_CINIT_Limit              
0000282c  __TI_Handler_Table_Base       
00002838  __TI_Handler_Table_Limit      
00001cbd  __TI_auto_init_nobinit_nopinit
00001975  __TI_decompress_lzss          
00001fe3  __TI_decompress_none          
ffffffff  __TI_pprof_out_hndl           
ffffffff  __TI_prof_data_size           
ffffffff  __TI_prof_data_start          
00000000  __TI_static_base__            
00001ffd  __TI_zero_init                
00001651  __aeabi_cdrcmple              
00001835  __aeabi_d2f                   
00000713  __aeabi_dadd                  
000009fd  __aeabi_ddiv                  
00000c39  __aeabi_dmul                  
00000709  __aeabi_dsub                  
00001df5  __aeabi_f2d                   
000016d7  __aeabi_memclr                
000016d7  __aeabi_memclr4               
000016d7  __aeabi_memclr8               
00001409  __aeabi_memcpy                
00001409  __aeabi_memcpy4               
00001409  __aeabi_memcpy8               
000016d9  __aeabi_memset                
000016d9  __aeabi_memset4               
000016d9  __aeabi_memset8               
ffffffff  __binit__                     
ffffffff  __c_args__                    
UNDEFED   __mpu_init                    
20000418  __stack                       
20000000  __start___llvm_prf_cnts       
20000000  __stop___llvm_prf_cnts        
00001e2d  _c_int00_noargs               
UNDEFED   _system_post_cinit            
0000200f  _system_pre_init              
00002013  abort                         
20000639  bgetConvStatus                
ffffffff  binit                         
00001f99  corotation_1                  
00001fb5  corotation_2                  
20000410  err                           
20000408  g_ui32SysClock                
00000000  interruptVectors              
00001751  main                          
00001409  memcpy                        
000016df  memset                        
20000000  pui8ControlTable              
20000412  speed1                        
20000414  speed2                        
20000400  srcBuffer                     
2000040c  systemClock                   
00001be9  xianfu                        


GLOBAL SYMBOLS: SORTED BY Symbol Address 

address   name                          
-------   ----                          
00000000  __TI_static_base__            
00000000  interruptVectors              
00000200  __STACK_SIZE                  
00000209  SysCtlClockFreqSet            
000004e9  ADC_Configuration             
00000709  __aeabi_dsub                  
00000713  __aeabi_dadd                  
000008bf  ADC0SS0_IRQHandler            
000008bf  ADC0SS1_IRQHandler            
000008bf  ADC0SS3_IRQHandler            
000008bf  ADC1SS0_IRQHandler            
000008bf  ADC1SS1_IRQHandler            
000008bf  ADC1SS2_IRQHandler            
000008bf  ADC1SS3_IRQHandler            
000008bf  AES0_IRQHandler               
000008bf  BusFault_Handler              
000008bf  CAN0_IRQHandler               
000008bf  CAN1_IRQHandler               
000008bf  COMP0_IRQHandler              
000008bf  COMP1_IRQHandler              
000008bf  COMP2_IRQHandler              
000008bf  DES0_IRQHandler               
000008bf  DebugMon_Handler              
000008bf  Default_Handler               
000008bf  EMAC0_IRQHandler              
000008bf  EPI0_IRQHandler               
000008bf  FLASH_IRQHandler              
000008bf  GPIOA_IRQHandler              
000008bf  GPIOB_IRQHandler              
000008bf  GPIOC_IRQHandler              
000008bf  GPIOD_IRQHandler              
000008bf  GPIOE_IRQHandler              
000008bf  GPIOF_IRQHandler              
000008bf  GPIOG_IRQHandler              
000008bf  GPIOH_IRQHandler              
000008bf  GPIOJ_IRQHandler              
000008bf  GPIOK_IRQHandler              
000008bf  GPIOL_IRQHandler              
000008bf  GPIOM_IRQHandler              
000008bf  GPION_IRQHandler              
000008bf  GPIOP0_IRQHandler             
000008bf  GPIOP1_IRQHandler             
000008bf  GPIOP2_IRQHandler             
000008bf  GPIOP3_IRQHandler             
000008bf  GPIOP4_IRQHandler             
000008bf  GPIOP5_IRQHandler             
000008bf  GPIOP6_IRQHandler             
000008bf  GPIOP7_IRQHandler             
000008bf  GPIOQ0_IRQHandler             
000008bf  GPIOQ1_IRQHandler             
000008bf  GPIOQ2_IRQHandler             
000008bf  GPIOQ3_IRQHandler             
000008bf  GPIOQ4_IRQHandler             
000008bf  GPIOQ5_IRQHandler             
000008bf  GPIOQ6_IRQHandler             
000008bf  GPIOQ7_IRQHandler             
000008bf  HIBERNATE_IRQHandler          
000008bf  HardFault_Handler             
000008bf  I2C0_IRQHandler               
000008bf  I2C1_IRQHandler               
000008bf  I2C2_IRQHandler               
000008bf  I2C3_IRQHandler               
000008bf  I2C4_IRQHandler               
000008bf  I2C5_IRQHandler               
000008bf  I2C6_IRQHandler               
000008bf  I2C7_IRQHandler               
000008bf  I2C8_IRQHandler               
000008bf  I2C9_IRQHandler               
000008bf  MemManage_Handler             
000008bf  NMI_Handler                   
000008bf  PWM0_0_IRQHandler             
000008bf  PWM0_1_IRQHandler             
000008bf  PWM0_2_IRQHandler             
000008bf  PWM0_3_IRQHandler             
000008bf  PWM0_FAULT_IRQHandler         
000008bf  PendSV_Handler                
000008bf  QEI0_IRQHandler               
000008bf  SHA0_IRQHandler               
000008bf  SSI0_IRQHandler               
000008bf  SSI1_IRQHandler               
000008bf  SSI2_IRQHandler               
000008bf  SSI3_IRQHandler               
000008bf  SVC_Handler                   
000008bf  SYSCTL_IRQHandler             
000008bf  SYSEXC_IRQHandler             
000008bf  SysTick_Handler               
000008bf  TAMPER0_IRQHandler            
000008bf  TIMER0B_IRQHandler            
000008bf  TIMER1B_IRQHandler            
000008bf  TIMER2A_IRQHandler            
000008bf  TIMER2B_IRQHandler            
000008bf  TIMER3A_IRQHandler            
000008bf  TIMER3B_IRQHandler            
000008bf  TIMER4A_IRQHandler            
000008bf  TIMER4B_IRQHandler            
000008bf  TIMER5A_IRQHandler            
000008bf  TIMER5B_IRQHandler            
000008bf  TIMER6A_IRQHandler            
000008bf  TIMER6B_IRQHandler            
000008bf  TIMER7A_IRQHandler            
000008bf  TIMER7B_IRQHandler            
000008bf  UART0_IRQHandler              
000008bf  UART1_IRQHandler              
000008bf  UART3_IRQHandler              
000008bf  UART4_IRQHandler              
000008bf  UART5_IRQHandler              
000008bf  UART7_IRQHandler              
000008bf  UDMAERR_IRQHandler            
000008bf  UDMA_IRQHandler               
000008bf  USB0_IRQHandler               
000008bf  UsageFault_Handler            
000008bf  WATCHDOG_IRQHandler           
000008c1  OLED_Init                     
000009fd  __aeabi_ddiv                  
00000b35  Encode_Init                   
00000c39  __aeabi_dmul                  
00000d35  PWM0_1_Init                   
00000e29  ADCSequenceStepConfigure      
00000f19  TIM01_Init                    
00001005  PWM2_3_Init                   
000010e9  UART2_IRQHandler              
000010e9  UART2_IRQHandler              
000011c9  OLED_ShowChar                 
00001299  UART6_IRQHandler              
00001299  UART6_IRQHandler              
00001359  Write_IIC_Byte                
00001409  __aeabi_memcpy                
00001409  __aeabi_memcpy4               
00001409  __aeabi_memcpy8               
00001409  memcpy                        
000014a5  TIMER0A_IRQHandler            
000014a5  TIMER0A_IRQHandler            
000015c5  Set_PWM_Value_Angle           
00001651  __aeabi_cdrcmple              
000016d7  __aeabi_memclr                
000016d7  __aeabi_memclr4               
000016d7  __aeabi_memclr8               
000016d9  __aeabi_memset                
000016d9  __aeabi_memset4               
000016d9  __aeabi_memset8               
000016df  memset                        
00001751  main                          
000017c5  Key_Init                      
00001835  __aeabi_d2f                   
000018a3  OLED_Clear                    
0000190d  Out_GPIO_Init                 
00001975  __TI_decompress_lzss          
000019dd  ADC0SS2_IRQHandler            
000019dd  ADC0SS2_IRQHandler            
00001a41  Control_Mode1                 
00001aa5  TimerControlTrigger           
00001b05  IIC_Start                     
00001b51  Set_PWM_Value                 
00001b9d  TIMER1A_IRQHandler            
00001b9d  TIMER1A_IRQHandler            
00001be9  xianfu                        
00001c35  SysCtlPeripheralReady         
00001cbd  __TI_auto_init_nobinit_nopinit
00001d01  OLED_Set_Pos                  
00001d41  SysCtlPeripheralEnable        
00001d81  IIC_Stop                      
00001dbd  Get_Speed                     
00001df5  __aeabi_f2d                   
00001e2d  _c_int00_noargs               
00001e61  Write_IIC_Command             
00001e91  Write_IIC_Data                
00001ec1  IIC_Wait_Ack                  
00001eed  TimerPrescaleSet              
00001f17  OLED_WR_Byte                  
00001f3b  GPIOPinWrite                  
00001f5d  SystemInit                    
00001f7d  TimerValueGet                 
00001f99  corotation_1                  
00001fb5  corotation_2                  
00001fd1  ADCIntClearEx                 
00001fe3  __TI_decompress_none          
00001ff1  Reset_Handler                 
00001ffd  __TI_zero_init                
00002009  SysCtlDelay                   
0000200f  _system_pre_init              
00002013  C$$EXIT                       
00002013  abort                         
00002018  F8X16                         
0000282c  __TI_Handler_Table_Base       
00002838  __TI_Handler_Table_Limit      
00002840  __TI_CINIT_Base               
00002850  __TI_CINIT_Limit              
20000000  __start___llvm_prf_cnts       
20000000  __stop___llvm_prf_cnts        
20000000  pui8ControlTable              
20000400  srcBuffer                     
20000408  g_ui32SysClock                
2000040c  systemClock                   
20000410  err                           
20000412  speed1                        
20000414  speed2                        
20000418  __stack                       
20000618  Gra_PID                       
20000618  __STACK_END                   
20000618  __STACK_TOP                   
20000630  SystemCoreClock               
20000634  Key_Num                       
20000639  bgetConvStatus                
ffffffff  __TI_pprof_out_hndl           
ffffffff  __TI_prof_data_size           
ffffffff  __TI_prof_data_start          
ffffffff  __binit__                     
ffffffff  __c_args__                    
ffffffff  binit                         
UNDEFED   __mpu_init                    
UNDEFED   _system_post_cinit            

[211 symbols]
