******************************************************************************
                  TI ARM Linker PC v20.2.7                     
******************************************************************************
>> Linked Fri Jul 28 16:18:52 2023

OUTPUT FILE NAME:   <ADC(official).out>
ENTRY POINT SYMBOL: "_c_int00_noargs"  address: 000010b9


MEMORY CONFIGURATION

         name            origin    length      used     unused   attr    fill
----------------------  --------  ---------  --------  --------  ----  --------
  FLASH                 00000000   00100000  00001a7c  000fe584  R  X
  SRAM                  20000000   00040000  00000611  0003f9ef  RW X


SEGMENT ALLOCATION MAP

run origin  load origin   length   init length attrs members
----------  ----------- ---------- ----------- ----- -------
00000000    00000000    00001a80   00001a80    r-x
  00000000    00000000    00000208   00000208    r-- .intvecs
  00000208    00000208    00001044   00001044    r-x .text
  0000124c    0000124c    00000800   00000800    r-- .const
  00001a50    00001a50    00000030   00000030    r-- .cinit
20000000    20000000    00000615   00000000    rw-
  20000000    20000000    0000040c   00000000    rw- .bss
  20000410    20000410    00000200   00000000    rw- .stack
  20000610    20000610    00000005   00000000    rw- .data


SECTION ALLOCATION MAP

 output                                  attributes/
section   page    origin      length       input sections
--------  ----  ----------  ----------   ----------------
.intvecs   0    00000000    00000208     
                  00000000    00000208     startup_msp432e401y_ccs.obj (.intvecs:retain)

.text      0    00000208    00001044     
                  00000208    000002e0     msp432e4_driverlib.a : sysctl.o (.text:SysCtlClockFreqSet)
                  000004e8    00000220     ADC.obj (.text:ADC_Configuration)
                  00000708    0000013c     OLED.obj (.text:OLED_Init)
                  00000844    000000ee     msp432e4_driverlib.a : adc.o (.text:ADCSequenceStepConfigure)
                  00000932    00000002     startup_msp432e401y_ccs.obj (.text:Default_Handler)
                  00000934    000000d0     OLED.obj (.text:OLED_ShowChar)
                  00000a04    000000b0     OLED.obj (.text:Write_IIC_Byte)
                  00000ab4    000000aa     OLED.obj (.text:OLED_ShowNum)
                  00000b5e    0000009c     rtsv7M4_T_le_v4SPD16_eabi.lib : memcpy_t2.asm.obj (.text)
                  00000bfa    00000002     --HOLE-- [fill = 0]
                  00000bfc    00000090     msp432e4_driverlib.a : sysctl.o (.text:_SysCtlFrequencyGet)
                  00000c8c    0000007a     rtsv7M4_T_le_v4SPD16_eabi.lib : memset_t2.asm.obj (.text)
                  00000d06    0000006a     OLED.obj (.text:OLED_Clear)
                  00000d70    00000068     rtsv7M4_T_le_v4SPD16_eabi.lib : copy_decompress_lzss.c.obj (.text:decompress:lzss:__TI_decompress_lzss)
                  00000dd8    00000064     ADC.obj (.text:ADC0SS2_IRQHandler)
                  00000e3c    00000060     msp432e4_driverlib.a : timer.o (.text:TimerControlTrigger)
                  00000e9c    0000004c     OLED.obj (.text:IIC_Start)
                  00000ee8    00000048     main.obj (.text:main)
                  00000f30    00000044     msp432e4_driverlib.a : sysctl.o (.text:SysCtlPeripheralReady)
                  00000f74    00000044                          : sysctl.o (.text:_SysCtlMemTimingGet)
                  00000fb8    00000044     rtsv7M4_T_le_v4SPD16_eabi.lib : autoinit.c.obj (.text:__TI_auto_init_nobinit_nopinit:__TI_auto_init_nobinit_nopinit)
                  00000ffc    00000040     OLED.obj (.text:OLED_Set_Pos)
                  0000103c    00000040     msp432e4_driverlib.a : sysctl.o (.text:SysCtlPeripheralEnable)
                  0000107c    0000003c     OLED.obj (.text:IIC_Stop)
                  000010b8    00000034     rtsv7M4_T_le_v4SPD16_eabi.lib : boot_cortex_m.c.obj (.text:_c_int00_noargs:_c_int00_noargs)
                  000010ec    00000030     OLED.obj (.text:Write_IIC_Command)
                  0000111c    00000030     OLED.obj (.text:Write_IIC_Data)
                  0000114c    00000030     OLED.obj (.text:oled_pow)
                  0000117c    0000002c     OLED.obj (.text:IIC_Wait_Ack)
                  000011a8    00000024     OLED.obj (.text:OLED_WR_Byte)
                  000011cc    00000020     msp432e4_driverlib.a : gpio.o (.text:GPIOPinWrite)
                  000011ec    00000020     system_msp432e401y.obj (.text:SystemInit)
                  0000120c    00000012     msp432e4_driverlib.a : adc.o (.text:ADCIntClearEx)
                  0000121e    0000000e     rtsv7M4_T_le_v4SPD16_eabi.lib : copy_decompress_none.c.obj (.text:decompress:none:__TI_decompress_none)
                  0000122c    0000000c     startup_msp432e401y_ccs.obj (.text:Reset_Handler)
                  00001238    0000000c     rtsv7M4_T_le_v4SPD16_eabi.lib : copy_zero_init.c.obj (.text:decompress:ZI:__TI_zero_init)
                  00001244    00000004                                   : pre_init.c.obj (.text:_system_pre_init)
                  00001248    00000004                                   : exit.c.obj (.text:abort:abort)

.const     0    0000124c    00000800     
                  0000124c    000005f0     OLED.obj (.const:.string:F8X16)
                  0000183c    000001b0     msp432e4_driverlib.a : sysctl.o (.const:g_pppui32XTALtoVCO)
                  000019ec    00000030                          : sysctl.o (.const:g_sXTALtoMEMTIM)
                  00001a1c    00000028                          : sysctl.o (.const:g_pui32Xtals)
                  00001a44    00000008                          : sysctl.o (.const:g_pui32VCOFrequencies)

.cinit     0    00001a50    00000030     
                  00001a50    0000000c     (__TI_handler_table)
                  00001a5c    00000009     (.cinit..data.load) [load image, compression = lzss]
                  00001a65    00000003     --HOLE-- [fill = 0]
                  00001a68    00000008     (.cinit..bss.load) [load image, compression = zero_init]
                  00001a70    00000010     (__TI_cinit_table)

.init_array 
*          0    00000000    00000000     UNINITIALIZED

.bss       0    20000000    0000040c     UNINITIALIZED
                  20000000    00000400     (.common:pui8ControlTable)
                  20000400    00000008     (.common:srcBuffer)
                  20000408    00000004     (.common:systemClock)

.data      0    20000610    00000005     UNINITIALIZED
                  20000610    00000004     system_msp432e401y.obj (.data)
                  20000614    00000001     ADC.obj (.data)

.stack     0    20000410    00000200     UNINITIALIZED
                  20000410    00000004     rtsv7M4_T_le_v4SPD16_eabi.lib : boot_cortex_m.c.obj (.stack)
                  20000414    000001fc     --HOLE--

__llvm_prf_cnts 
*          0    20000000    00000000     UNINITIALIZED

MODULE SUMMARY

       Module                        code   ro data   rw data
       ------                        ----   -------   -------
    .\
       main.obj                      72     0         4      
       system_msp432e401y.obj        32     0         4      
    +--+-----------------------------+------+---------+---------+
       Total:                        104    0         8      
                                                             
    .\Hardware\
       OLED.obj                      1400   1520      0      
       ADC.obj                       644    0         1033   
    +--+-----------------------------+------+---------+---------+
       Total:                        2044   1520      1033   
                                                             
    .\ccs\
       startup_msp432e401y_ccs.obj   14     520       0      
    +--+-----------------------------+------+---------+---------+
       Total:                        14     520       0      
                                                             
    D:/TI/simplelink_msp432e4_sdk_3_40_01_02/source/ti/devices/msp432e4/driverlib/lib/ccs/m4f/msp432e4_driverlib.a
       sysctl.o                      1080   528       0      
       adc.o                         256    0         0      
       timer.o                       96     0         0      
       gpio.o                        32     0         0      
    +--+-----------------------------+------+---------+---------+
       Total:                        1464   528       0      
                                                             
    D:\ti_IDE\ccs\tools\compiler\ti-cgt-arm_20.2.7.LTS\lib\rtsv7M4_T_le_v4SPD16_eabi.lib
       memcpy_t2.asm.obj             156    0         0      
       memset_t2.asm.obj             122    0         0      
       copy_decompress_lzss.c.obj    104    0         0      
       autoinit.c.obj                68     0         0      
       boot_cortex_m.c.obj           52     0         0      
       copy_decompress_none.c.obj    14     0         0      
       copy_zero_init.c.obj          12     0         0      
       exit.c.obj                    4      0         0      
       pre_init.c.obj                4      0         0      
    +--+-----------------------------+------+---------+---------+
       Total:                        536    0         0      
                                                             
       Stack:                        0      0         512    
       Linker Generated:             0      45        0      
    +--+-----------------------------+------+---------+---------+
       Grand Total:                  4162   2613      1553   


LINKER GENERATED COPY TABLES

__TI_cinit_table @ 00001a70 records: 2, size/record: 8, table size: 16
	.data: load addr=00001a5c, load size=00000009 bytes, run addr=20000610, run size=00000005 bytes, compression=lzss
	.bss: load addr=00001a68, load size=00000008 bytes, run addr=20000000, run size=0000040c bytes, compression=zero_init


LINKER GENERATED HANDLER TABLE

__TI_handler_table @ 00001a50 records: 3, size/record: 4, table size: 12
	index: 0, handler: __TI_decompress_lzss
	index: 1, handler: __TI_decompress_none
	index: 2, handler: __TI_zero_init


GLOBAL SYMBOLS: SORTED ALPHABETICALLY BY Name 

address   name                          
-------   ----                          
00000933  ADC0SS0_IRQHandler            
00000933  ADC0SS1_IRQHandler            
00000dd9  ADC0SS2_IRQHandler            
00000dd9  ADC0SS2_IRQHandler            
00000933  ADC0SS3_IRQHandler            
00000933  ADC1SS0_IRQHandler            
00000933  ADC1SS1_IRQHandler            
00000933  ADC1SS2_IRQHandler            
00000933  ADC1SS3_IRQHandler            
0000120d  ADCIntClearEx                 
00000845  ADCSequenceStepConfigure      
000004e9  ADC_Configuration             
00000933  AES0_IRQHandler               
00000933  BusFault_Handler              
00001249  C$$EXIT                       
00000933  CAN0_IRQHandler               
00000933  CAN1_IRQHandler               
00000933  COMP0_IRQHandler              
00000933  COMP1_IRQHandler              
00000933  COMP2_IRQHandler              
00000933  DES0_IRQHandler               
00000933  DebugMon_Handler              
00000933  Default_Handler               
00000933  EMAC0_IRQHandler              
00000933  EPI0_IRQHandler               
0000124c  F8X16                         
00000933  FLASH_IRQHandler              
00000933  GPIOA_IRQHandler              
00000933  GPIOB_IRQHandler              
00000933  GPIOC_IRQHandler              
00000933  GPIOD_IRQHandler              
00000933  GPIOE_IRQHandler              
00000933  GPIOF_IRQHandler              
00000933  GPIOG_IRQHandler              
00000933  GPIOH_IRQHandler              
00000933  GPIOJ_IRQHandler              
00000933  GPIOK_IRQHandler              
00000933  GPIOL_IRQHandler              
00000933  GPIOM_IRQHandler              
00000933  GPION_IRQHandler              
00000933  GPIOP0_IRQHandler             
00000933  GPIOP1_IRQHandler             
00000933  GPIOP2_IRQHandler             
00000933  GPIOP3_IRQHandler             
00000933  GPIOP4_IRQHandler             
00000933  GPIOP5_IRQHandler             
00000933  GPIOP6_IRQHandler             
00000933  GPIOP7_IRQHandler             
000011cd  GPIOPinWrite                  
00000933  GPIOQ0_IRQHandler             
00000933  GPIOQ1_IRQHandler             
00000933  GPIOQ2_IRQHandler             
00000933  GPIOQ3_IRQHandler             
00000933  GPIOQ4_IRQHandler             
00000933  GPIOQ5_IRQHandler             
00000933  GPIOQ6_IRQHandler             
00000933  GPIOQ7_IRQHandler             
00000933  HIBERNATE_IRQHandler          
00000933  HardFault_Handler             
00000933  I2C0_IRQHandler               
00000933  I2C1_IRQHandler               
00000933  I2C2_IRQHandler               
00000933  I2C3_IRQHandler               
00000933  I2C4_IRQHandler               
00000933  I2C5_IRQHandler               
00000933  I2C6_IRQHandler               
00000933  I2C7_IRQHandler               
00000933  I2C8_IRQHandler               
00000933  I2C9_IRQHandler               
00000e9d  IIC_Start                     
0000107d  IIC_Stop                      
0000117d  IIC_Wait_Ack                  
00000933  MemManage_Handler             
00000933  NMI_Handler                   
00000d07  OLED_Clear                    
00000709  OLED_Init                     
00000ffd  OLED_Set_Pos                  
00000935  OLED_ShowChar                 
00000ab5  OLED_ShowNum                  
000011a9  OLED_WR_Byte                  
00000933  PWM0_0_IRQHandler             
00000933  PWM0_1_IRQHandler             
00000933  PWM0_2_IRQHandler             
00000933  PWM0_3_IRQHandler             
00000933  PWM0_FAULT_IRQHandler         
00000933  PendSV_Handler                
00000933  QEI0_IRQHandler               
0000122d  Reset_Handler                 
00000933  SHA0_IRQHandler               
00000933  SSI0_IRQHandler               
00000933  SSI1_IRQHandler               
00000933  SSI2_IRQHandler               
00000933  SSI3_IRQHandler               
00000933  SVC_Handler                   
00000933  SYSCTL_IRQHandler             
00000933  SYSEXC_IRQHandler             
00000209  SysCtlClockFreqSet            
0000103d  SysCtlPeripheralEnable        
00000f31  SysCtlPeripheralReady         
00000933  SysTick_Handler               
20000610  SystemCoreClock               
000011ed  SystemInit                    
00000933  TAMPER0_IRQHandler            
00000933  TIMER0A_IRQHandler            
00000933  TIMER0B_IRQHandler            
00000933  TIMER1A_IRQHandler            
00000933  TIMER1B_IRQHandler            
00000933  TIMER2A_IRQHandler            
00000933  TIMER2B_IRQHandler            
00000933  TIMER3A_IRQHandler            
00000933  TIMER3B_IRQHandler            
00000933  TIMER4A_IRQHandler            
00000933  TIMER4B_IRQHandler            
00000933  TIMER5A_IRQHandler            
00000933  TIMER5B_IRQHandler            
00000933  TIMER6A_IRQHandler            
00000933  TIMER6B_IRQHandler            
00000933  TIMER7A_IRQHandler            
00000933  TIMER7B_IRQHandler            
00000e3d  TimerControlTrigger           
00000933  UART0_IRQHandler              
00000933  UART1_IRQHandler              
00000933  UART2_IRQHandler              
00000933  UART3_IRQHandler              
00000933  UART4_IRQHandler              
00000933  UART5_IRQHandler              
00000933  UART6_IRQHandler              
00000933  UART7_IRQHandler              
00000933  UDMAERR_IRQHandler            
00000933  UDMA_IRQHandler               
00000933  USB0_IRQHandler               
00000933  UsageFault_Handler            
00000933  WATCHDOG_IRQHandler           
00000a05  Write_IIC_Byte                
000010ed  Write_IIC_Command             
0000111d  Write_IIC_Data                
20000610  __STACK_END                   
00000200  __STACK_SIZE                  
20000610  __STACK_TOP                   
00001a70  __TI_CINIT_Base               
00001a80  __TI_CINIT_Limit              
00001a50  __TI_Handler_Table_Base       
00001a5c  __TI_Handler_Table_Limit      
00000fb9  __TI_auto_init_nobinit_nopinit
00000d71  __TI_decompress_lzss          
0000121f  __TI_decompress_none          
ffffffff  __TI_pprof_out_hndl           
ffffffff  __TI_prof_data_size           
ffffffff  __TI_prof_data_start          
00000000  __TI_static_base__            
00001239  __TI_zero_init                
00000c8d  __aeabi_memclr                
00000c8d  __aeabi_memclr4               
00000c8d  __aeabi_memclr8               
00000b5f  __aeabi_memcpy                
00000b5f  __aeabi_memcpy4               
00000b5f  __aeabi_memcpy8               
00000c8f  __aeabi_memset                
00000c8f  __aeabi_memset4               
00000c8f  __aeabi_memset8               
ffffffff  __binit__                     
ffffffff  __c_args__                    
UNDEFED   __mpu_init                    
20000410  __stack                       
20000000  __start___llvm_prf_cnts       
20000000  __stop___llvm_prf_cnts        
000010b9  _c_int00_noargs               
UNDEFED   _system_post_cinit            
00001245  _system_pre_init              
00001249  abort                         
20000614  bgetConvStatus                
ffffffff  binit                         
00000000  interruptVectors              
00000ee9  main                          
00000b5f  memcpy                        
00000c95  memset                        
0000114d  oled_pow                      
20000000  pui8ControlTable              
20000400  srcBuffer                     
20000408  systemClock                   


GLOBAL SYMBOLS: SORTED BY Symbol Address 

address   name                          
-------   ----                          
00000000  __TI_static_base__            
00000000  interruptVectors              
00000200  __STACK_SIZE                  
00000209  SysCtlClockFreqSet            
000004e9  ADC_Configuration             
00000709  OLED_Init                     
00000845  ADCSequenceStepConfigure      
00000933  ADC0SS0_IRQHandler            
00000933  ADC0SS1_IRQHandler            
00000933  ADC0SS3_IRQHandler            
00000933  ADC1SS0_IRQHandler            
00000933  ADC1SS1_IRQHandler            
00000933  ADC1SS2_IRQHandler            
00000933  ADC1SS3_IRQHandler            
00000933  AES0_IRQHandler               
00000933  BusFault_Handler              
00000933  CAN0_IRQHandler               
00000933  CAN1_IRQHandler               
00000933  COMP0_IRQHandler              
00000933  COMP1_IRQHandler              
00000933  COMP2_IRQHandler              
00000933  DES0_IRQHandler               
00000933  DebugMon_Handler              
00000933  Default_Handler               
00000933  EMAC0_IRQHandler              
00000933  EPI0_IRQHandler               
00000933  FLASH_IRQHandler              
00000933  GPIOA_IRQHandler              
00000933  GPIOB_IRQHandler              
00000933  GPIOC_IRQHandler              
00000933  GPIOD_IRQHandler              
00000933  GPIOE_IRQHandler              
00000933  GPIOF_IRQHandler              
00000933  GPIOG_IRQHandler              
00000933  GPIOH_IRQHandler              
00000933  GPIOJ_IRQHandler              
00000933  GPIOK_IRQHandler              
00000933  GPIOL_IRQHandler              
00000933  GPIOM_IRQHandler              
00000933  GPION_IRQHandler              
00000933  GPIOP0_IRQHandler             
00000933  GPIOP1_IRQHandler             
00000933  GPIOP2_IRQHandler             
00000933  GPIOP3_IRQHandler             
00000933  GPIOP4_IRQHandler             
00000933  GPIOP5_IRQHandler             
00000933  GPIOP6_IRQHandler             
00000933  GPIOP7_IRQHandler             
00000933  GPIOQ0_IRQHandler             
00000933  GPIOQ1_IRQHandler             
00000933  GPIOQ2_IRQHandler             
00000933  GPIOQ3_IRQHandler             
00000933  GPIOQ4_IRQHandler             
00000933  GPIOQ5_IRQHandler             
00000933  GPIOQ6_IRQHandler             
00000933  GPIOQ7_IRQHandler             
00000933  HIBERNATE_IRQHandler          
00000933  HardFault_Handler             
00000933  I2C0_IRQHandler               
00000933  I2C1_IRQHandler               
00000933  I2C2_IRQHandler               
00000933  I2C3_IRQHandler               
00000933  I2C4_IRQHandler               
00000933  I2C5_IRQHandler               
00000933  I2C6_IRQHandler               
00000933  I2C7_IRQHandler               
00000933  I2C8_IRQHandler               
00000933  I2C9_IRQHandler               
00000933  MemManage_Handler             
00000933  NMI_Handler                   
00000933  PWM0_0_IRQHandler             
00000933  PWM0_1_IRQHandler             
00000933  PWM0_2_IRQHandler             
00000933  PWM0_3_IRQHandler             
00000933  PWM0_FAULT_IRQHandler         
00000933  PendSV_Handler                
00000933  QEI0_IRQHandler               
00000933  SHA0_IRQHandler               
00000933  SSI0_IRQHandler               
00000933  SSI1_IRQHandler               
00000933  SSI2_IRQHandler               
00000933  SSI3_IRQHandler               
00000933  SVC_Handler                   
00000933  SYSCTL_IRQHandler             
00000933  SYSEXC_IRQHandler             
00000933  SysTick_Handler               
00000933  TAMPER0_IRQHandler            
00000933  TIMER0A_IRQHandler            
00000933  TIMER0B_IRQHandler            
00000933  TIMER1A_IRQHandler            
00000933  TIMER1B_IRQHandler            
00000933  TIMER2A_IRQHandler            
00000933  TIMER2B_IRQHandler            
00000933  TIMER3A_IRQHandler            
00000933  TIMER3B_IRQHandler            
00000933  TIMER4A_IRQHandler            
00000933  TIMER4B_IRQHandler            
00000933  TIMER5A_IRQHandler            
00000933  TIMER5B_IRQHandler            
00000933  TIMER6A_IRQHandler            
00000933  TIMER6B_IRQHandler            
00000933  TIMER7A_IRQHandler            
00000933  TIMER7B_IRQHandler            
00000933  UART0_IRQHandler              
00000933  UART1_IRQHandler              
00000933  UART2_IRQHandler              
00000933  UART3_IRQHandler              
00000933  UART4_IRQHandler              
00000933  UART5_IRQHandler              
00000933  UART6_IRQHandler              
00000933  UART7_IRQHandler              
00000933  UDMAERR_IRQHandler            
00000933  UDMA_IRQHandler               
00000933  USB0_IRQHandler               
00000933  UsageFault_Handler            
00000933  WATCHDOG_IRQHandler           
00000935  OLED_ShowChar                 
00000a05  Write_IIC_Byte                
00000ab5  OLED_ShowNum                  
00000b5f  __aeabi_memcpy                
00000b5f  __aeabi_memcpy4               
00000b5f  __aeabi_memcpy8               
00000b5f  memcpy                        
00000c8d  __aeabi_memclr                
00000c8d  __aeabi_memclr4               
00000c8d  __aeabi_memclr8               
00000c8f  __aeabi_memset                
00000c8f  __aeabi_memset4               
00000c8f  __aeabi_memset8               
00000c95  memset                        
00000d07  OLED_Clear                    
00000d71  __TI_decompress_lzss          
00000dd9  ADC0SS2_IRQHandler            
00000dd9  ADC0SS2_IRQHandler            
00000e3d  TimerControlTrigger           
00000e9d  IIC_Start                     
00000ee9  main                          
00000f31  SysCtlPeripheralReady         
00000fb9  __TI_auto_init_nobinit_nopinit
00000ffd  OLED_Set_Pos                  
0000103d  SysCtlPeripheralEnable        
0000107d  IIC_Stop                      
000010b9  _c_int00_noargs               
000010ed  Write_IIC_Command             
0000111d  Write_IIC_Data                
0000114d  oled_pow                      
0000117d  IIC_Wait_Ack                  
000011a9  OLED_WR_Byte                  
000011cd  GPIOPinWrite                  
000011ed  SystemInit                    
0000120d  ADCIntClearEx                 
0000121f  __TI_decompress_none          
0000122d  Reset_Handler                 
00001239  __TI_zero_init                
00001245  _system_pre_init              
00001249  C$$EXIT                       
00001249  abort                         
0000124c  F8X16                         
00001a50  __TI_Handler_Table_Base       
00001a5c  __TI_Handler_Table_Limit      
00001a70  __TI_CINIT_Base               
00001a80  __TI_CINIT_Limit              
20000000  __start___llvm_prf_cnts       
20000000  __stop___llvm_prf_cnts        
20000000  pui8ControlTable              
20000400  srcBuffer                     
20000408  systemClock                   
20000410  __stack                       
20000610  SystemCoreClock               
20000610  __STACK_END                   
20000610  __STACK_TOP                   
20000614  bgetConvStatus                
ffffffff  __TI_pprof_out_hndl           
ffffffff  __TI_prof_data_size           
ffffffff  __TI_prof_data_start          
ffffffff  __binit__                     
ffffffff  __c_args__                    
ffffffff  binit                         
UNDEFED   __mpu_init                    
UNDEFED   _system_post_cinit            

[180 symbols]
